------------------------------------------------------------------------------------------------------------------------------------
SASAZAKI IND. E COM. LTDA                        Geração de GIA em Meio Magnético                                       Página:    1
-------------------------------------------------------------------------------------------------------------- TODAY - 00:00:00


             SELEÇÃO

                                  Estabelecimento: 1
                                          Período: 07/2011

             PARÂMETROS

                                         Tipo GIA: Substitutiva
                                           Regime: RPA (Regime Periódico de Apuração)
                    Saldo Credor Período Anterior: 7.896,32
               Saldo Credor Período Anterior - ST: 5.263,85
                       ICMS Fixado para o Período: 0,00
                        Considera CFOP's Serviços: Sim

                                       Versão GIA: 0210
             IMPRESSÃO

                                          Destino: Arquivo  -  C:/automacao/relatorios/OF07
                                Arquivo Magnético: c:\tmp\G072011.prf
                                          Usuário: super






































-----------------------------------------------------------------------------DATASUL - OBRIGAÇÕES FISCAIS - OF0736RP - V:0.00.00.000
