






                                         TERMO DE ABERTURA                       
                                         ----------------------------------------





                          *********************   T E R M O   D E   A B E R T U R A                                                                           
                          ********************* MODELO  -  P 1                                                                                                
                          NUMERO  DE  ORDEM - 87 CONTEM ESTE LIVRO 500 FOLHAS NUMERADAS ELETRONICAMENTE                                                       
                          POR  PROCESSAMENTO DE DA DOS, DE 001 ( HUM )  A  500 ( QUINHENTAS ) E SERVIRA                                                       
                          PARA O LANCAMENTO DAS OPERA COES PROPRIAS DO ESTABELECIMENTO DA FIRMA SASAZAKI                                                      
                          INDUSTRIA E COMERCIO LTDA. SE DIADA A AV: EUGENIO CONEGLIAN 1060  EM MARILIA -                                                      
                          SP., INSCRITA NO CADASTRO GERAL DE CONTRIBUINTE DO MINISTERIO DA FAZENDA SOB O                                                      
                           N* 52.045.697/0001-10, INSCRITA NA SECRETARIA DA FAZENDA DO ESTADO DE SAO                                                          
                          PAULO SOB O N* 438.010.070.113 E REGIS TRADA NA JUNTA COMERCIAL DO ESTADO DE                                                        
                          SAO PAULO SOB O N* 35.207.992.516 DE 09/89                                                                                          
                            MARILIA-SP,01 DE JANEIRO DE 2000.  ___________________________________                                                            
                                    _________________________ EDUARDO TADAIASSU TERAOKA - DIRETOR                                                             
                                   AKIRA IVASAKI  -  CONTADOR      RG N* 3.542.664 - SSP/SP                                                                   
                                     CPF N* 223.100.619-72                                                                                                    



































-----------------------------------------------------------------------------DATASUL - OBRIGAÇÕES FISCAIS - OF0702RP - V:0.00.00.000
                   REGISTRO DE CONTROLE DA PRODUÇÃO E DO ESTOQUE                                    CÓDIGOS DE ENTRADAS E SAÍDAS
FIRMA: Estabelecimento TOTVS - Ñ ALTERAR CONTAS                                                    1 - No Próprio Estabelecimento
INSCR. EST.: 255721161             CNPJ   : 53.113.791/0017-90
FOLHA:      0001                   MÊS OU PERÍODO/ANO:   5 /  2011                                 2 - Em Outro Estabelecimento
                                                                                                   3 - Diversos

*---------DOCUMENTO-------* *-------------LANÇAMENTO-------------* *------------------------ENTRADAS E SAÍDAS----------------------*
ESP SÉRIE NÚMERO      DATA DIA        CODIFICAÇÃO       E/S    COD        QUANTIDADE             VALOR           IPI    ESTOQUE OBS.
        SUB-                      CONTÁBIL       FISCAL
        SÉRIE

PRODUTO: 13F             DESCRIÇÃO:  ITEM CONTROLE TOTA UNIDADE:  KG CLAS.FISCAL:  7308.30.00    ESTOQUE ANT:              100,000
PRODUTO: 21.22.101-5     DESCRIÇÃO:  JVCSG-100X120X12-6 UNIDADE:  pc CLAS.FISCAL:  7308.30.00    ESTOQUE ANT:               74,000
PRODUTO: 21.22.102-3     DESCRIÇÃO:  JVCSG-100X150X12-6 UNIDADE:  pc CLAS.FISCAL:  7308.30.00    ESTOQUE ANT:               21,000
PRODUTO: 21.22.103-1     DESCRIÇÃO:  JVCSG-100X200X12-6 UNIDADE:  pc CLAS.FISCAL:  7308.30.00    ESTOQUE ANT:               29,000
PRODUTO: 21.22.112-0     DESCRIÇÃO:  JVCSG-120X150X12-6 UNIDADE:  pc CLAS.FISCAL:  7308.30.00    ESTOQUE ANT:               90,000
PRODUTO: 21.22.113-9     DESCRIÇÃO:  JVCSG-120X200X12-6 UNIDADE:  pc CLAS.FISCAL:  7308.30.00    ESTOQUE ANT:               25,000
PRODUTO: 21.22.201-1     DESCRIÇÃO:  JVCGE-100X120X12-6 UNIDADE:  pc CLAS.FISCAL:  7308.30.00    ESTOQUE ANT:              164,000
PRODUTO: 21.22.202-0     DESCRIÇÃO:  JVCGE-100X150X12-6 UNIDADE:  pc CLAS.FISCAL:  7308.30.00    ESTOQUE ANT:              332,000
PRODUTO: 21.22.203-8     DESCRIÇÃO:  JVCGE-100X200X12-6 UNIDADE:  pc CLAS.FISCAL:  7308.30.00    ESTOQUE ANT:               48,000
PRODUTO: 21.22.212-7     DESCRIÇÃO:  JVCGE-120X150X12-6 UNIDADE:  pc CLAS.FISCAL:  7308.30.00    ESTOQUE ANT:              102,000
PRODUTO: 21.22.213-5     DESCRIÇÃO:  JVCGE-120X200X12-6 UNIDADE:  pc CLAS.FISCAL:  7308.30.00    ESTOQUE ANT:               44,000
PRODUTO: 21.22.401-4     DESCRIÇÃO:  JVCGQ-100X120X12-6 UNIDADE:  pc CLAS.FISCAL:  7308.30.00    ESTOQUE ANT:               50,000
PRODUTO: 21.22.402-2     DESCRIÇÃO:  JVCGQ-100X150X12-6 UNIDADE:  pc CLAS.FISCAL:  7308.30.00    ESTOQUE ANT:              174,000
PRODUTO: 21.22.403-0     DESCRIÇÃO:  JVCGQ-100X200X12-6 UNIDADE:  pc CLAS.FISCAL:  7308.30.00    ESTOQUE ANT:               55,000
PRODUTO: 21.22.412-0     DESCRIÇÃO:  JVCGQ-120X150X12-6 UNIDADE:  pc CLAS.FISCAL:  7308.30.00    ESTOQUE ANT:               38,000
PRODUTO: 21.22.413-8     DESCRIÇÃO:  JVCGQ-120X200X12-6 UNIDADE:  pc CLAS.FISCAL:  7308.30.00    ESTOQUE ANT:               22,000
PRODUTO: 21.32.101-0     DESCRIÇÃO:  JVSG-100X120X12-3  UNIDADE:  pc CLAS.FISCAL:  7308.30.00    ESTOQUE ANT:               24,000
PRODUTO: 21.32.102-8     DESCRIÇÃO:  JVSG-100X120X12-3  UNIDADE:  pc CLAS.FISCAL:  7308.30.00    ESTOQUE ANT:               75,000
PRODUTO: 21.32.103-6     DESCRIÇÃO:  JVSG-100X150X12-3  UNIDADE:  pc CLAS.FISCAL:  7308.30.00    ESTOQUE ANT:               17,000
PRODUTO: 21.32.104-4     DESCRIÇÃO:  JVSG-100X150X12-3  UNIDADE:  pc CLAS.FISCAL:  7308.30.00    ESTOQUE ANT:               47,000
PRODUTO: 21.32.105-2     DESCRIÇÃO:  JVSG-120X150X12-3  UNIDADE:  pc CLAS.FISCAL:  7308.30.00    ESTOQUE ANT:               25,000
PRODUTO: 21.32.106-0     DESCRIÇÃO:  JVSG-120X150X12-3  UNIDADE:  pc CLAS.FISCAL:  7308.30.00    ESTOQUE ANT:               38,000
PRODUTO: 21.32.201-6     DESCRIÇÃO:  JVGE-100X120X12-3  UNIDADE:  pc CLAS.FISCAL:  7308.30.00    ESTOQUE ANT:               57,000
PRODUTO: 21.32.202-4     DESCRIÇÃO:  JVGE-100X120X12-3  UNIDADE:  pc CLAS.FISCAL:  7308.30.00    ESTOQUE ANT:               90,000
PRODUTO: 21.32.203-2     DESCRIÇÃO:  JVGE-100X150X12-3  UNIDADE:  pc CLAS.FISCAL:  7308.30.00    ESTOQUE ANT:               33,000
PRODUTO: 21.32.204-0     DESCRIÇÃO:  JVGE-100X150X12-3  UNIDADE:  pc CLAS.FISCAL:  7308.30.00    ESTOQUE ANT:              134,000
PRODUTO: 21.32.205-9     DESCRIÇÃO:  JVGE-120X150X12-3  UNIDADE:  pc CLAS.FISCAL:  7308.30.00    ESTOQUE ANT:               44,000
PRODUTO: 21.32.206-7     DESCRIÇÃO:  JVGE-120X150X12-3  UNIDADE:  pc CLAS.FISCAL:  7308.30.00    ESTOQUE ANT:               59,000
PRODUTO: 21.32.401-9     DESCRIÇÃO:  JVGQ-100X120X12-3  UNIDADE:  pc CLAS.FISCAL:  7308.30.00    ESTOQUE ANT:               66,000
PRODUTO: 21.32.402-7     DESCRIÇÃO:  JVGQ-100X120X12-3  UNIDADE:  pc CLAS.FISCAL:  7308.30.00    ESTOQUE ANT:               65,000
PRODUTO: 21.32.403-5     DESCRIÇÃO:  JVGQ-100X150X12-3  UNIDADE:  pc CLAS.FISCAL:  7308.30.00    ESTOQUE ANT:               34,000
PRODUTO: 21.32.404-3     DESCRIÇÃO:  JVGQ-100X150X12-3  UNIDADE:  pc CLAS.FISCAL:  7308.30.00    ESTOQUE ANT:               98,000
PRODUTO: 21.32.405-1     DESCRIÇÃO:  JVGQ-120X150X12-3  UNIDADE:  pc CLAS.FISCAL:  7308.30.00    ESTOQUE ANT:               38,000
PRODUTO: 21.32.406-0     DESCRIÇÃO:  JVGQ-120X150X12-3  UNIDADE:  pc CLAS.FISCAL:  7308.30.00    ESTOQUE ANT:               39,000
PRODUTO: 22.12.101-4     DESCRIÇÃO:  JCSSSG100X120X12-4 UNIDADE:  pc CLAS.FISCAL:  7308.30.00    ESTOQUE ANT:               64,000
PRODUTO: 22.12.102-2     DESCRIÇÃO:  JCSSSG100X150X12-4 UNIDADE:  pc CLAS.FISCAL:  7308.30.00    ESTOQUE ANT:               75,000
PRODUTO: 22.12.103-0     DESCRIÇÃO:  JCSSSG100X200X12-4 UNIDADE:  pc CLAS.FISCAL:  7308.30.00    ESTOQUE ANT:               50,000
PRODUTO: 22.12.111-1     DESCRIÇÃO:  JCSSSG120X120X12-4 UNIDADE:  pc CLAS.FISCAL:  7308.30.00    ESTOQUE ANT:               21,000
PRODUTO: 22.12.112-0     DESCRIÇÃO:  JCSSSG120X150X12-4 UNIDADE:  pc CLAS.FISCAL:  7308.30.00    ESTOQUE ANT:               56,000
PRODUTO: 22.12.113-8     DESCRIÇÃO:  JCSSSG120X200X12-4 UNIDADE:  pc CLAS.FISCAL:  7308.30.00    ESTOQUE ANT:               48,000
PRODUTO: 22.12.201-0     DESCRIÇÃO:  JCSSGEI-100X120X12 UNIDADE:  pc CLAS.FISCAL:  7308.30.00    ESTOQUE ANT:              127,000
PRODUTO: 22.12.202-9     DESCRIÇÃO:  JCSSGEI-100X150X12 UNIDADE:  pc CLAS.FISCAL:  7308.30.00    ESTOQUE ANT:              221,000
PRODUTO: 22.12.203-7     DESCRIÇÃO:  JCSSGEI-100X200X12 UNIDADE:  pc CLAS.FISCAL:  7308.30.00    ESTOQUE ANT:              115,000
PRODUTO: 22.12.211-8     DESCRIÇÃO:  JCSSGEI-120X120X12 UNIDADE:  pc CLAS.FISCAL:  7308.30.00    ESTOQUE ANT:               13,000
PRODUTO: 22.12.212-6     DESCRIÇÃO:  JCSSGEI-120X150X12 UNIDADE:  pc CLAS.FISCAL:  7308.30.00    ESTOQUE ANT:               87,000
PRODUTO: 22.12.213-4     DESCRIÇÃO:  JCSSGEI-120X200X12 UNIDADE:  pc CLAS.FISCAL:  7308.30.00    ESTOQUE ANT:               55,000
PRODUTO: 22.12.501-0     DESCRIÇÃO:  JCSSGQI-100X120X12 UNIDADE:  pc CLAS.FISCAL:  7308.30.00    ESTOQUE ANT:              123,000
PRODUTO: 22.12.502-8     DESCRIÇÃO:  JCSSGQI-100X150X12 UNIDADE:  pc CLAS.FISCAL:  7308.30.00    ESTOQUE ANT:              171,000
PRODUTO: 22.12.503-6     DESCRIÇÃO:  JCSSGQI-100X200X12 UNIDADE:  pc CLAS.FISCAL:  7308.30.00    ESTOQUE ANT:               82,000
PRODUTO: 22.12.511-7     DESCRIÇÃO:  JCSSGQI-120X120X12 UNIDADE:  pc CLAS.FISCAL:  7308.30.00    ESTOQUE ANT:                6,000


-----------------------------------------------------------------------------DATASUL - OBRIGAÇÕES FISCAIS - OF0702RP - V:0.00.00.000
                   REGISTRO DE CONTROLE DA PRODUÇÃO E DO ESTOQUE                                    CÓDIGOS DE ENTRADAS E SAÍDAS
FIRMA: Estabelecimento TOTVS - Ñ ALTERAR CONTAS                                                    1 - No Próprio Estabelecimento
INSCR. EST.: 255721161             CNPJ   : 53.113.791/0017-90
FOLHA:      0002                   MÊS OU PERÍODO/ANO:   5 /  2011                                 2 - Em Outro Estabelecimento
                                                                                                   3 - Diversos

*---------DOCUMENTO-------* *-------------LANÇAMENTO-------------* *------------------------ENTRADAS E SAÍDAS----------------------*
ESP SÉRIE NÚMERO      DATA DIA        CODIFICAÇÃO       E/S    COD        QUANTIDADE             VALOR           IPI    ESTOQUE OBS.
        SUB-                      CONTÁBIL       FISCAL
        SÉRIE

PRODUTO: 22.12.512-5     DESCRIÇÃO:  JCSSGQI-120X150X12 UNIDADE:  pc CLAS.FISCAL:  7308.30.00    ESTOQUE ANT:               51,000
PRODUTO: 22.12.513-3     DESCRIÇÃO:  JCSSGQI-120X200X12 UNIDADE:  pc CLAS.FISCAL:  7308.30.00    ESTOQUE ANT:               13,000
PRODUTO: 22.22.101-9     DESCRIÇÃO:  JCSSSG-100X120X12- UNIDADE:  pc CLAS.FISCAL:  7308.30.00    ESTOQUE ANT:               10,000
PRODUTO: 22.22.102-7     DESCRIÇÃO:  JCSSSG-100X120X12- UNIDADE:  pc CLAS.FISCAL:  7308.30.00    ESTOQUE ANT:               22,000
PRODUTO: 22.22.103-5     DESCRIÇÃO:  JCSSSG-100X150X12- UNIDADE:  pc CLAS.FISCAL:  7308.30.00    ESTOQUE ANT:               61,000
PRODUTO: 22.22.104-3     DESCRIÇÃO:  JCSSSG-100X150X12- UNIDADE:  pc CLAS.FISCAL:  7308.30.00    ESTOQUE ANT:               91,000
PRODUTO: 22.22.105-1     DESCRIÇÃO:  JCSSSG-120X150X12- UNIDADE:  pc CLAS.FISCAL:  7308.30.00    ESTOQUE ANT:               16,000
PRODUTO: 22.22.106-0     DESCRIÇÃO:  JCSSSG-120X150X12- UNIDADE:  pc CLAS.FISCAL:  7308.30.00    ESTOQUE ANT:               32,000
PRODUTO: 22.22.201-5     DESCRIÇÃO:  JCSSGE-100X120X12- UNIDADE:  pc CLAS.FISCAL:  7308.30.00    ESTOQUE ANT:               16,000
PRODUTO: 22.22.202-3     DESCRIÇÃO:  JCSSGE-100X120X12- UNIDADE:  pc CLAS.FISCAL:  7308.30.00    ESTOQUE ANT:                7,000
PRODUTO: 22.22.203-1     DESCRIÇÃO:  JCSSGE-100X150X12- UNIDADE:  pc CLAS.FISCAL:  7308.30.00    ESTOQUE ANT:                2,000
PRODUTO: 22.22.204-0     DESCRIÇÃO:  JCSSGE-100X150X12- UNIDADE:  pc CLAS.FISCAL:  7308.30.00    ESTOQUE ANT:              123,000
PRODUTO: 22.22.205-8     DESCRIÇÃO:  JCSSGE-120X150X12- UNIDADE:  pc CLAS.FISCAL:  7308.30.00    ESTOQUE ANT:               25,000
PRODUTO: 22.22.206-6     DESCRIÇÃO:  JCSSGE-120X150X12- UNIDADE:  pc CLAS.FISCAL:  7308.30.00    ESTOQUE ANT:               34,000
PRODUTO: 22.22.501-4     DESCRIÇÃO:  JCSSGQ-100X120X12- UNIDADE:  pc CLAS.FISCAL:  7308.30.00    ESTOQUE ANT:                8,000
PRODUTO: 22.22.502-2     DESCRIÇÃO:  JCSSGQ-100X120X12- UNIDADE:  pc CLAS.FISCAL:  7308.30.00    ESTOQUE ANT:               15,000
PRODUTO: 22.22.503-0     DESCRIÇÃO:  JCSSGQ-100X150X12- UNIDADE:  pc CLAS.FISCAL:  7308.30.00    ESTOQUE ANT:               97,000
PRODUTO: 22.22.504-9     DESCRIÇÃO:  JCSSGQ-100X150X12- UNIDADE:  pc CLAS.FISCAL:  7308.30.00    ESTOQUE ANT:              102,000
PRODUTO: 22.22.505-7     DESCRIÇÃO:  JCSSGQ-120X150X12- UNIDADE:  pc CLAS.FISCAL:  7308.30.00    ESTOQUE ANT:               31,000
PRODUTO: 22.22.506-5     DESCRIÇÃO:  JCSSGQ-120X150X12- UNIDADE:  pc CLAS.FISCAL:  7308.30.00    ESTOQUE ANT:               27,000
PRODUTO: 23.32.300-1     DESCRIÇÃO:  JBSG-040X060X6,5-1 UNIDADE:  pc CLAS.FISCAL:  7308.30.00    ESTOQUE ANT:               45,000
PRODUTO: 23.32.311-7     DESCRIÇÃO:  JBSG-060X060X6,5-2 UNIDADE:  pc CLAS.FISCAL:  7308.30.00    ESTOQUE ANT:              225,000
PRODUTO: 23.32.312-5     DESCRIÇÃO:  JBSG-060X080X6,5-2 UNIDADE:  pc CLAS.FISCAL:  7308.30.00    ESTOQUE ANT:               40,000
PRODUTO: 23.32.400-8     DESCRIÇÃO:  JBGE-040X060X012-1 UNIDADE:  pc CLAS.FISCAL:  7308.30.00    ESTOQUE ANT:               20,000
PRODUTO: 23.32.411-3     DESCRIÇÃO:  JBGE-060X060X012-2 UNIDADE:  pc CLAS.FISCAL:  7308.30.00    ESTOQUE ANT:               32,000
PRODUTO: 23.32.412-1     DESCRIÇÃO:  JBGE-060X080X012-2 UNIDADE:  pc CLAS.FISCAL:  7308.30.00    ESTOQUE ANT:               72,000
PRODUTO: 23.32.500-4     DESCRIÇÃO:  JBGQ-040X060X012-1 UNIDADE:  pc CLAS.FISCAL:  7308.30.00    ESTOQUE ANT:               13,000
PRODUTO: 23.32.511-0     DESCRIÇÃO:  JBGQ-060X060X012-2 UNIDADE:  pc CLAS.FISCAL:  7308.30.00    ESTOQUE ANT:               48,000
PRODUTO: 23.32.512-8     DESCRIÇÃO:  JBGQ-060X080X012-2 UNIDADE:  pc CLAS.FISCAL:  7308.30.00    ESTOQUE ANT:               57,000
PRODUTO: 24.12.201-8     DESCRIÇÃO:  PAVD -217X077X06,5 UNIDADE:  pc CLAS.FISCAL:  7308.30.00    ESTOQUE ANT:               13,000
PRODUTO: 24.12.203-4     DESCRIÇÃO:  PAVD -217X087X06,5 UNIDADE:  pc CLAS.FISCAL:  7308.30.00    ESTOQUE ANT:               41,000
PRODUTO: 24.12.204-2     DESCRIÇÃO:  PAVE -217X087X06,5 UNIDADE:  pc CLAS.FISCAL:  7308.30.00    ESTOQUE ANT:                3,000
PRODUTO: 24.12.211-5     DESCRIÇÃO:  PAVD -217X077X12,0 UNIDADE:  pc CLAS.FISCAL:  7308.30.00    ESTOQUE ANT:                3,000
PRODUTO: 24.12.212-3     DESCRIÇÃO:  PAVE -217X077X12,0 UNIDADE:  pc CLAS.FISCAL:  7308.30.00    ESTOQUE ANT:               37,000
PRODUTO: 24.12.331-6     DESCRIÇÃO:  PAVHD -217X087X6,5 UNIDADE:  pc CLAS.FISCAL:  7308.30.00    ESTOQUE ANT:               31,000
PRODUTO: 24.12.332-4     DESCRIÇÃO:  PAVHE -217X087X6,5 UNIDADE:  pc CLAS.FISCAL:  7308.30.00    ESTOQUE ANT:               40,000
PRODUTO: 24.12.341-3     DESCRIÇÃO:  PAVHD -217X087X012 UNIDADE:  pc CLAS.FISCAL:  7308.30.00    ESTOQUE ANT:               24,000
PRODUTO: 24.12.342-1     DESCRIÇÃO:  PAVHE -217X087X012 UNIDADE:  pc CLAS.FISCAL:  7308.30.00    ESTOQUE ANT:               28,000
PRODUTO: 24.12.401-0     DESCRIÇÃO:  PAVBD -217X087X6,5 UNIDADE:  pc CLAS.FISCAL:  7308.30.00    ESTOQUE ANT:               15,000
PRODUTO: 24.12.411-8     DESCRIÇÃO:  PAVBD -217X087X012 UNIDADE:  pc CLAS.FISCAL:  7308.30.00    ESTOQUE ANT:               21,000
PRODUTO: 24.16.241-9     DESCRIÇÃO:  JMGE -040X060X08-1 UNIDADE:  pc CLAS.FISCAL:  7308.30.00    ESTOQUE ANT:               55,000
PRODUTO: 24.16.243-5     DESCRIÇÃO:  JMGE -060X060X08-1 UNIDADE:  pc CLAS.FISCAL:  7308.30.00    ESTOQUE ANT:              304,000
PRODUTO: 24.16.244-3     DESCRIÇÃO:  JMGE -060X080X08-1 UNIDADE:  pc CLAS.FISCAL:  7308.30.00    ESTOQUE ANT:              194,000
PRODUTO: 24.16.245-1     DESCRIÇÃO:  JMGE -060X100X08-1 UNIDADE:  pc CLAS.FISCAL:  7308.30.00    ESTOQUE ANT:               95,000
PRODUTO: 24.16.249-4     DESCRIÇÃO:  JMGE -100X050X08-1 UNIDADE:  pc CLAS.FISCAL:  7308.30.00    ESTOQUE ANT:               18,000
PRODUTO: 24.16.250-8     DESCRIÇÃO:  JMGE -100X060X08-1 UNIDADE:  pc CLAS.FISCAL:  7308.30.00    ESTOQUE ANT:                7,000
PRODUTO: 24.16.251-6     DESCRIÇÃO:  JMGE -100X080X08-1 UNIDADE:  pc CLAS.FISCAL:  7308.30.00    ESTOQUE ANT:               32,000
PRODUTO: 24.16.255-9     DESCRIÇÃO:  JMGE -140X050X08-2 UNIDADE:  pc CLAS.FISCAL:  7308.30.00    ESTOQUE ANT:                1,000
PRODUTO: 24.16.256-7     DESCRIÇÃO:  JMGE -140X060X08-2 UNIDADE:  pc CLAS.FISCAL:  7308.30.00    ESTOQUE ANT:                1,000
PRODUTO: 24.16.257-5     DESCRIÇÃO:  JMGE -140X080X08-2 UNIDADE:  pc CLAS.FISCAL:  7308.30.00    ESTOQUE ANT:                4,000


-----------------------------------------------------------------------------DATASUL - OBRIGAÇÕES FISCAIS - OF0702RP - V:0.00.00.000
                   REGISTRO DE CONTROLE DA PRODUÇÃO E DO ESTOQUE                                    CÓDIGOS DE ENTRADAS E SAÍDAS
FIRMA: Estabelecimento TOTVS - Ñ ALTERAR CONTAS                                                    1 - No Próprio Estabelecimento
INSCR. EST.: 255721161             CNPJ   : 53.113.791/0017-90
FOLHA:      0003                   MÊS OU PERÍODO/ANO:   5 /  2011                                 2 - Em Outro Estabelecimento
                                                                                                   3 - Diversos

*---------DOCUMENTO-------* *-------------LANÇAMENTO-------------* *------------------------ENTRADAS E SAÍDAS----------------------*
ESP SÉRIE NÚMERO      DATA DIA        CODIFICAÇÃO       E/S    COD        QUANTIDADE             VALOR           IPI    ESTOQUE OBS.
        SUB-                      CONTÁBIL       FISCAL
        SÉRIE

PRODUTO: 24.16.341-5     DESCRIÇÃO:  JMGQ -040X060X08-1 UNIDADE:  pc CLAS.FISCAL:  7308.30.00    ESTOQUE ANT:               49,000
PRODUTO: 24.16.343-1     DESCRIÇÃO:  JMGQ -060X060X08-1 UNIDADE:  pc CLAS.FISCAL:  7308.30.00    ESTOQUE ANT:              184,000
PRODUTO: 24.16.344-0     DESCRIÇÃO:  JMGQ -060X080X08-1 UNIDADE:  pc CLAS.FISCAL:  7308.30.00    ESTOQUE ANT:              162,000
PRODUTO: 24.16.345-8     DESCRIÇÃO:  JMGQ -060X100X08-1 UNIDADE:  pc CLAS.FISCAL:  7308.30.00    ESTOQUE ANT:              135,000
PRODUTO: 24.16.349-0     DESCRIÇÃO:  JMGQ -100X050X08-1 UNIDADE:  pc CLAS.FISCAL:  7308.30.00    ESTOQUE ANT:                5,000
PRODUTO: 24.16.350-9     DESCRIÇÃO:  JMGQ -100X060X08-1 UNIDADE:  pc CLAS.FISCAL:  7308.30.00    ESTOQUE ANT:                4,000
PRODUTO: 24.16.351-2     DESCRIÇÃO:  JMGQ -100X080X08-1 UNIDADE:  pc CLAS.FISCAL:  7308.30.00    ESTOQUE ANT:                2,000
PRODUTO: 24.16.354-7     DESCRIÇÃO:  JMGQ -120X080X08-1 UNIDADE:  pc CLAS.FISCAL:  7308.30.00    ESTOQUE ANT:                1,000
PRODUTO: 24.22.201-2     DESCRIÇÃO:  PSAPGED-217X087X08 UNIDADE:  pc CLAS.FISCAL:  7308.30.00    ESTOQUE ANT:              139,000
PRODUTO: 24.22.202-0     DESCRIÇÃO:  PSAPGEE-217X087X08 UNIDADE:  pc CLAS.FISCAL:  7308.30.00    ESTOQUE ANT:              144,000
PRODUTO: 24.22.211-0     DESCRIÇÃO:  PSAPGED-217X087X12 UNIDADE:  pc CLAS.FISCAL:  7308.30.00    ESTOQUE ANT:               21,000
PRODUTO: 24.22.212-8     DESCRIÇÃO:  PSAPGEE-217X087X12 UNIDADE:  pc CLAS.FISCAL:  7308.30.00    ESTOQUE ANT:               50,000
PRODUTO: 24.22.401-5     DESCRIÇÃO:  PSAPGQD-217X087X08 UNIDADE:  pc CLAS.FISCAL:  7308.30.00    ESTOQUE ANT:               31,000
PRODUTO: 24.22.402-3     DESCRIÇÃO:  PSAPGQE-217X087X08 UNIDADE:  pc CLAS.FISCAL:  7308.30.00    ESTOQUE ANT:               40,000
PRODUTO: 24.22.411-2     DESCRIÇÃO:  PSAPGQD-217X087X12 UNIDADE:  pc CLAS.FISCAL:  7308.30.00    ESTOQUE ANT:               44,000
PRODUTO: 24.22.412-0     DESCRIÇÃO:  PSAPGQE-217X087X12 UNIDADE:  pc CLAS.FISCAL:  7308.30.00    ESTOQUE ANT:               12,000
PRODUTO: 26.32.160-3     DESCRIÇÃO:  PCCD -217X160X12-2 UNIDADE:  pc CLAS.FISCAL:  7308.30.00    ESTOQUE ANT:               28,000
PRODUTO: 26.32.161-1     DESCRIÇÃO:  PCCE -217X160X12-2 UNIDADE:  pc CLAS.FISCAL:  7308.30.00    ESTOQUE ANT:               28,000
PRODUTO: 26.32.200-6     DESCRIÇÃO:  PCC4 -217X200X12-4 UNIDADE:  pc CLAS.FISCAL:  7308.30.00    ESTOQUE ANT:               18,000
PRODUTO: 34.04.400-7     DESCRIÇÃO:  JUVJM -040X2,6X8,4 UNIDADE:  pc CLAS.FISCAL:  7308.90.90    ESTOQUE ANT:               57,000
PRODUTO: 34.04.420-1     DESCRIÇÃO:  JUVJM -060X2,6X8,4 UNIDADE:  pc CLAS.FISCAL:  7308.90.90    ESTOQUE ANT:               54,000
PRODUTO: 34.04.440-6     DESCRIÇÃO:  JUVJM -100X2,6X8,4 UNIDADE:  pc CLAS.FISCAL:  7308.90.90    ESTOQUE ANT:               51,000
PRODUTO: 38.90.027-7     DESCRIÇÃO:  TRAVA SUP SEGURANC UNIDADE:  pc CLAS.FISCAL:  9403.20.00    ESTOQUE ANT:              252,000
PRODUTO: 38.91.001-9     DESCRIÇÃO:  PE DO EXPOSITOR    UNIDADE:  pc CLAS.FISCAL:  9403.20.00    ESTOQUE ANT:               32,000
PRODUTO: 38.91.002-7     DESCRIÇÃO:  COLUNA  238X18,00  UNIDADE:  pc CLAS.FISCAL:  9403.20.00    ESTOQUE ANT:               33,000
PRODUTO: 38.91.008-6     DESCRIÇÃO:  TRAV CNTRL EXP 060 UNIDADE:  pc CLAS.FISCAL:  9403.20.00    ESTOQUE ANT:               20,000
PRODUTO: 38.91.009-4     DESCRIÇÃO:  TRAV CNTRL EXP 080 UNIDADE:  pc CLAS.FISCAL:  9403.20.00    ESTOQUE ANT:               35,000
PRODUTO: 38.91.010-8     DESCRIÇÃO:  TRAV CNTRL EXP 100 UNIDADE:  pc CLAS.FISCAL:  9403.20.00    ESTOQUE ANT:               73,000
PRODUTO: 38.91.011-6     DESCRIÇÃO:  TRAV CNTRL EXP 120 UNIDADE:  pc CLAS.FISCAL:  9403.20.00    ESTOQUE ANT:              198,000
PRODUTO: 38.91.012-4     DESCRIÇÃO:  TRAV CNTRL EXP 150 UNIDADE:  pc CLAS.FISCAL:  9403.20.00    ESTOQUE ANT:              446,000
PRODUTO: 38.91.013-2     DESCRIÇÃO:  TRAV CNTRL EXP 200 UNIDADE:  pc CLAS.FISCAL:  9403.20.00    ESTOQUE ANT:               25,000
PRODUTO: 38.91.039-6     DESCRIÇÃO:  TRAV SUP 098X24,20 UNIDADE:  pc CLAS.FISCAL:  9403.20.00    ESTOQUE ANT:              177,000
PRODUTO: 38.91.092-2     DESCRIÇÃO:  DSPLY L EXPP13X100 UNIDADE:  pc CLAS.FISCAL:  9403.20.00    ESTOQUE ANT:              142,000
PRODUTO: 38.91.106-6     DESCRIÇÃO:  COLATDIR-238X18,00 UNIDADE:  pc CLAS.FISCAL:  9403.20.00    ESTOQUE ANT:                9,000
PRODUTO: 38.91.107-4     DESCRIÇÃO:  COLATESQ-238X18,00 UNIDADE:  pc CLAS.FISCAL:  9403.20.00    ESTOQUE ANT:                6,000
PRODUTO: 38.91.108-2     DESCRIÇÃO:  COLCNTRL-238X18,00 UNIDADE:  pc CLAS.FISCAL:  9403.20.00    ESTOQUE ANT:              636,000
PRODUTO: 38.91.109-0     DESCRIÇÃO:  TRAV SUP 200X17,40 UNIDADE:  pc CLAS.FISCAL:  9403.20.00    ESTOQUE ANT:               33,000
PRODUTO: 38.91.110-4     DESCRIÇÃO:  TRAV SUP 160X17,40 UNIDADE:  pc CLAS.FISCAL:  9403.20.00    ESTOQUE ANT:              107,000
PRODUTO: 38.91.111-2     DESCRIÇÃO:  TRAV SUP 150X17,40 UNIDADE:  pc CLAS.FISCAL:  9403.20.00    ESTOQUE ANT:              311,000
PRODUTO: 38.91.112-0     DESCRIÇÃO:  TRAV SUP 120X17,40 UNIDADE:  pc CLAS.FISCAL:  9403.20.00    ESTOQUE ANT:              128,000
PRODUTO: 38.91.113-9     DESCRIÇÃO:  TRAV SUP 100X17,40 UNIDADE:  pc CLAS.FISCAL:  9403.20.00    ESTOQUE ANT:               44,000
PRODUTO: 38.91.114-7     DESCRIÇÃO:  TRAV SUP 088X17,40 UNIDADE:  pc CLAS.FISCAL:  9403.20.00    ESTOQUE ANT:              303,000
PRODUTO: 38.91.115-5     DESCRIÇÃO:  BASE EXPP  025X010 UNIDADE:  pc CLAS.FISCAL:  9403.20.00    ESTOQUE ANT:              314,000
PRODUTO: 38.91.116-3     DESCRIÇÃO:  PDSPLYDUPLO-56X240 UNIDADE:  pc CLAS.FISCAL:  9403.20.00    ESTOQUE ANT:              399,000
PRODUTO: 38.91.117-1     DESCRIÇÃO:  PDSPLYSMPLS-56X205 UNIDADE:  pc CLAS.FISCAL:  9403.20.00    ESTOQUE ANT:               58,000
PRODUTO: 38.91.118-0     DESCRIÇÃO:  TRAV SUP 140X17,40 UNIDADE:  pc CLAS.FISCAL:  9403.20.00    ESTOQUE ANT:               94,000
PRODUTO: 38.91.120-1     DESCRIÇÃO:  TRAV SUP 180X17,40 UNIDADE:  pc CLAS.FISCAL:  9403.20.00    ESTOQUE ANT:               86,000
PRODUTO: 38.91.121-0     DESCRIÇÃO:  PDSPLYVRTCL119X3X1 UNIDADE:  pc CLAS.FISCAL:  9403.20.00    ESTOQUE ANT:            1.046,000
PRODUTO: 38.91.123-6     DESCRIÇÃO:  TRAV SUP 060X17,40 UNIDADE:  pc CLAS.FISCAL:  9403.20.00    ESTOQUE ANT:               31,000
PRODUTO: 38.91.124-4     DESCRIÇÃO:  TRAV SUP 080X17,40 UNIDADE:  pc CLAS.FISCAL:  9403.20.00    ESTOQUE ANT:               25,000


-----------------------------------------------------------------------------DATASUL - OBRIGAÇÕES FISCAIS - OF0702RP - V:0.00.00.000
                   REGISTRO DE CONTROLE DA PRODUÇÃO E DO ESTOQUE                                    CÓDIGOS DE ENTRADAS E SAÍDAS
FIRMA: Estabelecimento TOTVS - Ñ ALTERAR CONTAS                                                    1 - No Próprio Estabelecimento
INSCR. EST.: 255721161             CNPJ   : 53.113.791/0017-90
FOLHA:      0004                   MÊS OU PERÍODO/ANO:   5 /  2011                                 2 - Em Outro Estabelecimento
                                                                                                   3 - Diversos

*---------DOCUMENTO-------* *-------------LANÇAMENTO-------------* *------------------------ENTRADAS E SAÍDAS----------------------*
ESP SÉRIE NÚMERO      DATA DIA        CODIFICAÇÃO       E/S    COD        QUANTIDADE             VALOR           IPI    ESTOQUE OBS.
        SUB-                      CONTÁBIL       FISCAL
        SÉRIE

PRODUTO: 38.91.127-9     DESCRIÇÃO:  COLAT   -100X14,50 UNIDADE:  pc CLAS.FISCAL:  9403.20.00    ESTOQUE ANT:              298,000
PRODUTO: 38.91.128-7     DESCRIÇÃO:  PRES INF COL 140,0 UNIDADE:  pc CLAS.FISCAL:  9403.20.00    ESTOQUE ANT:                3,000
PRODUTO: 38.91.129-5     DESCRIÇÃO:  PRES INF COL 120,0 UNIDADE:  pc CLAS.FISCAL:  9403.20.00    ESTOQUE ANT:              473,000
PRODUTO: 38.91.130-9     DESCRIÇÃO:  PRES INF COL 080,0 UNIDADE:  pc CLAS.FISCAL:  9403.20.00    ESTOQUE ANT:              219,000
PRODUTO: 38.91.131-7     DESCRIÇÃO:  PRES INF COL 065,0 UNIDADE:  pc CLAS.FISCAL:  9403.20.00    ESTOQUE ANT:              202,000
PRODUTO: 61.13.122-1     DESCRIÇÃO:  JVMSG-100X150X16-6 UNIDADE:  pc CLAS.FISCAL:  7308.30.00    ESTOQUE ANT:               84,000
PRODUTO: 61.13.123-0     DESCRIÇÃO:  JVMSG-100X200X16-6 UNIDADE:  pc CLAS.FISCAL:  7308.30.00    ESTOQUE ANT:                6,000
PRODUTO: 61.13.126-4     DESCRIÇÃO:  JVMSG-120X150X16-6 UNIDADE:  pc CLAS.FISCAL:  7308.30.00    ESTOQUE ANT:               27,000
PRODUTO: 61.13.127-2     DESCRIÇÃO:  JVMSG-120X200X16-6 UNIDADE:  pc CLAS.FISCAL:  7308.30.00    ESTOQUE ANT:               40,000
PRODUTO: 61.13.128-0     DESCRIÇÃO:  JVMSG-120X250X16-6 UNIDADE:  pc CLAS.FISCAL:  7308.30.00    ESTOQUE ANT:                2,000
PRODUTO: 61.13.222-8     DESCRIÇÃO:  JVMGE-100X150X16-6 UNIDADE:  pc CLAS.FISCAL:  7308.30.00    ESTOQUE ANT:               52,000
PRODUTO: 61.13.223-6     DESCRIÇÃO:  JVMGE-100X200X16-6 UNIDADE:  pc CLAS.FISCAL:  7308.30.00    ESTOQUE ANT:               11,000
PRODUTO: 61.13.226-0     DESCRIÇÃO:  JVMGE-120X150X16-6 UNIDADE:  pc CLAS.FISCAL:  7308.30.00    ESTOQUE ANT:               16,000
PRODUTO: 61.13.227-9     DESCRIÇÃO:  JVMGE-120X200X16-6 UNIDADE:  pc CLAS.FISCAL:  7308.30.00    ESTOQUE ANT:                8,000
PRODUTO: 61.13.228-7     DESCRIÇÃO:  JVMGE-120X250X16-6 UNIDADE:  pc CLAS.FISCAL:  7308.30.00    ESTOQUE ANT:                1,000
PRODUTO: 61.13.322-4     DESCRIÇÃO:  JVMGQ-100X150X16-6 UNIDADE:  pc CLAS.FISCAL:  7308.30.00    ESTOQUE ANT:               19,000
PRODUTO: 61.13.323-2     DESCRIÇÃO:  JVMGQ-100X200X16-6 UNIDADE:  pc CLAS.FISCAL:  7308.30.00    ESTOQUE ANT:               22,000
PRODUTO: 61.13.326-7     DESCRIÇÃO:  JVMGQ-120X150X16-6 UNIDADE:  pc CLAS.FISCAL:  7308.30.00    ESTOQUE ANT:               19,000
PRODUTO: 61.13.327-5     DESCRIÇÃO:  JVMGQ-120X200X16-6 UNIDADE:  pc CLAS.FISCAL:  7308.30.00    ESTOQUE ANT:               19,000
PRODUTO: 61.13.328-3     DESCRIÇÃO:  JVMGQ-120X250X16-6 UNIDADE:  pc CLAS.FISCAL:  7308.30.00    ESTOQUE ANT:               16,000
PRODUTO: 61.13.422-0     DESCRIÇÃO:  JVMGP-100X150X16-6 UNIDADE:  pc CLAS.FISCAL:  7308.30.00    ESTOQUE ANT:               19,000
PRODUTO: 61.13.423-9     DESCRIÇÃO:  JVMGP-100X200X16-6 UNIDADE:  pc CLAS.FISCAL:  7308.30.00    ESTOQUE ANT:                6,000
PRODUTO: 61.13.426-3     DESCRIÇÃO:  JVMGP-120X150X16-6 UNIDADE:  pc CLAS.FISCAL:  7308.30.00    ESTOQUE ANT:               11,000
PRODUTO: 61.13.427-1     DESCRIÇÃO:  JVMGP-120X200X16-6 UNIDADE:  pc CLAS.FISCAL:  7308.30.00    ESTOQUE ANT:               17,000
PRODUTO: 61.13.428-0     DESCRIÇÃO:  JVMGP-120X250X16-6 UNIDADE:  pc CLAS.FISCAL:  7308.30.00    ESTOQUE ANT:               13,000
PRODUTO: 61.13.522-7     DESCRIÇÃO:  JVMGL-100X150X16-6 UNIDADE:  pc CLAS.FISCAL:  7308.30.00    ESTOQUE ANT:               33,000
PRODUTO: 61.13.523-5     DESCRIÇÃO:  JVMGL-100X200X16-6 UNIDADE:  pc CLAS.FISCAL:  7308.30.00    ESTOQUE ANT:               16,000
PRODUTO: 61.13.526-0     DESCRIÇÃO:  JVMGL-120X150X16-6 UNIDADE:  pc CLAS.FISCAL:  7308.30.00    ESTOQUE ANT:               12,000
PRODUTO: 61.13.527-8     DESCRIÇÃO:  JVMGL-120X200X16-6 UNIDADE:  pc CLAS.FISCAL:  7308.30.00    ESTOQUE ANT:                8,000
PRODUTO: 61.13.528-6     DESCRIÇÃO:  JVMGL-120X250X16-6 UNIDADE:  pc CLAS.FISCAL:  7308.30.00    ESTOQUE ANT:               22,000
PRODUTO: 62.13.121-7     DESCRIÇÃO:  JVSSG-100X120X14-6 UNIDADE:  pc CLAS.FISCAL:  7308.30.00    ESTOQUE ANT:               18,000
PRODUTO: 62.13.122-5     DESCRIÇÃO:  JVSSG-100X150X14-6 UNIDADE:  pc CLAS.FISCAL:  7308.30.00    ESTOQUE ANT:                8,000
PRODUTO: 62.13.123-3     DESCRIÇÃO:  JVSSG-100X200X14-6 UNIDADE:  pc CLAS.FISCAL:  7308.30.00    ESTOQUE ANT:               16,000
PRODUTO: 62.13.126-8     DESCRIÇÃO:  JVSSG-120X150X14-6 UNIDADE:  pc CLAS.FISCAL:  7308.30.00    ESTOQUE ANT:               39,000
PRODUTO: 62.13.127-6     DESCRIÇÃO:  JVSSG-120X200X14-6 UNIDADE:  pc CLAS.FISCAL:  7308.30.00    ESTOQUE ANT:                3,000
PRODUTO: 62.13.221-3     DESCRIÇÃO:  JVSGE-100X120X14-6 UNIDADE:  pc CLAS.FISCAL:  7308.30.00    ESTOQUE ANT:               21,000
PRODUTO: 62.13.222-1     DESCRIÇÃO:  JVSGE-100X150X14-6 UNIDADE:  pc CLAS.FISCAL:  7308.30.00    ESTOQUE ANT:               16,000
PRODUTO: 62.13.223-0     DESCRIÇÃO:  JVSGE-100X200X14-6 UNIDADE:  pc CLAS.FISCAL:  7308.30.00    ESTOQUE ANT:                8,000
PRODUTO: 62.13.225-6     DESCRIÇÃO:  JVSGE-120X120X14-6 UNIDADE:  pc CLAS.FISCAL:  7308.30.00    ESTOQUE ANT:                7,000
PRODUTO: 62.13.226-4     DESCRIÇÃO:  JVSGE-120X150X14-6 UNIDADE:  pc CLAS.FISCAL:  7308.30.00    ESTOQUE ANT:               14,000
PRODUTO: 62.13.227-2     DESCRIÇÃO:  JVSGE-120X200X14-6 UNIDADE:  pc CLAS.FISCAL:  7308.30.00    ESTOQUE ANT:                1,000
PRODUTO: 62.13.321-0     DESCRIÇÃO:  JVSGQ-100X120X14-6 UNIDADE:  pc CLAS.FISCAL:  7308.30.00    ESTOQUE ANT:               21,000
PRODUTO: 62.13.322-8     DESCRIÇÃO:  JVSGQ-100X150X14-6 UNIDADE:  pc CLAS.FISCAL:  7308.30.00    ESTOQUE ANT:                5,000
PRODUTO: 62.13.323-6     DESCRIÇÃO:  JVSGQ-100X200X14-6 UNIDADE:  pc CLAS.FISCAL:  7308.30.00    ESTOQUE ANT:               19,000
PRODUTO: 62.13.325-2     DESCRIÇÃO:  JVSGQ-120X120X14-6 UNIDADE:  pc CLAS.FISCAL:  7308.30.00    ESTOQUE ANT:               16,000
PRODUTO: 62.13.326-0     DESCRIÇÃO:  JVSGQ-120X150X14-6 UNIDADE:  pc CLAS.FISCAL:  7308.30.00    ESTOQUE ANT:               19,000
PRODUTO: 62.13.327-9     DESCRIÇÃO:  JVSGQ-120X200X14-6 UNIDADE:  pc CLAS.FISCAL:  7308.30.00    ESTOQUE ANT:               11,000
PRODUTO: 62.13.421-6     DESCRIÇÃO:  JVSGP-100X120X14-6 UNIDADE:  pc CLAS.FISCAL:  7308.30.00    ESTOQUE ANT:               11,000
PRODUTO: 62.13.422-4     DESCRIÇÃO:  JVSGP-100X150X14-6 UNIDADE:  pc CLAS.FISCAL:  7308.30.00    ESTOQUE ANT:               14,000
PRODUTO: 62.13.423-2     DESCRIÇÃO:  JVSGP-100X200X14-6 UNIDADE:  pc CLAS.FISCAL:  7308.30.00    ESTOQUE ANT:               18,000


-----------------------------------------------------------------------------DATASUL - OBRIGAÇÕES FISCAIS - OF0702RP - V:0.00.00.000
                   REGISTRO DE CONTROLE DA PRODUÇÃO E DO ESTOQUE                                    CÓDIGOS DE ENTRADAS E SAÍDAS
FIRMA: Estabelecimento TOTVS - Ñ ALTERAR CONTAS                                                    1 - No Próprio Estabelecimento
INSCR. EST.: 255721161             CNPJ   : 53.113.791/0017-90
FOLHA:      0005                   MÊS OU PERÍODO/ANO:   5 /  2011                                 2 - Em Outro Estabelecimento
                                                                                                   3 - Diversos

*---------DOCUMENTO-------* *-------------LANÇAMENTO-------------* *------------------------ENTRADAS E SAÍDAS----------------------*
ESP SÉRIE NÚMERO      DATA DIA        CODIFICAÇÃO       E/S    COD        QUANTIDADE             VALOR           IPI    ESTOQUE OBS.
        SUB-                      CONTÁBIL       FISCAL
        SÉRIE

PRODUTO: 62.13.425-9     DESCRIÇÃO:  JVSGP-120X120X14-6 UNIDADE:  pc CLAS.FISCAL:  7308.30.00    ESTOQUE ANT:               17,000
PRODUTO: 62.13.426-7     DESCRIÇÃO:  JVSGP-120X150X14-6 UNIDADE:  pc CLAS.FISCAL:  7308.30.00    ESTOQUE ANT:               13,000
PRODUTO: 62.13.427-5     DESCRIÇÃO:  JVSGP-120X200X14-6 UNIDADE:  pc CLAS.FISCAL:  7308.30.00    ESTOQUE ANT:                9,000
PRODUTO: 62.13.521-2     DESCRIÇÃO:  JVSGL-100X120X14-6 UNIDADE:  pc CLAS.FISCAL:  7308.30.00    ESTOQUE ANT:                8,000
PRODUTO: 62.13.522-0     DESCRIÇÃO:  JVSGL-100X150X14-6 UNIDADE:  pc CLAS.FISCAL:  7308.30.00    ESTOQUE ANT:               20,000
PRODUTO: 62.13.523-9     DESCRIÇÃO:  JVSGL-100X200X14-6 UNIDADE:  pc CLAS.FISCAL:  7308.30.00    ESTOQUE ANT:               14,000
PRODUTO: 62.13.525-5     DESCRIÇÃO:  JVSGL-120X120X14-6 UNIDADE:  pc CLAS.FISCAL:  7308.30.00    ESTOQUE ANT:               18,000
PRODUTO: 62.13.526-3     DESCRIÇÃO:  JVSGL-120X150X14-6 UNIDADE:  pc CLAS.FISCAL:  7308.30.00    ESTOQUE ANT:               15,000
PRODUTO: 62.13.527-1     DESCRIÇÃO:  JVSGL-120X200X14-6 UNIDADE:  pc CLAS.FISCAL:  7308.30.00    ESTOQUE ANT:               15,000
PRODUTO: 63.43.131-1     DESCRIÇÃO:  JCSSSG -100X120X12 UNIDADE:  pc CLAS.FISCAL:  7308.30.00    ESTOQUE ANT:                7,000
PRODUTO: 63.43.132-0     DESCRIÇÃO:  JCSSSG -100X150X12 UNIDADE:  pc CLAS.FISCAL:  7308.30.00    ESTOQUE ANT:                2,000
PRODUTO: 63.43.135-4     DESCRIÇÃO:  JCSSSG -120X120X12 UNIDADE:  pc CLAS.FISCAL:  7308.30.00    ESTOQUE ANT:               14,000
PRODUTO: 63.43.136-2     DESCRIÇÃO:  JCSSSG -120X150X12 UNIDADE:  pc CLAS.FISCAL:  7308.30.00    ESTOQUE ANT:               55,000
PRODUTO: 63.43.137-0     DESCRIÇÃO:  JCSSSG -120X200X12 UNIDADE:  pc CLAS.FISCAL:  7308.30.00    ESTOQUE ANT:               25,000
PRODUTO: 63.43.231-8     DESCRIÇÃO:  JCSSGEI-100X120X12 UNIDADE:  pc CLAS.FISCAL:  7308.30.00    ESTOQUE ANT:                5,000
PRODUTO: 63.43.232-6     DESCRIÇÃO:  JCSSGEI-100X150X12 UNIDADE:  pc CLAS.FISCAL:  7308.30.00    ESTOQUE ANT:               16,000
PRODUTO: 63.43.233-4     DESCRIÇÃO:  JCSSGEI-100X200X12 UNIDADE:  pc CLAS.FISCAL:  7308.30.00    ESTOQUE ANT:                3,000
PRODUTO: 63.43.235-0     DESCRIÇÃO:  JCSSGEI-120X120X12 UNIDADE:  pc CLAS.FISCAL:  7308.30.00    ESTOQUE ANT:               13,000
PRODUTO: 63.43.236-9     DESCRIÇÃO:  JCSSGEI-120X150X12 UNIDADE:  pc CLAS.FISCAL:  7308.30.00    ESTOQUE ANT:               23,000
PRODUTO: 63.43.237-7     DESCRIÇÃO:  JCSSGEI-120X200X12 UNIDADE:  pc CLAS.FISCAL:  7308.30.00    ESTOQUE ANT:               12,000
PRODUTO: 63.43.331-4     DESCRIÇÃO:  JCSSGQI-100X120X12 UNIDADE:  pc CLAS.FISCAL:  7308.30.00    ESTOQUE ANT:               18,000
PRODUTO: 63.43.332-2     DESCRIÇÃO:  JCSSGQI-100X150X12 UNIDADE:  pc CLAS.FISCAL:  7308.30.00    ESTOQUE ANT:               24,000
PRODUTO: 63.43.333-0     DESCRIÇÃO:  JCSSGQI-100X200X12 UNIDADE:  pc CLAS.FISCAL:  7308.30.00    ESTOQUE ANT:                5,000
PRODUTO: 63.43.335-7     DESCRIÇÃO:  JCSSGQI-120X120X12 UNIDADE:  pc CLAS.FISCAL:  7308.30.00    ESTOQUE ANT:               19,000
PRODUTO: 63.43.336-5     DESCRIÇÃO:  JCSSGQI-120X150X12 UNIDADE:  pc CLAS.FISCAL:  7308.30.00    ESTOQUE ANT:               12,000
PRODUTO: 63.43.337-3     DESCRIÇÃO:  JCSSGQI-120X200X12 UNIDADE:  pc CLAS.FISCAL:  7308.30.00    ESTOQUE ANT:                9,000
PRODUTO: 63.43.432-9     DESCRIÇÃO:  JCSSGPI-100X150X12 UNIDADE:  pc CLAS.FISCAL:  7308.30.00    ESTOQUE ANT:                3,000
PRODUTO: 63.43.433-7     DESCRIÇÃO:  JCSSGPI-100X200X12 UNIDADE:  pc CLAS.FISCAL:  7308.30.00    ESTOQUE ANT:                1,000
PRODUTO: 63.43.435-3     DESCRIÇÃO:  JCSSGPI-120X120X12 UNIDADE:  pc CLAS.FISCAL:  7308.30.00    ESTOQUE ANT:               14,000
PRODUTO: 63.43.436-1     DESCRIÇÃO:  JCSSGPI-120X150X12 UNIDADE:  pc CLAS.FISCAL:  7308.30.00    ESTOQUE ANT:               12,000
PRODUTO: 63.43.437-0     DESCRIÇÃO:  JCSSGPI-120X200X12 UNIDADE:  pc CLAS.FISCAL:  7308.30.00    ESTOQUE ANT:               16,000
PRODUTO: 63.43.531-7     DESCRIÇÃO:  JCSSGLI-100X120X12 UNIDADE:  pc CLAS.FISCAL:  7308.30.00    ESTOQUE ANT:               11,000
PRODUTO: 63.43.532-5     DESCRIÇÃO:  JCSSGLI-100X150X12 UNIDADE:  pc CLAS.FISCAL:  7308.30.00    ESTOQUE ANT:                1,000
PRODUTO: 63.43.533-3     DESCRIÇÃO:  JCSSGLI-100X200X12 UNIDADE:  pc CLAS.FISCAL:  7308.30.00    ESTOQUE ANT:               19,000
PRODUTO: 63.43.535-0     DESCRIÇÃO:  JCSSGLI-120X120X12 UNIDADE:  pc CLAS.FISCAL:  7308.30.00    ESTOQUE ANT:               19,000
PRODUTO: 63.43.536-8     DESCRIÇÃO:  JCSSGLI-120X150X12 UNIDADE:  pc CLAS.FISCAL:  7308.30.00    ESTOQUE ANT:               14,000
PRODUTO: 63.43.537-6     DESCRIÇÃO:  JCSSGLI-120X200X12 UNIDADE:  pc CLAS.FISCAL:  7308.30.00    ESTOQUE ANT:               14,000
PRODUTO: 64.13.441-8     DESCRIÇÃO:  JMGP -040X060X08-1 UNIDADE:  pc CLAS.FISCAL:  7308.30.00    ESTOQUE ANT:               32,000
PRODUTO: 64.13.443-4     DESCRIÇÃO:  JMGP -060X060X08-1 UNIDADE:  pc CLAS.FISCAL:  7308.30.00    ESTOQUE ANT:               24,000
PRODUTO: 64.13.444-2     DESCRIÇÃO:  JMGP -060X080X08-1 UNIDADE:  pc CLAS.FISCAL:  7308.30.00    ESTOQUE ANT:               13,000
PRODUTO: 64.13.445-0     DESCRIÇÃO:  JMGP -060X100X08-1 UNIDADE:  pc CLAS.FISCAL:  7308.30.00    ESTOQUE ANT:                3,000
PRODUTO: 64.13.541-4     DESCRIÇÃO:  JMGL -040X060X08-1 UNIDADE:  pc CLAS.FISCAL:  7308.30.00    ESTOQUE ANT:                4,000
PRODUTO: 64.13.543-0     DESCRIÇÃO:  JMGL -060X060X08-1 UNIDADE:  pc CLAS.FISCAL:  7308.30.00    ESTOQUE ANT:               38,000
PRODUTO: 64.13.544-9     DESCRIÇÃO:  JMGL -060X080X08-1 UNIDADE:  pc CLAS.FISCAL:  7308.30.00    ESTOQUE ANT:               13,000
PRODUTO: 64.13.545-7     DESCRIÇÃO:  JMGL -060X100X08-1 UNIDADE:  pc CLAS.FISCAL:  7308.30.00    ESTOQUE ANT:               37,000
PRODUTO: 66.23.450-9     DESCRIÇÃO:  PSAPGPD-217X088X08 UNIDADE:  pc CLAS.FISCAL:  7308.30.00    ESTOQUE ANT:               14,000
PRODUTO: 66.23.451-7     DESCRIÇÃO:  PSAPGPE-217X088X08 UNIDADE:  pc CLAS.FISCAL:  7308.30.00    ESTOQUE ANT:                1,000
PRODUTO: 66.23.550-5     DESCRIÇÃO:  PSAPGLD-217X088X08 UNIDADE:  pc CLAS.FISCAL:  7308.30.00    ESTOQUE ANT:               33,000
PRODUTO: 66.23.551-3     DESCRIÇÃO:  PSAPGLE-217X088X08 UNIDADE:  pc CLAS.FISCAL:  7308.30.00    ESTOQUE ANT:                8,000

               TOTAL DO PERÍODO               Ent                                                 0,00          0,00

-----------------------------------------------------------------------------DATASUL - OBRIGAÇÕES FISCAIS - OF0702RP - V:0.00.00.000
                   REGISTRO DE CONTROLE DA PRODUÇÃO E DO ESTOQUE                                    CÓDIGOS DE ENTRADAS E SAÍDAS
FIRMA: Estabelecimento TOTVS - Ñ ALTERAR CONTAS                                                    1 - No Próprio Estabelecimento
INSCR. EST.: 255721161             CNPJ   : 53.113.791/0017-90
FOLHA:      0006                   MÊS OU PERÍODO/ANO:   5 /  2011                                 2 - Em Outro Estabelecimento
                                                                                                   3 - Diversos

*---------DOCUMENTO-----------* *------LANÇAMENTO------**----------------------------ENTRADAS E SAÍDAS-----------------------------*
ESP SÉRIE NÚMERO  DATA      DIA        CODIFICAÇÃO      E/S COD     QUANTIDADE              VALOR               IPI     ESTOQUE OBS.
    SUB-                        CONTÁBIL    FISCAL
    SÉRIE

                                              Sai                                                 0,00          0,00



















































-----------------------------------------------------------------------------DATASUL - OBRIGAÇÕES FISCAIS - OF0702RP - V:0.00.00.000
