----------------------------------------------------------------------------------------------------------------------------------
                                   CONTROLE DE CREDITO DO ATIVO PERMANENTE - CIAP                             |NUMERO DE ORDEM
                                                      MODELO   D                                              |   604
----------------------------------------------------------------------------------------------------------------------------------
1- IDENTIFICACAO
----------------------------------------------------------------------------------------------------------------------------------
Contribuinte: SASAZAKI INDÚSTRIA E COMÉRCIO LTDA                                    | Inscricao Estadual: 438.010.070.113
----------------------------------------------------------------------------------------------------------------------------------
         Bem: PT0/ID29/Material D.Direto - TRIBUTADO
----------------------------------------------------------------------------------------------------------------------------------
2- ENTRADA
----------------------------------------------------------------------------------------------------------------------------------
Fornecedor: NICOM COMERC MATS PARA CONSTRUCOES LTDA                                               | Nota Fiscal: 9282015
----------------------------------------------------------------------------------------------------------------------------------
Numero do LRE              | Folha               | Data de Entrada  | Valor de Aquisicao           | Valor do Imposto
                      0    |                0    |    07/11/2011    |                10.232,33     |                    1.739,50
----------------------------------------------------------------------------------------------------------------------------------
3- SAIDA
----------------------------------------------------------------------------------------------------------------------------------
Nota Fiscal                | Modelo              | Data de Saida    |
----------------------------------------------------------------------------------------------------------------------------------
4- CREDITO MENSAL
----------------------------------------------------------------------------------------------------------------------------------
                  1o. ANO                                                                2o. ANO
----------------------------------------------------------------------------------------------------------------------------------
 MES                |       FATOR       |     VALOR            |   MES                |       FATOR       |     VALOR            |
----------------------------------------------------------------------------------------------------------------------------------
    1o. 11/2011     |  1,00000000       |                36,24 |      1o. 11/2012     |  1,00000000       |                36,24 |
    2o. 12/2011     |  1,00000000       |                36,24 |      2o. 12/2012     |  1,00000000       |                36,24 |
    3o. 01/2012     |  1,00000000       |                36,24 |      3o. 01/2013     |  1,00000000       |                36,24 |
    4o. 02/2012     |  1,00000000       |                36,24 |      4o. 02/2013     |  1,00000000       |                36,24 |
    5o. 03/2012     |  1,00000000       |                36,24 |      5o. 03/2013     |  1,00000000       |                36,24 |
    6o. 04/2012     |  1,00000000       |                36,24 |      6o. 04/2013     |  1,00000000       |                36,24 |
    7o. 05/2012     |  1,00000000       |                36,24 |      7o. 05/2013     |  1,00000000       |                36,24 |
    8o. 06/2012     |  1,00000000       |                36,24 |      8o. 06/2013     |  1,00000000       |                36,24 |
    9o. 07/2012     |  1,00000000       |                36,24 |      9o. 07/2013     |  1,00000000       |                36,24 |
   10o. 08/2012     |  1,00000000       |                36,24 |     10o. 08/2013     |  1,00000000       |                36,24 |
   11o. 09/2012     |  1,00000000       |                36,24 |     11o. 09/2013     |  1,00000000       |                36,24 |
   12o. 10/2012     |  1,00000000       |                36,24 |     12o. 10/2013     |  1,00000000       |                36,24 |
----------------------------------------------------------------------------------------------------------------------------------
----------------------------------------------------------------------------------------------------------------------------------
                  3o. ANO                                                                4o. ANO
----------------------------------------------------------------------------------------------------------------------------------
 MES                |       FATOR       |     VALOR            |   MES                |       FATOR       |     VALOR            |
----------------------------------------------------------------------------------------------------------------------------------
    1o. 11/2013     |  1,00000000       |                36,24 |      1o. 11/2014     |  1,00000000       |                36,24 |
    2o. 12/2013     |  1,00000000       |                36,24 |      2o. 12/2014     |  1,00000000       |                36,24 |
    3o. 01/2014     |  1,00000000       |                36,24 |      3o. 01/2015     |  1,00000000       |                36,24 |
    4o. 02/2014     |  1,00000000       |                36,24 |      4o. 02/2015     |  1,00000000       |                36,24 |
    5o. 03/2014     |  1,00000000       |                36,24 |      5o. 03/2015     |  1,00000000       |                36,24 |
    6o. 04/2014     |  1,00000000       |                36,24 |      6o. 04/2015     |  1,00000000       |                36,24 |
    7o. 05/2014     |  1,00000000       |                36,24 |      7o. 05/2015     |  1,00000000       |                36,24 |
    8o. 06/2014     |  1,00000000       |                36,24 |      8o. 06/2015     |  1,00000000       |                36,24 |
    9o. 07/2014     |  1,00000000       |                36,24 |      9o. 07/2015     |  1,00000000       |                36,24 |
   10o. 08/2014     |  1,00000000       |                36,24 |     10o. 08/2015     |  1,00000000       |                36,24 |
   11o. 09/2014     |  1,00000000       |                36,24 |     11o. 09/2015     |  1,00000000       |                36,24 |
   12o. 10/2014     |  1,00000000       |                36,24 |     12o. 10/2015     |  1,00000000       |                36,24 |
----------------------------------------------------------------------------------------------------------------------------------
----------------------------------------------------------------------------------------------------------------------------------
5- OBSERVAÇÕES: 
----------------------------------------------------------------------------------------------------------------------------------
----------------------------------------------------------------------------------------------------------------------------------
                                   CONTROLE DE CREDITO DO ATIVO PERMANENTE - CIAP                             |NUMERO DE ORDEM
                                                      MODELO   D                                              |   604
----------------------------------------------------------------------------------------------------------------------------------
1- IDENTIFICACAO
----------------------------------------------------------------------------------------------------------------------------------
Contribuinte: SASAZAKI INDÚSTRIA E COMÉRCIO LTDA                                    | Inscricao Estadual: 438.010.070.113
----------------------------------------------------------------------------------------------------------------------------------
         Bem: PT0/ID32/Material D.Direto - TRIBUTADO
----------------------------------------------------------------------------------------------------------------------------------
2- ENTRADA
----------------------------------------------------------------------------------------------------------------------------------
Fornecedor: NICOM COMERC MATS PARA CONSTRUCOES LTDA                                               | Nota Fiscal: 9312015
----------------------------------------------------------------------------------------------------------------------------------
Numero do LRE              | Folha               | Data de Entrada  | Valor de Aquisicao           | Valor do Imposto
                      0    |                0    |    07/11/2011    |                 9.546,11     |                    1.622,84
----------------------------------------------------------------------------------------------------------------------------------
3- SAIDA
----------------------------------------------------------------------------------------------------------------------------------
Nota Fiscal                | Modelo              | Data de Saida    |
----------------------------------------------------------------------------------------------------------------------------------
4- CREDITO MENSAL
----------------------------------------------------------------------------------------------------------------------------------
                  1o. ANO                                                                2o. ANO
----------------------------------------------------------------------------------------------------------------------------------
 MES                |       FATOR       |     VALOR            |   MES                |       FATOR       |     VALOR            |
----------------------------------------------------------------------------------------------------------------------------------
    1o. 11/2011     |  1,00000000       |                33,81 |      1o. 11/2012     |  1,00000000       |                33,81 |
    2o. 12/2011     |  1,00000000       |                33,81 |      2o. 12/2012     |  1,00000000       |                33,81 |
    3o. 01/2012     |  1,00000000       |                33,81 |      3o. 01/2013     |  1,00000000       |                33,81 |
    4o. 02/2012     |  1,00000000       |                33,81 |      4o. 02/2013     |  1,00000000       |                33,81 |
    5o. 03/2012     |  1,00000000       |                33,81 |      5o. 03/2013     |  1,00000000       |                33,81 |
    6o. 04/2012     |  1,00000000       |                33,81 |      6o. 04/2013     |  1,00000000       |                33,81 |
    7o. 05/2012     |  1,00000000       |                33,81 |      7o. 05/2013     |  1,00000000       |                33,81 |
    8o. 06/2012     |  1,00000000       |                33,81 |      8o. 06/2013     |  1,00000000       |                33,81 |
    9o. 07/2012     |  1,00000000       |                33,81 |      9o. 07/2013     |  1,00000000       |                33,81 |
   10o. 08/2012     |  1,00000000       |                33,81 |     10o. 08/2013     |  1,00000000       |                33,81 |
   11o. 09/2012     |  1,00000000       |                33,81 |     11o. 09/2013     |  1,00000000       |                33,81 |
   12o. 10/2012     |  1,00000000       |                33,81 |     12o. 10/2013     |  1,00000000       |                33,81 |
----------------------------------------------------------------------------------------------------------------------------------
----------------------------------------------------------------------------------------------------------------------------------
                  3o. ANO                                                                4o. ANO
----------------------------------------------------------------------------------------------------------------------------------
 MES                |       FATOR       |     VALOR            |   MES                |       FATOR       |     VALOR            |
----------------------------------------------------------------------------------------------------------------------------------
    1o. 11/2013     |  1,00000000       |                33,81 |      1o. 11/2014     |  1,00000000       |                33,81 |
    2o. 12/2013     |  1,00000000       |                33,81 |      2o. 12/2014     |  1,00000000       |                33,81 |
    3o. 01/2014     |  1,00000000       |                33,81 |      3o. 01/2015     |  1,00000000       |                33,81 |
    4o. 02/2014     |  1,00000000       |                33,81 |      4o. 02/2015     |  1,00000000       |                33,81 |
    5o. 03/2014     |  1,00000000       |                33,81 |      5o. 03/2015     |  1,00000000       |                33,81 |
    6o. 04/2014     |  1,00000000       |                33,81 |      6o. 04/2015     |  1,00000000       |                33,81 |
    7o. 05/2014     |  1,00000000       |                33,81 |      7o. 05/2015     |  1,00000000       |                33,81 |
    8o. 06/2014     |  1,00000000       |                33,81 |      8o. 06/2015     |  1,00000000       |                33,81 |
    9o. 07/2014     |  1,00000000       |                33,81 |      9o. 07/2015     |  1,00000000       |                33,81 |
   10o. 08/2014     |  1,00000000       |                33,81 |     10o. 08/2015     |  1,00000000       |                33,81 |
   11o. 09/2014     |  1,00000000       |                33,81 |     11o. 09/2015     |  1,00000000       |                33,81 |
   12o. 10/2014     |  1,00000000       |                33,81 |     12o. 10/2015     |  1,00000000       |                33,81 |
----------------------------------------------------------------------------------------------------------------------------------
----------------------------------------------------------------------------------------------------------------------------------
5- OBSERVAÇÕES: 
----------------------------------------------------------------------------------------------------------------------------------
----------------------------------------------------------------------------------------------------------------------------------
                                   CONTROLE DE CREDITO DO ATIVO PERMANENTE - CIAP                             |NUMERO DE ORDEM
                                                      MODELO   D                                              |   604
----------------------------------------------------------------------------------------------------------------------------------
1- IDENTIFICACAO
----------------------------------------------------------------------------------------------------------------------------------
Contribuinte: SASAZAKI INDÚSTRIA E COMÉRCIO LTDA                                    | Inscricao Estadual: 438.010.070.113
----------------------------------------------------------------------------------------------------------------------------------
         Bem: PT0/ID34/Material D.Direto - TRIBUTADO
----------------------------------------------------------------------------------------------------------------------------------
2- ENTRADA
----------------------------------------------------------------------------------------------------------------------------------
Fornecedor: NICOM COMERC MATS PARA CONSTRUCOES LTDA                                               | Nota Fiscal: 9332015
----------------------------------------------------------------------------------------------------------------------------------
Numero do LRE              | Folha               | Data de Entrada  | Valor de Aquisicao           | Valor do Imposto
                      0    |                0    |    07/11/2011    |             6.332.511,22     |                1.076.526,91
----------------------------------------------------------------------------------------------------------------------------------
3- SAIDA
----------------------------------------------------------------------------------------------------------------------------------
Nota Fiscal                | Modelo              | Data de Saida    |
----------------------------------------------------------------------------------------------------------------------------------
4- CREDITO MENSAL
----------------------------------------------------------------------------------------------------------------------------------
                  1o. ANO                                                                2o. ANO
----------------------------------------------------------------------------------------------------------------------------------
 MES                |       FATOR       |     VALOR            |   MES                |       FATOR       |     VALOR            |
----------------------------------------------------------------------------------------------------------------------------------
    1o. 11/2011     |  1,00000000       |            22.427,64 |      1o. 11/2012     |  1,00000000       |            22.427,64 |
    2o. 12/2011     |  1,00000000       |            22.427,64 |      2o. 12/2012     |  1,00000000       |            22.427,64 |
    3o. 01/2012     |  1,00000000       |            22.427,64 |      3o. 01/2013     |  1,00000000       |            22.427,64 |
    4o. 02/2012     |  1,00000000       |            22.427,64 |      4o. 02/2013     |  1,00000000       |            22.427,64 |
    5o. 03/2012     |  1,00000000       |            22.427,64 |      5o. 03/2013     |  1,00000000       |            22.427,64 |
    6o. 04/2012     |  1,00000000       |            22.427,64 |      6o. 04/2013     |  1,00000000       |            22.427,64 |
    7o. 05/2012     |  1,00000000       |            22.427,64 |      7o. 05/2013     |  1,00000000       |            22.427,64 |
    8o. 06/2012     |  1,00000000       |            22.427,64 |      8o. 06/2013     |  1,00000000       |            22.427,64 |
    9o. 07/2012     |  1,00000000       |            22.427,64 |      9o. 07/2013     |  1,00000000       |            22.427,64 |
   10o. 08/2012     |  1,00000000       |            22.427,64 |     10o. 08/2013     |  1,00000000       |            22.427,64 |
   11o. 09/2012     |  1,00000000       |            22.427,64 |     11o. 09/2013     |  1,00000000       |            22.427,64 |
   12o. 10/2012     |  1,00000000       |            22.427,64 |     12o. 10/2013     |  1,00000000       |            22.427,64 |
----------------------------------------------------------------------------------------------------------------------------------
----------------------------------------------------------------------------------------------------------------------------------
                  3o. ANO                                                                4o. ANO
----------------------------------------------------------------------------------------------------------------------------------
 MES                |       FATOR       |     VALOR            |   MES                |       FATOR       |     VALOR            |
----------------------------------------------------------------------------------------------------------------------------------
    1o. 11/2013     |  1,00000000       |            22.427,64 |      1o. 11/2014     |  1,00000000       |            22.427,64 |
    2o. 12/2013     |  1,00000000       |            22.427,64 |      2o. 12/2014     |  1,00000000       |            22.427,64 |
    3o. 01/2014     |  1,00000000       |            22.427,64 |      3o. 01/2015     |  1,00000000       |            22.427,64 |
    4o. 02/2014     |  1,00000000       |            22.427,64 |      4o. 02/2015     |  1,00000000       |            22.427,64 |
    5o. 03/2014     |  1,00000000       |            22.427,64 |      5o. 03/2015     |  1,00000000       |            22.427,64 |
    6o. 04/2014     |  1,00000000       |            22.427,64 |      6o. 04/2015     |  1,00000000       |            22.427,64 |
    7o. 05/2014     |  1,00000000       |            22.427,64 |      7o. 05/2015     |  1,00000000       |            22.427,64 |
    8o. 06/2014     |  1,00000000       |            22.427,64 |      8o. 06/2015     |  1,00000000       |            22.427,64 |
    9o. 07/2014     |  1,00000000       |            22.427,64 |      9o. 07/2015     |  1,00000000       |            22.427,64 |
   10o. 08/2014     |  1,00000000       |            22.427,64 |     10o. 08/2015     |  1,00000000       |            22.427,64 |
   11o. 09/2014     |  1,00000000       |            22.427,64 |     11o. 09/2015     |  1,00000000       |            22.427,64 |
   12o. 10/2014     |  1,00000000       |            22.427,64 |     12o. 10/2015     |  1,00000000       |            22.427,64 |
----------------------------------------------------------------------------------------------------------------------------------
----------------------------------------------------------------------------------------------------------------------------------
5- OBSERVAÇÕES: 
----------------------------------------------------------------------------------------------------------------------------------
