------------------------------------------------------------------------------------------------------------------------------------
                                                 Dump 30 pri.reg. Arq. Mercadorias/Servicos (Itens)                    Página:     1
-------------------------------------------------------------------------------------------------------------- TODAY - 00:00:00

SEQUENCIA POS. ++++.++++1++++.++++2++++.++++3++++.++++4++++.++++5++++.++++6++++.++++7++++.++++8++++.++++9++++.+++10

 0000001    1  01012003.COMPRAS            .Compras - Projeto 87                                                   
 0000002    1  0101200306.01.655-3         BPAD  -217X065X12 APACZA                                                
 0000003    1  0101200311                  Material D.Direto - REFEIÇÕES                                           
 0000004    1  0101200312                  Serviço D.Direto - DESPESAS COM HOSPEDAGEM                              
 0000005    1  0101200313F                 ITEM CONTROLE TOTAL                                                     
 0000006    1  0101200321.21.101-0         JVBSG-100X120X12-6 APDPRA/VLS                                           
 0000007    1  0101200321.21.102-8         JVBSG-100X150X12-6 APDPRA/VLS                                           
 0000008    1  0101200321.21.112-5         JVBSG-120X150X12-6 APDPRA/VLS                                           
 0000009    1  0101200321.21.113-3         JVBSG-120X200X12-6 APDPRA VLS                                           
 0000010    1  0101200321.21.201-6         JVBGE-100X120X12-6 APDPRA/VLS                                           
 0000011    1  0101200321.21.202-4         JVBGE-100X150X12-6 APDPRA/VLS                                           
 0000012    1  0101200321.21.212-1         JVBGE-120X150X12-6 APDPRA/VLS                                           
 0000013    1  0101200321.21.213-0         JVBGE-120X200X12-6 APDPRA VLS                                           
 0000014    1  0101200321.21.401-9         JVBGQ-100X120X12-6 APDPRA/VLS                                           
 0000015    1  0101200321.21.402-7         JVBGQ-100X150X12-6 APDPRA/VLS                                           
 0000016    1  0101200321.21.403-5         JVBGQ-100X200X12-6 APDPRA/VLS                                           
 0000017    1  0101200321.21.412-4         JVBGQ-120X150X12-6 APDPRA/VLS                                           
 0000018    1  0101200321.21.413-2         JVBGQ-120X200X12-6 APDPRA VLS                                           
 0000019    1  0101200321.22.101-5         JVCSG-100X120X12-6 APDBRA VLS                                           
 0000020    1  0101200321.22.102-3         JVCSG-100X150X12-6 APDBRA VLS                                           
 0000021    1  0101200321.22.103-1         JVCSG-100X200X12-6 APDBRA VLS                                           
 0000022    1  0101200321.22.112-0         JVCSG-120X150X12-6 APDBRA VLS                                           
 0000023    1  0101200321.22.113-9         JVCSG-120X200X12-6 APDBRA VLS                                           
 0000024    1  0101200321.22.201-1         JVCGE-100X120X12-6 APDBRA VLS                                           
 0000025    1  0101200321.22.202-0         JVCGE-100X150X12-6 APDBRA VLS                                           
 0000026    1  0101200321.22.203-8         JVCGE-100X200X12-6 APDBRA VLS                                           
 0000027    1  0101200321.22.401-4         JVCGQ-100X120X12-6 APDBRA VLS                                           
 0000028    1  0101200321.22.402-2         JVCGQ-100X150X12-6 APDBRA VLS                                           
 0000029    1  0101200321.22.403-0         JVCGQ-100X200X12-6 APDBRA VLS                                           
 0000030    1  0101200321.22.412-0         JVCGQ-120X150X12-6 APDBRA VLS                                           



























------------------------------------------------------------------------------DATASUL - OBRIGAÇÕES FISCAIS - OF0739A - V:0.00.00.000
