------------------------------------------------------------------------------------------------------------------------------------
SASAZAKI IND. E COM. LTDA                        GERAÇÃO DIME-SC                                                        Página:    1
-------------------------------------------------------------------------------------------------------------- TODAY - 00:00:00

------------------------------------------------------------------------------------------------------------------------------------
Dados do Contabilista / Responsavel (Registro 20)
------------------------------------------------------------------------------------------------------------------------------------
                         CPF:  26879106953
        Nome do contabilista:  DJALMA DOS SANTOS MACHADO
------------------------------------------------------------------------------------------------------------------------------------
Inicio da Declaracao (Registro 21/Quadro 00)                
------------------------------------------------------------------------------------------------------------------------------------
               Nr. Inscricao: 255721161
        Nome do contribuinte: Estabelecimento TOTVS - Ñ ALTERAR CONTAS          
       Periodo da declaracao: 05/2011                                                                         
             Tipo declaracao: 2-Encerramento de atividades                                                    
             Regime Apuracao: 2-Normal                                                                        
            Porte da empresa: 1-Nao se Aplica                                                                 
        Apuracao consolidada: 1-Nao e apuracao consolidada                                                    
       Apuracao centralizada: 1-Nao e apuracao centralizada                                                   
    Transferencia de Credito: 1-Nao transferiu nem recebeu creditos                                           
         Creditos presumidos: 1-Nao se Aplica                                                                 
      Creditos por incentivo: 1-Nao se Aplica                                                                 
                   Movimento: 3-Com movimento                                                                 
       Substituto tributario: 1-Sim                                                                           
        Tem escrita contabil: Sim estabelecimento principal                                                   
 Quantidade de trabalhadores: 01816
------------------------------------------------------------------------------------------------------------------------------------
Valores 
------------------------------------------------------------------------------------------------------------------------------------
CFOP             Vl Contabil                Vl Base             Vl Imposto             Vl Isentas              Vl Outras
01101           1.145.508,35           1.080.538,60             192.139,81              18.899,00                 910,00
01124               3.125,00                   0,00                   0,00                   0,00               3.125,00
01202                 160,00                 160,00                  28,80                   0,00                   0,00
01352              18.920,64               4.672,30                 560,65               1.050,00              13.198,34
01401                 609,00                 609,00                 109,62                   0,00                   0,00
01406               6.663,60                   0,00                   0,00                   0,00               6.663,60
01407               6.559,72                   0,00                   0,00                   0,00               6.559,72
01410               1.805,84               1.701,70                 306,31                   0,00                   0,00
01551              26.122,96                 404,23                  72,76                 473,00              24.247,79
01556              24.979,33                 275,00                  33,00               8.727,70              15.700,02
01651               5.546,00               3.697,52                 665,55               1.848,48                   0,00
01653               3.362,64               1.491,30                 178,95                   0,00               1.871,34
01902               1.517,68                   0,00                   0,00                   0,00               1.517,68
01910               5.938,49                   0,00                   0,00               5.900,00                  38,49
01916              13.000,00                   0,00                   0,00              13.000,00                   0,00
01920              40.079,00                   0,00                   0,00              40.079,00                   0,00
01933               1.144,00                   0,00                   0,00               1.144,00                   0,00
01949              32.796,28                   0,00                   0,00              32.796,28                   0,00
02101           1.454.716,61           1.436.481,61             172.377,76                   0,00                   0,00
02102                 120,00                 120,00                  14,40                   0,00                   0,00
02407                  72,33                   0,00                   0,00                   0,00                  72,33
02556               3.077,56                   0,00                   0,00                   0,00               3.077,56
02653               3.301,40               2.293,22                 275,19                   0,00               1.008,18
02911                   2,39                   0,00                   0,00                   0,00                   2,08
02920               2.940,00                   0,00                   0,00               2.940,00                   0,00
03101               3.100,00               3.000,00                 540,00                   0,00                   0,00
03551                 415,00                   0,00                   0,00                   0,00                 415,00
------------------------------------------------------------------------------------------------------------------------------------
Valores 
------------------------------------------------------------------------------------------------------------------------------------
CFOP             Vl Contabil                Vl Base             Vl Imposto             Vl Isentas              Vl Outras
05101             713.250,73             673.451,37             121.221,21                   0,00                   0,00
------------------------------------------------------------------------------DATASUL - OBRIGAÇÕES FISCAIS - OF0321C - V:0.00.00.000
------------------------------------------------------------------------------------------------------------------------------------
SASAZAKI IND. E COM. LTDA                        GERAÇÃO DIME-SC                                                        Página:    2
-------------------------------------------------------------------------------------------------------------- TODAY - 00:00:00

05102                 543,77                 543,77                 104,88                   0,00                   0,00
05201               1.590,11               1.590,11                 286,22                   0,00                   0,00
05401             893.118,21             844.476,35             152.005,69                   0,00                   0,00
05551               6.388,00                   0,00                   0,00               6.388,00                   0,00
05553                 220,00                 220,00                  55,00                   0,00                   0,00
05901             310.439,74                   0,00                   0,00                   0,00             310.439,74
05908                 607,06                   0,00                   0,00                 607,06                   0,00
05910              11.062,47              10.441,45               1.879,47                   0,00                   0,00
05915                 100,00                   0,00                   0,00                 100,00                   0,00
05921              25.836,00                   0,00                   0,00              25.836,00                   0,00
05949               5.970,61               5.970,61               1.074,71                   0,00                   0,00
06101             521.073,06             520.819,50              50.467,09                   0,00                 125,00
06102                  61,67                  61,67                   7,40                   0,00                   0,00
06107               3.576,43               3.576,43                 643,76                   0,00                   0,00
06109             101.017,43               1.500,00                 375,00              99.367,43                   0,00
06118                 175,00                 175,00                  43,75                   0,00                   0,00
06401             613.644,55             539.899,37              61.162,65                   0,00                   0,00
06403               1.650,00               1.500,00                 375,00                   0,00                   0,00
06501               2.510,60                   0,00                   0,00               2.510,60                   0,00
06551                 135,00                   0,00                   0,00                 135,00                   0,00
06908               1.821,18                   0,00                   0,00               1.821,18                   0,00
06910             102.029,06              93.466,36               7.039,13                   0,00                   0,00
06915               4.500,00                   0,00                   0,00               4.500,00                   0,00
06921               4.200,00                   0,00                   0,00               4.200,00                   0,00
06949                 856,57                 253,07                  45,56                 603,50                   0,00
07101               5.200,00                   0,00                   0,00               5.100,00                   0,00
------------------------------------------------------------------------------------------------------------------------------------
Resumo dos valores fiscais (Registro 24/Quadro 03)                                                                                  
------------------------------------------------------------------------------------------------------------------------------------
Item                     Valor
010               2.805.583,82
020               2.535.444,48
030                 367.302,80
040                 126.857,46
050                  78.407,13
060               3.331.577,25
070               2.697.945,06
080                 396.786,52
090                 151.168,77
100                 310.564,74
------------------------------------------------------------------------------------------------------------------------------------
Resumo da apuracao dos debitos (Registro 25/Quadro 04)                                                                              
------------------------------------------------------------------------------------------------------------------------------------
Item                     Valor
010                 396.786,52
030                     110,12
045                   3.472,32
990                 400.368,96
------------------------------------------------------------------------------------------------------------------------------------
Resumo da apuracao dos creditos (Registro 26/Quadro 05)                                                                             
------------------------------------------------------------------------------------------------------------------------------------
Item                     Valor
020                 367.302,80
030                 281.437,50
990                 648.740,30
------------------------------------------------------------------------------------------------------------------------------------
Calculo do imposto a pagar ou saldo credor (Registro 30/Quadro 09)                                                                  
------------------------------------------------------------------------------------------------------------------------------------
Item                     Valor
------------------------------------------------------------------------------DATASUL - OBRIGAÇÕES FISCAIS - OF0321C - V:0.00.00.000
------------------------------------------------------------------------------------------------------------------------------------
SASAZAKI IND. E COM. LTDA                        GERAÇÃO DIME-SC                                                        Página:    3
-------------------------------------------------------------------------------------------------------------- TODAY - 00:00:00

010                 400.368,96
040                 400.368,96
050                 648.740,30
075               1.434.112,33
080               2.082.852,63
120                       0,00
140               1.682.483,67
998               1.682.483,67
999                       0,00
------------------------------------------------------------------------------------------------------------------------------------
Informacoes sobre substituicao tributaria (Registro 32/Quadro 11)                                                                   
------------------------------------------------------------------------------------------------------------------------------------
Item                     Valor
010                   4.046,78
040                   4.046,78
050                     485,61
060                   5.204,75
065                     138,95
090                     150,00
120                     100,00
130                     250,00
190                     250,00
998                     250,00
999                       0,00
------------------------------------------------------------------------------------------------------------------------------------
Discriminacao dos pagamentos do imposto e dos debitos especificos (Registro 33/Quadro 12)
------------------------------------------------------------------------------------------------------------------------------------
Origem             Cod.ReceitaClasse   Dt Vencto              Valor Recolhimento Número do Acordo
1                  1449       10421    20052011                     2.225.966,12 4526           
1                  3000       10243    10052015                       191.755,64 752641         
2                  1473       10049    10052011                       244.804,28 7892           
------------------------------------------------------------------------------------------------------------------------------------
Informações sobre Diferença de Alíquota de Operação Interestadual (Registro 34/Quadro 13)                                           
------------------------------------------------------------------------------------------------------------------------------------
Item                     Valor
010                     180,00
020                   3.292,32
040                   3.472,32
120                   3.472,32
130                   3.472,32
------------------------------------------------------------------------------------------------------------------------------------
Creditos por autorizações especiais (Registro 46/Quadro 46)
------------------------------------------------------------------------------------------------------------------------------------
Seq.Regime/Autoriz especial                            Valor Origem
001 151060012477244                             1.165.217,82 14
002 151060012275536                                32.939,45 14
003 151060012476272                                   280,30 14
004 151060012475705                               213.664,51 14
005 151060012474652                                    44,38 14
006 151060012474147                                21.965,87 14
007 151060013307539                                    55,16 16
990 000000000000000                             1.434.167,49   
------------------------------------------------------------------------------------------------------------------------------------
Compras de extratores, produtores agropecuarios e pescadores (Registro 47/Quadro 47)                                                
------------------------------------------------------------------------------------------------------------------------------------
Municipio                                              Valor
------------------------------------------------------------------------------------------------------------------------------------
Receita de prestacao de servicos e fornecimento de energia eletrica (Registro 48/Quadro 48)                                         
------------------------------------------------------------------------------------------------------------------------------------
------------------------------------------------------------------------------DATASUL - OBRIGAÇÕES FISCAIS - OF0321C - V:0.00.00.000
------------------------------------------------------------------------------------------------------------------------------------
SASAZAKI IND. E COM. LTDA                        GERAÇÃO DIME-SC                                                        Página:    4
-------------------------------------------------------------------------------------------------------------- TODAY - 00:00:00

Municipio Atividade
                                                       Valor
------------------------------------------------------------------------------------------------------------------------------------
Entradas por unidade de federacao (Registro 49/Quadro 49)
------------------------------------------------------------------------------------------------------------------------------------
UF               Vl Contabil                Vl Base     Vl Outras entradas         Vl Petroleo/EE     Vl Outros produtos
BA                 41.664,00              41.664,00                   0,00                   0,00                   0,00
DF                    150,00                   0,00                 150,00                   0,00                   0,00
EX                  3.515,00               3.000,00                 415,00                   0,00                   0,00
GO                    525,00                   0,00                 525,00                   0,00                   0,00
MG                339.813,28             323.624,17                  32,55                   0,00                   0,00
MT                     95,58                   0,00                  95,58                   0,00                   0,00
PR                105.465,88             101.326,69               2.060,44                   0,00                   0,00
RJ                118.772,47             118.672,47                 100,00                   0,00                   0,00
SC                856.124,08             853.487,50               2.636,58                   0,00                   0,00
SP              1.339.458,53           1.093.669,65             199.249,44                   0,00                 104,14
TT              2.805.583,82           2.535.444,48             205.264,59                   0,00                 104,14
------------------------------------------------------------------------------------------------------------------------------------
Saidas por unidade de federacao (Registro 50/Quadro 50)
------------------------------------------------------------------------------------------------------------------------------------
UF          Vl Contabil NC          Vl Contabil           Vl Base NC              Vl Base            Vl Outras            Vl ICMS ST
AM                    0,00            99.367,43                 0,00                 0,00            99.367,43                  0,00
DF                    0,00            72.276,47                 0,00            72.276,47                 0,00                  0,00
ES                  603,50            70.554,81                 0,00            70.554,81               603,50                  0,00
EX                    0,00             5.200,00                 0,00                 0,00             5.100,00                  0,00
GO                  607,06            84.821,92                 0,00            84.769,36               607,06                  0,00
MG                  860,13           346.890,30               253,07           304.840,11               607,06             42.035,11
MS                    0,00            61.725,88                 0,00            55.122,38                 0,00              6.603,50
MT                    0,00           125.934,29                 0,00           114.316,79                 0,00             11.604,49
PR                  607,06           293.975,68                 0,00           286.889,08             7.617,66                  0,00
RJ                  668,00           112.797,81               668,00            98.311,60                 0,00             14.486,21
RN                    0,00             4.331,43                 0,00             4.331,43                 0,00                  0,00
RS                    0,00            68.418,05                 0,00            61.006,52                 0,00              7.411,53
SC                    0,00             8.385,73                 0,00             4.046,78             4.200,00                138,95
SP               30.584,65         1.942.967,05            29.977,59         1.510.581,07           343.630,80             88.922,54
TT               33.930,40         3.297.646,85            30.898,66         2.667.046,40           461.733,51            171.202,33
------------------------------------------------------------------------------------------------------------------------------------
Exclusoes do valor adicionado no mes (Registro 51/Quadro 51)                                                                        
------------------------------------------------------------------------------------------------------------------------------------
Item                     Valor
030                  63.495,75
040                     104,14
080                     836,66
090                 171.202,33
980                  63.599,89
990                 172.038,99
------------------------------------------------------------------------------------------------------------------------------------
Resumo do livro registro de inventario e receita bruta (Encerramento de atividades) (Registro 90/Quadro 90)                         
------------------------------------------------------------------------------------------------------------------------------------
Item                     Valor
010                       0,00
020                       0,00
030                       0,00
------------------------------------------------------------------------------------------------------------------------------------
Ativo (Encerramento de atividades) (Registro 91/Quadro 91)                                                                          
------------------------------------------------------------------------------------------------------------------------------------
Item                     Valor
199                       0,00
------------------------------------------------------------------------------------------------------------------------------------
------------------------------------------------------------------------------DATASUL - OBRIGAÇÕES FISCAIS - OF0321C - V:0.00.00.000
------------------------------------------------------------------------------------------------------------------------------------
SASAZAKI IND. E COM. LTDA                        GERAÇÃO DIME-SC                                                        Página:    5
-------------------------------------------------------------------------------------------------------------- TODAY - 00:00:00

Passivo (Encerramento de atividades) (Registro 92/Quadro 92)                                                                        
------------------------------------------------------------------------------------------------------------------------------------
Item                     Valor
299                       0,00
------------------------------------------------------------------------------------------------------------------------------------
Demonstracao de resultados (Encerramento de atividades) (Registro 93/Quadro 93)                                                     
------------------------------------------------------------------------------------------------------------------------------------
Item                     Valor
399                       0,00
------------------------------------------------------------------------------------------------------------------------------------
Detalhamento das despesas (Encerramento de atividades) (Registro 94/Quadro 94)                                                      
------------------------------------------------------------------------------------------------------------------------------------
Item                     Valor
499                       0,00
------------------------------------------------------------------------------------------------------------------------------------
Encerramento da declaracao (Registro 98)
------------------------------------------------------------------------------------------------------------------------------------
Quantidade de registros:  00148
------------------------------------------------------------------------------------------------------------------------------------
Fechamento do arquivo (Registro 99)
------------------------------------------------------------------------------------------------------------------------------------
Quantidade de registros:  00150
Quantidade de declaracoes:  00001




































------------------------------------------------------------------------------DATASUL - OBRIGAÇÕES FISCAIS - OF0321C - V:0.00.00.000
