------------------------------------------------------------------------------------------------------------------------------------
TOTVS S.A.                                       DIÁRIO AUXILIAR                                                       Página:     1
-------------------------------------------------------------------------------------------------------------- TODAY - 00:00:00

Conta             Estab UN  Transação                    Nr. Pat  / Seq. Série Docto     Emitente    Débitos            Créditos
----------------- ----- --- ---------------------------- ---------/----- ----- --------- ----------- ------------------ ------------------
------------------------ Movimento do Dia  01/01/2014 ----------------------------------------------------------------------------------
121020400000204
                  ICMS Pendente de Ativo Imobilizados
                  10000     IMPOSTOS PENDENTE                    0/0                                             480,00
                  Descrição:  Bem 15
                  10000     INICIO DE CREDITO                    0/0                                                                480,00
                  Descrição:  Bem 15
                  Total da Conta:                                                                              480,00             480,00

121020500000205
                  COFINS Pendente de Ativo Imobilizados
                  10000     INICIO DE CREDITO                    0/0                                                                480,00
                  Descrição:  Bem 15
                  10000     IMPOSTOS PENDENTE                    0/0                                             480,00
                  Descrição:  Bem 15
                  Total da Conta:                                                                              480,00             480,00

121020600000206
                  PIS Pendente de Ativo Imobilizados
                  10000     INICIO DE CREDITO                    0/0                                                                480,00
                  Descrição:  Bem 15
                  10000     IMPOSTOS PENDENTE                    0/0                                             480,00
                  Descrição:  Bem 15
                  Total da Conta:                                                                              480,00             480,00

211050400000507
                  ICMS Ativo a Recuperar                   010702010000201
                  10000     IMPOSTOS PENDENTE                    0/0                                                                480,00
                  Descrição:  Bem 15
                  Total da Conta:                                                                                0,00             480,00

211050400000521
                  PIS Ativo Recup                          010702010000201
                  10000     IMPOSTOS PENDENTE                    0/0                                                                480,00
                  Descrição:  Bem 15
                  Total da Conta:                                                                                0,00             480,00

211050400000522
                  COFINS Ativo Recup                       010702010000201
                  10000     IMPOSTOS PENDENTE                    0/0                                                                480,00
                  Descrição:  Bem 15
                  Total da Conta:                                                                                0,00             480,00

311111111111001
                  ICMS Imp. Rec. Longo Prazo
                  10000     INICIO DE CREDITO                    0/0                                             360,00
                  Descrição:  Bem 15
                  Total da Conta:                                                                              360,00               0,00

311111111111002
                  ICMS Imp. Rec. Curto Prazo
                  10000     INICIO DE CREDITO                    0/0                                             120,00
                  Descrição:  Bem 15
                  Total da Conta:                                                                              120,00               0,00

311111111111012
                  PIS Rec. Longo Prazo
-----------------------------------------------------------------------------------------------DATASUL -  - RI0414RP - V:0.00.00.000
------------------------------------------------------------------------------------------------------------------------------------
TOTVS S.A.                                       DIÁRIO AUXILIAR                                                       Página:     7
-------------------------------------------------------------------------------------------------------------- TODAY - 00:00:00

                  10000     INICIO DE CREDITO                    0/0                                             360,00
                  Descrição:  Bem 15
                  Total da Conta:                                                                              360,00               0,00

311111111111013
                  PIS Rec. Curto Prazo
                  10000     INICIO DE CREDITO                    0/0                                             120,00
                  Descrição:  Bem 15
                  Total da Conta:                                                                              120,00               0,00

311111111111023
                  COFINS Rec. Longo Prazo
                  10000     INICIO DE CREDITO                    0/0                                             360,00
                  Descrição:  Bem 15
                  Total da Conta:                                                                              360,00               0,00

311111111111024
                  COFINS Rec. Curto Prazo
                  10000     INICIO DE CREDITO                    0/0                                             120,00
                  Descrição:  Bem 15
                  Total da Conta:                                                                              120,00               0,00

                  Total do Dia:                                                                              2.880,00           2.880,00

Conta             Estab UN  Transação                    Nr. Pat  / Seq. Série Docto     Emitente    Débitos            Créditos
----------------- ----- --- ---------------------------- ---------/----- ----- --------- ----------- ------------------ ------------------
------------------------ Movimento do Dia  15/01/2014 ----------------------------------------------------------------------------------
121020400000204
                  ICMS Pendente de Ativo Imobilizados
                  10000     IMPOSTOS PENDENTE                    0/0                                             480,00
                  Descrição:  Bem 16
                  10000     INICIO DE CREDITO                    0/0                                                                480,00
                  Descrição:  Bem 16
                  Total da Conta:                                                                              480,00             480,00

121020500000205
                  COFINS Pendente de Ativo Imobilizados
                  10000     INICIO DE CREDITO                    0/0                                                                480,00
                  Descrição:  Bem 16
                  10000     IMPOSTOS PENDENTE                    0/0                                             480,00
                  Descrição:  Bem 16
                  Total da Conta:                                                                              480,00             480,00

121020600000206
                  PIS Pendente de Ativo Imobilizados
                  10000     INICIO DE CREDITO                    0/0                                                                480,00
                  Descrição:  Bem 16
                  10000     IMPOSTOS PENDENTE                    0/0                                             480,00
                  Descrição:  Bem 16
                  Total da Conta:                                                                              480,00             480,00

211050400000507
                  ICMS Ativo a Recuperar                   010702010000201
                  10000     IMPOSTOS PENDENTE                    0/0                                                                480,00
                  Descrição:  Bem 16
                  Total da Conta:                                                                                0,00             480,00

211050400000521
                  PIS Ativo Recup                          010702010000201
-----------------------------------------------------------------------------------------------DATASUL -  - RI0414RP - V:0.00.00.000
------------------------------------------------------------------------------------------------------------------------------------
TOTVS S.A.                                       DIÁRIO AUXILIAR                                                       Página:    13
-------------------------------------------------------------------------------------------------------------- TODAY - 00:00:00

                  10000     IMPOSTOS PENDENTE                    0/0                                                                480,00
                  Descrição:  Bem 16
                  Total da Conta:                                                                                0,00             480,00

211050400000522
                  COFINS Ativo Recup                       010702010000201
                  10000     IMPOSTOS PENDENTE                    0/0                                                                480,00
                  Descrição:  Bem 16
                  Total da Conta:                                                                                0,00             480,00

311111111111001
                  ICMS Imp. Rec. Longo Prazo
                  10000     INICIO DE CREDITO                    0/0                                             360,00
                  Descrição:  Bem 16
                  Total da Conta:                                                                              360,00               0,00

311111111111002
                  ICMS Imp. Rec. Curto Prazo
                  10000     INICIO DE CREDITO                    0/0                                             120,00
                  Descrição:  Bem 16
                  Total da Conta:                                                                              120,00               0,00

311111111111012
                  PIS Rec. Longo Prazo
                  10000     INICIO DE CREDITO                    0/0                                             360,00
                  Descrição:  Bem 16
                  Total da Conta:                                                                              360,00               0,00

311111111111013
                  PIS Rec. Curto Prazo
                  10000     INICIO DE CREDITO                    0/0                                             120,00
                  Descrição:  Bem 16
                  Total da Conta:                                                                              120,00               0,00

311111111111023
                  COFINS Rec. Longo Prazo
                  10000     INICIO DE CREDITO                    0/0                                             360,00
                  Descrição:  Bem 16
                  Total da Conta:                                                                              360,00               0,00

311111111111024
                  COFINS Rec. Curto Prazo
                  10000     INICIO DE CREDITO                    0/0                                             120,00
                  Descrição:  Bem 16
                  Total da Conta:                                                                              120,00               0,00

                  Total do Dia:                                                                              2.880,00           2.880,00

Conta             Estab UN  Transação                    Nr. Pat  / Seq. Série Docto     Emitente    Débitos            Créditos
----------------- ----- --- ---------------------------- ---------/----- ----- --------- ----------- ------------------ ------------------
------------------------ Movimento do Dia  31/01/2014 ----------------------------------------------------------------------------------
211050400000507
                  ICMS Ativo a Recuperar                   010702010000201
                  10000     IMPOSTO APROPRIADO                   0/0                                              10,00
                  Descrição:  Bem 16
                  10000     IMPOSTO APROPRIADO                   0/0                                              10,00
                  Descrição:  Bem 15
                  Total da Conta:                                                                               20,00               0,00

-----------------------------------------------------------------------------------------------DATASUL -  - RI0414RP - V:0.00.00.000
------------------------------------------------------------------------------------------------------------------------------------
TOTVS S.A.                                       DIÁRIO AUXILIAR                                                       Página:    18
-------------------------------------------------------------------------------------------------------------- TODAY - 00:00:00

211050400000521
                  PIS Ativo Recup                          010702010000201
                  10000     IMPOSTO APROPRIADO                   0/0                                              10,00
                  Descrição:  Bem 16
                  10000     IMPOSTO APROPRIADO                   0/0                                              10,00
                  Descrição:  Bem 15
                  Total da Conta:                                                                               20,00               0,00

211050400000522
                  COFINS Ativo Recup                       010702010000201
                  10000     IMPOSTO APROPRIADO                   0/0                                              10,00
                  Descrição:  Bem 15
                  10000     IMPOSTO APROPRIADO                   0/0                                              10,00
                  Descrição:  Bem 16
                  Total da Conta:                                                                               20,00               0,00

311111111111001
                  ICMS Imp. Rec. Longo Prazo
                  10000     TRANSF. DO LONGO PARA CURTO          0/0                                                                 10,00
                  Descrição:  Bem 16
                  10000     TRANSF. DO LONGO PARA CURTO          0/0                                                                 10,00
                  Descrição:  Bem 15
                  Total da Conta:                                                                                0,00              20,00

311111111111002
                  ICMS Imp. Rec. Curto Prazo
                  10000     IMPOSTO APROPRIADO                   0/0                                                                 10,00
                  Descrição:  Bem 16
                  10000     TRANSF. DO LONGO PARA CURTO          0/0                                              10,00
                  Descrição:  Bem 16
                  10000     TRANSF. DO LONGO PARA CURTO          0/0                                              10,00
                  Descrição:  Bem 15
                  10000     IMPOSTO APROPRIADO                   0/0                                                                 10,00
                  Descrição:  Bem 15
                  Total da Conta:                                                                               20,00              20,00

311111111111012
                  PIS Rec. Longo Prazo
                  10000     TRANSF. DO LONGO PARA CURTO          0/0                                                                 10,00
                  Descrição:  Bem 16
                  10000     TRANSF. DO LONGO PARA CURTO          0/0                                                                 10,00
                  Descrição:  Bem 15
                  Total da Conta:                                                                                0,00              20,00

311111111111013
                  PIS Rec. Curto Prazo
                  10000     TRANSF. DO LONGO PARA CURTO          0/0                                              10,00
                  Descrição:  Bem 16
                  10000     IMPOSTO APROPRIADO                   0/0                                                                 10,00
                  Descrição:  Bem 15
                  10000     TRANSF. DO LONGO PARA CURTO          0/0                                              10,00
                  Descrição:  Bem 15
                  10000     IMPOSTO APROPRIADO                   0/0                                                                 10,00
                  Descrição:  Bem 16
                  Total da Conta:                                                                               20,00              20,00

311111111111023
                  COFINS Rec. Longo Prazo

-----------------------------------------------------------------------------------------------DATASUL -  - RI0414RP - V:0.00.00.000
------------------------------------------------------------------------------------------------------------------------------------
TOTVS S.A.                                       DIÁRIO AUXILIAR                                                       Página:    20
-------------------------------------------------------------------------------------------------------------- TODAY - 00:00:00

                  10000     TRANSF. DO LONGO PARA CURTO          0/0                                                                 10,00
                  Descrição:  Bem 16
                  10000     TRANSF. DO LONGO PARA CURTO          0/0                                                                 10,00
                  Descrição:  Bem 15
                  Total da Conta:                                                                                0,00              20,00

311111111111024
                  COFINS Rec. Curto Prazo
                  10000     IMPOSTO APROPRIADO                   0/0                                                                 10,00
                  Descrição:  Bem 16
                  10000     TRANSF. DO LONGO PARA CURTO          0/0                                              10,00
                  Descrição:  Bem 16
                  10000     IMPOSTO APROPRIADO                   0/0                                                                 10,00
                  Descrição:  Bem 15
                  10000     TRANSF. DO LONGO PARA CURTO          0/0                                              10,00
                  Descrição:  Bem 15
                  Total da Conta:                                                                               20,00              20,00

                  Total do Dia:                                                                                120,00             120,00

                  Total do Período:                                                                          5.880,00           5.880,00






































-----------------------------------------------------------------------------------------------DATASUL -  - RI0414RP - V:0.00.00.000
