                                  CONTROLE DE CREDITO DE ICMS DO ATIVO PERMANENTE - CIAP (MODELO C)
MES/ANO:01 A 12/2009                                                                                             ANO/PAG:  2009/011
-----------------------------------------------------------------------------------------------------------------------------------
1- IDENTIFICACAO DO ESTABELECIMENTO
-----------------------------------------------------------------------------------------------------------------------------------
    Nome: SASAZAKI INDÚSTRIA E COMÉRCIO LTDA         CNPJ: 52045697000110     Inscricao Estadual: 438.010.070.113
Endereco: Avenida Eugênio Coneglian, nº 1.060      Bairro: D.Industrial                Municipio: MARILIA
-----------------------------------------------------------------------------------------------------------------------------------

-----------------------------------------------------------------------------------------------------------------------------------
2- DEMONSTRATIVO DA BASE PARA APROPRIACAO DO CREDITO (VALORES EM REAL)
-----------------------------------------------------------------------------------------------------------------------------------
                       IDENTIFICACAO DO BEM                             |                  VALOR DO ICMS
-----------------------------------------------------------------------------------------------------------------------------------
NUMERO OU DATA           NOTA     DESCRICAO RESUMIDA                    |     ENTRADA            SAIDA OU       TOTAL DO CREDITO
CODIGO                   FISCAL                                         |     (CREDITO)            BAIXA            A APROPRIAR
-----------------------------------------------------------------------------------------------------------------------------------
      109 01/01/2009                1/Bem 1                                         480,00               0,00                480,00
      209 10/01/2009     0001247    53/Empilhaderia                                 254,88               0,00                734,88
      309 30/01/2009     0012541    54/Esterira                                  33.908,71               0,00             34.643,59
      109 20/02/2009     001053     53/Empilhaderia                                   0,00             254,88             34.388,71
      109 25/04/2009     0001054    54/Esterira                                       0,00             431,56             33.957,15
      109 14/05/2009     00010541   54/Esterira                                       0,00              61,65             33.895,50
      109 20/05/2009     00010542   54/Esterira                                       0,00              61,65             33.833,85
      209 01/07/2009                2/Bem 2                                         480,00               0,00             34.313,85
      309 10/08/2009     0033661    56/escovas de extrusora                       3.640,00               0,00             37.953,85
      409 31/08/2009                57/Bem pai                                      960,00               0,00             38.913,85
      109 30/09/2009     10561      56/escovas de extrusora                           0,00               9,63             38.904,22
      109 28/12/2009     0010562    56/escovas de extrusora                           0,00              19,26             38.884,96
                                  CONTROLE DE CREDITO DE ICMS DO ATIVO PERMANENTE - CIAP (MODELO C)
MES/ANO:01 A 12/2009                                                                                             ANO/PAG:  2009/012
-----------------------------------------------------------------------------------------------------------------------------------
3- DEMONSTRATIVO DA APROPRIACAO MENSAL DE CREDITO (VALORES EM REAL)
-----------------------------------------------------------------------------------------------------------------------------------
         |       OPERACOES E PRESTACOES      |
         |-----------------------------------|
         |                        TOTAL DAS  |    COEFICIENTE                TOTAL DE             FRACAO             CREDITO MENSAL
   MES   |      TRIBUTADAS         SAIDAS    |   DE APROPRIACAO              CREDITO A            MENSAL              A APROPRIAR
         |         (1)               (2)     |      (3=1/2)                  APROPRIAR             (5)               (6=3 x 4 x 5)
         |                                   |                                  (4)
         |                                   |
-----------------------------------------------------------------------------------------------------------------------------------
Janeiro               1,00              1,00     1,00000000                34.643,59               1/48                      721,74
Fevereiro             1,00              1,00     1,00000000                34.388,71               1/48                      716,43
Marco                 1,00              1,00     1,00000000                34.388,71               1/48                      716,43
Abril                 1,00              1,00     1,00000000                33.957,15               1/48                      707,44
Maio                  1,00              1,00     1,00000000                33.833,85               1/48                      704,87
Junho                 1,00              1,00     1,00000000                33.833,85               1/48                      704,87
Julho                 1,00              1,00     1,00000000                34.313,85               1/48                      714,87
Agosto                1,00              1,00     1,00000000                38.913,85               1/48                      810,71
Setembro              1,00              1,00     1,00000000                38.904,22               1/48                      810,50
Outubro               1,00              1,00     1,00000000                38.904,22               1/48                      810,50
Novembro              1,00              1,00     1,00000000                38.904,22               1/48                      810,50
Dezembro              1,00              1,00     1,00000000                38.884,96               1/48                      810,10
