

                                  CONTROLE DE CREDITO DE PIS DO ATIVO PERMANENTE
MES/ANO:01 A 12/2014                                                                                             ANO/PAG:  2014/011
-----------------------------------------------------------------------------------------------------------------------------------
1- IDENTIFICACAO DO ESTABELECIMENTO
-----------------------------------------------------------------------------------------------------------------------------------
    Nome: SASAZAKI INDÚSTRIA E COMÉRCIO LTDA         CNPJ: 52045697000110     Inscricao Estadual: 438.010.070.113
Endereco: Avenida Eugênio Coneglian, nº 1.060      Bairro: D.Industrial                Municipio: MARILIA
-----------------------------------------------------------------------------------------------------------------------------------

-----------------------------------------------------------------------------------------------------------------------------------
2- DEMONSTRATIVO DA BASE PARA APROPRIACAO DO CREDITO
-----------------------------------------------------------------------------------------------------------------------------------
                       IDENTIFICACAO DO BEM                             |                  VALOR DO PIS
-----------------------------------------------------------------------------------------------------------------------------------
NUMERO OU DATA           NOTA     DESCRICAO RESUMIDA                    |     ENTRADA            SAIDA OU       TOTAL DO CREDITO
CODIGO                   FISCAL                                         |    (CREDITO)            BAIXA            A APROPRIAR
-----------------------------------------------------------------------------------------------------------------------------------
      114 31/01/2014                *decurso*3/Bem 3                                  0,00             480,00         20.943.085,72
      214 31/07/2014                *decurso*4/Bem 4                                  0,00             480,00         20.942.605,72


                                  CONTROLE DE CREDITO DE PIS DO ATIVO PERMANENTE
MES/ANO:01 A 12/2014                                                                                             ANO/PAG:  2014/012
-----------------------------------------------------------------------------------------------------------------------------------
3- DEMONSTRATIVO DA APROPRIACAO MENSAL DE CREDITO
-----------------------------------------------------------------------------------------------------------------------------------
         |                          TOTAL DE                          CREDITO MENSAL
   MES   |                          CREDITO A                          A APROPRIAR
         |                          APROPRIAR
-----------------------------------------------------------------------------------------------------------------------------------
Janeiro                       20.943.085,72                            436.314,36
Fevereiro                     20.943.085,72                            436.314,36
Marco                         20.943.085,72                            436.314,36
Abril                         20.943.085,72                            436.314,36
Maio                          20.943.085,72                            436.314,36
Junho                         20.943.085,72                            436.314,36
Julho                         20.942.605,72                            436.304,36
Agosto                        20.942.605,72                            436.304,36
Setembro                      20.942.605,72                            436.304,36
Outubro                       20.942.605,72                            436.304,36
Novembro                      20.942.605,72                            436.304,36
Dezembro                      20.942.605,72                            436.304,04
