

                                  CONTROLE DE CREDITO DE COFINS DO ATIVO PERMANENTE
MES/ANO:01 A 12/2009                                                                                             ANO/PAG:  2009/001
-----------------------------------------------------------------------------------------------------------------------------------
1- IDENTIFICACAO DO ESTABELECIMENTO
-----------------------------------------------------------------------------------------------------------------------------------
    Nome: SASAZAKI INDÚSTRIA E COMÉRCIO LTDA         CNPJ: 52045697000110     Inscricao Estadual: 438.010.070.113
Endereco: Avenida Eugênio Coneglian, nº 1.060      Bairro: D.Industrial                Municipio: MARILIA
-----------------------------------------------------------------------------------------------------------------------------------

-----------------------------------------------------------------------------------------------------------------------------------
2- DEMONSTRATIVO DA BASE PARA APROPRIACAO DO CREDITO
-----------------------------------------------------------------------------------------------------------------------------------
                       IDENTIFICACAO DO BEM                             |                  VALOR DO COFINS
-----------------------------------------------------------------------------------------------------------------------------------
NUMERO OU DATA           NOTA     DESCRICAO RESUMIDA                    |     ENTRADA            SAIDA OU       TOTAL DO CREDITO
CODIGO                   FISCAL                                         |    (CREDITO)            BAIXA            A APROPRIAR
-----------------------------------------------------------------------------------------------------------------------------------
      109 01/01/2009                1/Bem 1                                         480,00               0,00                480,00
      209 01/07/2009                2/Bem 2                                         480,00               0,00                960,00
      309 10/08/2009     0033661    56/escovas de extrusora                       2.400,00               0,00              3.360,00
      409 30/09/2009     10561      56/escovas de extrusora                           0,00               6,35              3.353,65
      509 28/12/2009     0010562    56/escovas de extrusora                           0,00              12,70              3.340,95


                                  CONTROLE DE CREDITO DE COFINS DO ATIVO PERMANENTE
MES/ANO:01 A 12/2009                                                                                             ANO/PAG:  2009/002
-----------------------------------------------------------------------------------------------------------------------------------
3- DEMONSTRATIVO DA APROPRIACAO MENSAL DE CREDITO
-----------------------------------------------------------------------------------------------------------------------------------
         |                          TOTAL DE                          CREDITO MENSAL
   MES   |                          CREDITO A                          A APROPRIAR
         |                          APROPRIAR
-----------------------------------------------------------------------------------------------------------------------------------
Janeiro                              480,00                                 10,00
Fevereiro                            480,00                                 10,00
Marco                                480,00                                 10,00
Abril                                480,00                                 10,00
Maio                                 480,00                                 10,00
Junho                                480,00                                 10,00
Julho                                960,00                                 20,00
Agosto                             3.360,00                                 81,38
Setembro                           3.353,65                                118,81
Outubro                            3.353,65                                118,81
Novembro                           3.353,65                                118,81
Dezembro                           3.340,95                                118,81
