-----------------------------------------------------------------------------------------------------------------------------------------------------------------------------
TOTVS S.A.                                       Auxiliar Bens (Estab: 10000 Data de Corte: 31/05/1                                                             Página:     1
------------------------------------------------------------------------------------------------------------------------------------------------------- TODAY - 00:00:00

                                                  Dt Inic            Val Credito   Val Parcela   Tot Credito         Total         Total     Valor Não         Total       Saldo a         Saldo         Saldo
   Id Bem Descrição                           UN  Credito  Qt Parc         Atual        Mensal       Entrada    Recuperado     Não Recup     Recup Mês       Baixado     Apropriar   Curto Prazo   Longo Prazo
--------- ----------------------------------- --- -------- ------- ------------- ------------- ------------- ------------- ------------- ------------- ------------- ------------- ------------- -------------
       15 Bem 28                                  31/05/14 1/48    20.833.333,33    434.027,78 20.833.333,33    434.027,78          0,00          0,00          0,00 20.399.305,55  5.208.333,36 15.190.972,19
       16 Bem 27                                  31/05/14 1/48           480,00         10,00        480,00         10,00          0,00          0,00          0,00        470,00        120,00        350,00
       17 Bem 26                                  15/05/14 1/48           480,00         10,00        480,00         10,00          0,00          0,00          0,00        470,00        120,00        350,00
       18 Bem 25                                  03/05/14 1/48            63,11          1,31         63,11          1,31          0,00          0,00          0,00         61,80         15,72         46,08
       19 Bem 24                                  02/05/14 1/48             0,30          0,01          0,30          0,01          0,00          0,00          0,00          0,29          0,12          0,17
       20 Bem 23                                  01/05/14 1/48             5,04          0,11          5,04          0,11          0,00          0,00          0,00          4,93          1,32          3,61
       21 Bem 22                                  15/04/14 2/48            22,82          0,48         22,82          0,96          0,00          0,00          0,00         21,86          5,76         16,10
       22 Bem 21                                  01/04/14 2/48           480,00         10,00        480,00         20,00          0,00          0,00          0,00        460,00        120,00        340,00
       23 Bem 20                                  01/03/14 3/48           480,00         10,00        480,00         30,00          0,00          0,00          0,00        450,00        120,00        330,00
       24 Bem 19                                  31/03/14 3/48           480,00         10,00        480,00         30,00          0,00          0,00          0,00        450,00        120,00        330,00
       25 Bem 18                                  28/02/14 4/48           480,00         10,00        480,00         40,00          0,00          0,00          0,00        440,00        120,00        320,00
       26 Bem 17                                  01/02/14 4/48           480,00         10,00        480,00         40,00          0,00          0,00          0,00        440,00        120,00        320,00
       27 Bem 16                                  15/01/14 5/48           480,00         10,00        480,00         50,00          0,00          0,00          0,00        430,00        120,00        310,00
       28 Bem 15                                  01/01/14 5/48           480,00         10,00        480,00         50,00          0,00          0,00          0,00        430,00        120,00        310,00

TOTAIS -------------------------------------------------------------------------------------------------------------------------------------------------------------------------------------------------------
                                                                   20.837.744,60    434.119,69 20.837.744,60    434.310,17          0,00          0,00          0,00 20.403.434,43  5.209.436,28 15.193.998,15







































----------------------------------------------------------------------------------------------------------------------------------------DATASUL -  - RI0404RP - V:0.00.00.000
