                                  CONTROLE DE CREDITO DE ICMS DO ATIVO PERMANENTE - CIAP (MODELO C)
MES/ANO:01 A 12/2011                                                                                             ANO/PAG:  2011/005
-----------------------------------------------------------------------------------------------------------------------------------
1- IDENTIFICACAO DO ESTABELECIMENTO
-----------------------------------------------------------------------------------------------------------------------------------
    Nome: SASAZAKI INDÚSTRIA E COMÉRCIO LTDA              CNPJ: 52045697000110        Inscricao Estadual: 438.010.070.113
Endereco: Avenida Eugênio Coneglian, nº 1.060           Bairro: D.Industrial                   Municipio: MARILIA
-----------------------------------------------------------------------------------------------------------------------------------

-----------------------------------------------------------------------------------------------------------------------------------
2- DEMONSTRATIVO DA BASE PARA APROPRIACAO DO CREDITO (VALORES EM REAL)
-----------------------------------------------------------------------------------------------------------------------------------
                       IDENTIFICACAO DO BEM                             |                  VALOR DO ICMS
-----------------------------------------------------------------------------------------------------------------------------------
NUMERO OU DATA           NOTA     DESCRICAO RESUMIDA                    |     ENTRADA            SAIDA OU       TOTAL DO CREDITO
CODIGO                   FISCAL                                         |     (CREDITO)            BAIXA            A APROPRIAR
-----------------------------------------------------------------------------------------------------------------------------------
      111 01/01/2011                5/Bem 5                                         480,00               0,00              2.400,00
      211 01/01/2011     1          41/Teste automacao                              100,00               0,00              2.500,00
      311 01/01/2011     1          42/Teste automaçao1                             360,00               0,00              2.860,00
      411 01/01/2011     1          43/Teste automaçao1                             360,00               0,00              3.220,00
      511 31/05/2011     1          48/Chamado TVKPI9                               480,00               0,00              3.700,00
      611 31/05/2011     2          48/Chamado TVKPI9                                 0,00               9,60              3.690,40
      711 31/05/2011     3          48/Chamado TVKPI9                                 0,00              57,60              3.632,80
      811 31/05/2011     4          48/Chamado TVKPI9                                 0,00              28,80              3.604,00
      911 31/05/2011     5          48/Chamado TVKPI9                                 0,00              48,00              3.556,00
     1011 01/07/2011                6/Bem 6                                         480,00               0,00              4.036,00
     1111 07/11/2011     9282015    29/Material D.Direto - TRIBUTADO              1.739,50               0,00              5.775,50
     1211 07/11/2011     9312015    32/Material D.Direto - TRIBUTADO              1.622,84               0,00              7.398,34
     1311 07/11/2011     9332015    34/Material D.Direto - TRIBUTADO          1.076.526,91               0,00          1.083.925,25
     1411 07/11/2011     9362016    37/Material D.Direto - TRIBUTADO             18.888,89               0,00          1.102.814,14
     1511 07/11/2011     9372016    38/Material D.Direto - TRIBUTADO              1.700,04               0,00          1.104.514,18
     1611 07/11/2011     9382016    39/Material D.Direto - TRIBUTADO                 56,63               0,00          1.104.570,81
     1711 07/11/2011     9392016    40/Material D.Direto - TRIBUTADO                 20,99               0,00          1.104.591,80
                                  CONTROLE DE CREDITO DE ICMS DO ATIVO PERMANENTE - CIAP (MODELO C)
MES/ANO:01 A 12/2011                                                                                             ANO/PAG:  2011/006
-----------------------------------------------------------------------------------------------------------------------------------
3- DEMONSTRATIVO DA APROPRIACAO MENSAL DE CREDITO (VALORES EM REAL)
-----------------------------------------------------------------------------------------------------------------------------------
         |       OPERACOES E PRESTACOES      |
         |-----------------------------------|
         |                        TOTAL DAS  |    COEFICIENTE                TOTAL DE             FRACAO             CREDITO MENSAL
   MES   |      TRIBUTADAS         SAIDAS    |   DE APROPRIACAO              CREDITO A            MENSAL              A APROPRIAR
         |         (1)               (2)     |      (3=1/2)                  APROPRIAR             (5)               (6=3 x 4 x 5)
         |                                   |                                  (4)
         |                                   |
-----------------------------------------------------------------------------------------------------------------------------------
Janeiro               1,00              1,00     1,00000000                 3.220,00               1/48                       67,08
Fevereiro             1,00              1,00     1,00000000                 3.220,00               1/48                       67,08
Marco                 1,00              1,00     1,00000000                 3.220,00               1/48                       67,08
Abril                 1,00              1,00     1,00000000                 3.220,00               1/48                       67,08
Maio                  1,00              1,00     1,00000000                 3.556,00               1/48                       74,08
Junho                 1,00              1,00     1,00000000                 3.556,00               1/48                       74,08
Julho                 1,00              1,00     1,00000000                 4.036,00               1/48                       84,08
Agosto                1,00              1,00     1,00000000                 4.036,00               1/48                       84,08
Setembro              1,00              1,00     1,00000000                 4.036,00               1/48                       84,08
Outubro               1,00              1,00     1,00000000                 4.036,00               1/48                       84,08
Novembro              1,00              1,00     1,00000000             1.104.591,80               1/48                   23.012,33
Dezembro              1,00              1,00     1,00000000             1.104.591,80               1/48                   23.012,33

