









                                         TERMO DE ABERTURA                       
                                         ----------------------------------------





                          *********************   T E R M O   D E   A B E R T U R A                       
                          ********************* MODELO  -  P 1                                            
                                             NUMERO  DE  ORDEM - 87 CONTEM ESTE LIVRO                     
                          500 FOLHAS NUMERADAS ELETRONICAMENTE  POR  PROCESSAMENTO DE                     
                          DA DOS, DE 001 ( HUM )  A  500 ( QUINHENTAS ) E SERVIRA PARA                    
                          O LANCAMENTO DAS OPERA COES PROPRIAS DO ESTABELECIMENTO DA                      
                          FIRMA SASAZAKI INDUSTRIA E COMERCIO LTDA. SE DIADA A AV:                        
                          EUGENIO CONEGLIAN 1060  EM MARILIA - SP., INSCRITA NO                           
                          CADASTRO GERAL DE CONTRIBUINTE DO MINISTERIO DA FAZENDA SOB                     
                          O   N* 52.045.697/0001-10, INSCRITA NA SECRETARIA DA FAZENDA                    
                          DO ESTADO DE SAO PAULO SOB O N* 438.010.070.113 E REGIS                         
                          TRADA NA JUNTA COMERCIAL DO ESTADO DE SAO PAULO SOB O N*                        
                          35.207.992.516 DE 09/89                                                         
                            MARILIA-SP,01 DE JANEIRO DE 2000.                                             
                          ___________________________________                                             
                          _________________________ EDUARDO TADAIASSU TERAOKA -                           
                          DIRETOR                  AKIRA IVASAKI  -  CONTADOR      RG                     
                          N* 3.542.664 - SSP/SP                          CPF N*                           
                          223.100.619-72                                                                  

                                              REGISTRO DE APURAÇÃO DO ICMS

FIRMA:  Estabelecimento TOTVS - Ñ ALTERAR CONTAS

INSC. EST.: 255721161           C.N.P.J.: 53.113.791/0017-90

FOLHA:       2       MÊS OU PERÍODO/ANO: 01/05/2011 A 31/05/2011

-----------------------------------------------                 ENTRADAS                 -------------------------------------------
                                                        ICMS - VALORES FISCAIS
CODIFICACAO                                        OPERACOES COM CREDITO DO IMPOSTO            OPERACOES SEM CREDITO DO IMPOSTO
CONTABIL     FISCAL        VALORES CONTABEIS       BASE DE CALCULO     IMPOSTO CREDITADO      ISENTAS/NAO TRIB.               OUTRAS
------------------------------------------------------------------------------------------------------------------------------------
              1.101             1.146.508,35          1.080.538,60            192.139,81             18.899,00              1.910,00
              1.124                 3.125,00                  0,00                  0,00                  0,00              3.125,00
              1.202                   160,00                160,00                 28,80                  0,00                  0,00
              1.352                18.920,64              4.672,30                560,65              1.050,00             13.198,34
              1.401                   609,00                609,00                109,62                  0,00                  0,00
              1.406                 6.663,60                  0,00                  0,00                  0,00              6.663,60
              1.407                 6.559,72                  0,00                  0,00                  0,00              6.559,72
              1.410                 1.805,84              1.701,70                306,31                  0,00                  0,00
              1.551                26.122,96                404,23                 72,76                473,00             24.247,79
              1.556                24.979,33                275,00                 33,00              8.727,70             15.700,02
              1.651                 5.546,00              3.697,52                665,55              1.848,48                  0,00
              1.653                 3.362,64              1.491,30                178,95                  0,00              1.871,34
              1.902                 1.517,68                  0,00                  0,00                  0,00              1.517,68
              1.910                 5.938,49                  0,00                  0,00              5.900,00                 38,49
              1.916                13.000,00                  0,00                  0,00             13.000,00                  0,00
              1.920                40.079,00                  0,00                  0,00             40.079,00                  0,00
              1.933                 1.144,00                  0,00                  0,00              1.144,00                  0,00
              1.949                32.796,28                  0,00                  0,00             32.796,28                  0,00
              2.101             1.454.716,61          1.436.481,61            172.377,76                  0,00                  0,00
              2.102                   120,00                120,00                 14,40                  0,00                  0,00
              2.407                    72,33                  0,00                  0,00                  0,00                 72,33
              2.556                 3.077,56                  0,00                  0,00                  0,00              3.077,56
              2.653                 3.301,40              2.293,22                275,19                  0,00              1.008,18
              2.911                     2,39                  0,00                  0,00                  0,00                  2,08
              2.920                 2.940,00                  0,00                  0,00              2.940,00                  0,00
              3.101                 3.100,00              3.000,00                540,00                  0,00                  0,00
              3.551                   415,00                  0,00                  0,00                  0,00                415,00

      SUBTOTAIS ENTRADAS            
1.000 DO ESTAD                  1.338.838,53          1.093.549,65            194.095,45            123.917,46             74.831,98

2.000 DE OUTRO                  1.464.230,29          1.438.894,83            172.667,35              2.940,00              4.160,15

3.000 DO EXTER                      3.515,00              3.000,00                540,00                  0,00                415,00

      TOTAIS                    2.806.583,82          2.535.444,48            367.302,80            126.857,46             79.407,13
                                                                                                                                    
                                                                                                                                    
                                                                                                                                    
                                                                                                                                    
                                                                                                                                    
                                                                                                                                    
                                                                                                                                    
                                                                                                                                    
                                                                                                                                    
                                                                                                                                    
                                                                                                                                    
                                                                                                                                    
                                                                                                                                    
                                                                                                                                    

                                              REGISTRO DE APURAÇÃO DO ICMS

FIRMA:  Estabelecimento TOTVS - Ñ ALTERAR CONTAS

INSC. EST.: 255721161           C.N.P.J.: 53.113.791/0017-90

FOLHA:       3       MÊS OU PERÍODO/ANO: 01/05/2011 A 31/05/2011

-----------------------------------------------                  SAÍDAS                  -------------------------------------------
                                                        ICMS - VALORES FISCAIS
CODIFICACAO                                        OPERACOES COM DEBITO DO IMPOSTO             OPERACOES SEM DEBITO DO IMPOSTO
CONTABIL     FISCAL        VALORES CONTABEIS      BASE DE CALCULO       IMPOSTO DEBITADO      ISENTAS/NAO TRIB.               OUTRAS
------------------------------------------------------------------------------------------------------------------------------------
              5.101               714.250,73            673.451,37            121.221,21              1.000,00                  0,00
              5.102                   543,77                543,77                104,88                  0,00                  0,00
              5.201                 1.590,11              1.590,11                286,22                  0,00                  0,00
              5.401               893.118,21            844.476,35            152.005,69                  0,00                  0,00
              5.551                 6.638,00                  0,00                  0,00              6.638,00                  0,00
              5.553                   220,00                220,00                 55,00                  0,00                  0,00
              5.901               310.439,74                  0,00                  0,00                  0,00            310.439,74
              5.908                   607,06                  0,00                  0,00                607,06                  0,00
              5.910                11.062,47             10.441,45              1.879,47                  0,00                  0,00
              5.915                   100,00                  0,00                  0,00                100,00                  0,00
              5.921                25.836,00                  0,00                  0,00             25.836,00                  0,00
              5.949                 5.970,61              5.970,61              1.074,71                  0,00                  0,00
              6.101               534.862,06            534.608,50             51.432,32                  0,00                125,00
              6.102                 2.061,67              2.061,67                147,40                  0,00                  0,00
              6.107                 3.576,43              3.576,43                643,76                  0,00                  0,00
              6.109               104.617,43              5.100,00                627,00             99.367,43                  0,00
              6.118                   175,00                175,00                 43,75                  0,00                  0,00
              6.401               613.644,55            539.899,37             61.162,65                  0,00                  0,00
              6.403                 1.650,00              1.500,00                375,00                  0,00                  0,00
              6.501                 2.510,60                  0,00                  0,00              2.510,60                  0,00
              6.551                   135,00                  0,00                  0,00                135,00                  0,00
              6.908                 1.821,18                  0,00                  0,00              1.821,18                  0,00
              6.910               102.029,06             93.466,36              7.039,13                  0,00                  0,00
              6.915                 4.500,00                  0,00                  0,00              4.500,00                  0,00
              6.921                 4.200,00                  0,00                  0,00              4.200,00                  0,00
              6.949                   856,57                253,07                 45,56                603,50                  0,00
              7.101                 5.200,00                  0,00                  0,00              5.100,00                  0,00

      SUBTOTAIS SAÍDAS              
5.000 PARA O E                  1.970.376,70          1.536.693,66            276.627,18             34.181,06            310.439,74

6.000 PARA OUT
      ESTADOS                   1.376.639,55          1.180.640,40            121.516,57            113.137,71                125,00

7.000 PARA O E                      5.200,00                  0,00                  0,00              5.100,00                  0,00

      TOTAIS                    3.352.216,25          2.717.334,06            398.143,75            152.418,77            310.564,74
                                                                                                                                    
                                                                                                                                    
                                                                                                                                    
                                                                                                                                    
                                                                                                                                    
                                                                                                                                    
                                                                                                                                    
                                                                                                                                    
                                                                                                                                    
                                                                                                                                    
                                                                                                                                    
                                                                                                                                    
                                                                                                                                    

                                                RESUMO DA APURAÇÃO DO ICMS

FIRMA:  Estabelecimento TOTVS - Ñ ALTERAR CONTAS

INSC. EST.: 255721161           C.N.P.J.: 53.113.791/0017-90

FOLHA:       4       MÊS OU PERÍODO/ANO: 01/05/2011 A 31/05/2011

------------------------------------------------------------------------------------------------------------------------------------
    DÉBITO DO IMPOSTO                                                                                  VALORES                      
------------------------------------------------------------------------------------------------------------------------------------
   |                                                                                  COLUNA AUXILIAR               SOMAS           
   |                                                                              ------------------------ ------------------------ 
   | 001 - POR SAÍDAS/PRESTAÇÕES COM DÉBITO DO IMPOSTO                                                                   398.143,75 
   | 002 - OUTROS DÉBITOS (DISCRIMINAR ABAIXO)                                                                                      
   | NFS PERIODO ANTERIOR                                                                     1.003.908,84                          
   | ICMS RECOLHIDO                                                                             180.836,91                          
   |                                                                                                                   1.184.745,75 
  D|                                                                                                                                
  É|                                                                                                                                
  B|                                                                                                                                
  I|                                                                                                                                
  T|                                                                                                                                
  O|                                                                                                                                
   | 003 - ESTORNO DE CRÉDITOS (DISCRIMINAR ABAIXO)                                                                                 
   | ESTORNO ICMS                                                                                 1.930,35                          
   | ESTORNO ICMS                                                                                   208,32                          
   | ESTORNO PARCIAL DE ICMS                                                                          3,68                          
   |                                                                                                                       2.142,35 
   | 004 - SUBTOTAL                                                                                                    1.585.031,85 
------------------------------------------------------------------------------------------------------------------------------------
    CRÉDITO DO IMPOSTO                                                                                                              
------------------------------------------------------------------------------------------------------------------------------------
   | 005 - POR ENTRADAS/AQUISIÇÕES COM CRÉDITO DO IMPOSTO                                                                367.302,80 
   | 006 - OUTROS CRÉDITOS (DISCRIMINAR ABAIXO)                                                                                     
   | CREDITO ICMS ATIVO FIXO                                                                    281.437,50                          
   | CREDITO ICMS COMUNICACAO                                                                       280,30                          
   |                                                                                                                     281.717,80 
   | 007 - ESTORNO DE DÉBITOS (DISCRIMINAR ABAIXO)                                                                                  
   |                                                                                                                           0,00 
  C|                                                                                                                                
  R|                                                                                                                                
  É|                                                                                                                                
  D|                                                                                                                                
  I|                                                                                                                                
  T|                                                                                                                                
  O|                                                                                                                                
   | 008 - SUBTOTAL                                                                                                      649.020,60 
   |                                                                                                                                
   | 009 - SALDO CREDOR DO PERÍODO ANTERIOR                                                                                         
   |                                                                                                                           0,00 
   | 010 - TOTAL                                                                                                         649.020,60 
------------------------------------------------------------------------------------------------------------------------------------
                                                                                                                                    
                                                                                                                                    
                                                                                                                                    
                                                                                                                                    
                                                                                                                                    
                                                                                                                                    
                                                                                                                                    
                                                                                                                                    
                                                                                                                                    

                                                RESUMO DA APURAÇÃO DO ICMS

FIRMA:  Estabelecimento TOTVS - Ñ ALTERAR CONTAS

INSC. EST.: 255721161           C.N.P.J.: 53.113.791/0017-90

FOLHA:       5       MÊS OU PERÍODO/ANO: 01/05/2011 A 31/05/2011

------------------------------------------------------------------------------------------------------------------------------------
    APURAÇÃO DO SALDO                                                                                                               
------------------------------------------------------------------------------------------------------------------------------------
   | 011 - SALDO DEVEDOR(DÉBITO MENOS CRÉDITO)                                                                           936.011,25 
   | 012 - DEDUÇÕES (DISCRIMINAR ABAIXO)                                                                                            
   |                                                                                                                           0,00 
  S|                                                                                                                                
  A|                                                                                                                                
  L|                                                                                                                                
  D|                                                                                                                                
  O| 013 - IMPOSTO A RECOLHER                                                                                            936.011,25 
   | 014 - SALDO CREDOR(CRÉDITO MENOS DÉBITO)                                                                                       
   |       A TRANSPORTAR PARA O PERÍODO SEGUINTE                                                                               0,00 
------------------------------------------------------------------------------------------------------------------------------------
                             INFORMAÇÕES COMPLEMENTARES                                                                             
------------------------------------------------------------------------------------------------------------------------------------
                             GUIAS DE RECOLHIMENTO                                       GUIA DE INFORMAÇÃO                         
                                                                                                                                    
                NÚMERO  DATA                     VALOR   ORGÃO ARRECADADOR                DATA DA ENTREGA    LOCAL DA ENTREGA       
                                                                                                            (BANCO/REPARTIÇÃO)      
                                                                                                                                    
                     1  20/05/2011        2.225.966,12                                                                              
                     2  10/05/2013          191.755,64                                                                              
                                                                                                                                    
 OBSERVAÇÕES:   
              NUMERO 2 --> ICMS PRODEC - PROCESSO Nº SEF 32282/2006 - Nº ACORDO                                                     
              75010000002328.                                                                                                       
                                                                                                                                    
                                                                                                                                    
                                                                                                                                    
                                                                                                                                    
                                                                                                                                    
                                                                                                                                    
                                                                                                                                    
                                                                                                                                    
                                                                                                                                    
                                                                                                                                    
                                                                                                                                    
                                                                                                                                    
                                                                                                                                    
                                                                                                                                    
                                                                                                                                    
                                                                                                                                    
                                                                                                                                    
                                                                                                                                    
                                                                                                                                    
                                                                                                                                    
                                                                                                                                    
                                                                                                                                    
                                                                                                                                    
                                                                                                                                    
                                                                                                                                    
                                                                                                                                    
                                                                                                                                    
                                                                                                                                    
                                                RESUMO DA APURAÇÃO DO ICMS             - SUBSTITUIÇÃO TRIBUTÁRIA - OPER.INTERNAS

FIRMA:  Estabelecimento TOTVS - Ñ ALTERAR CONTAS

INSC. EST.: 255721161           C.N.P.J.: 53.113.791/0017-90

FOLHA:       6       MÊS OU PERÍODO/ANO: 01/05/2011 A 31/05/2011

------------------------------------------------------------------------------------------------------------------------------------
    DÉBITO DO IMPOSTO                                                                                  VALORES                      
------------------------------------------------------------------------------------------------------------------------------------
   |                                                                                  COLUNA AUXILIAR               SOMAS           
   |                                                                              ------------------------ ------------------------ 
 D | 001 - POR SAÍDAS/PRESTAÇÕES COM DÉBITO DO IMPOSTO                                                                       138,95 
 É | 002 - OUTROS DÉBITOS (DISCRIMINAR ABAIXO)                                                                                      
 B |                                                                                                                                
 I | 003 - ESTORNO DE CRÉDITOS (DISCRIMINAR ABAIXO)                                                                                 
 T |                                                                                                                                
 O | 004 - SUBTOTAL                                                                                                          138,95 
------------------------------------------------------------------------------------------------------------------------------------
                             CRÉDITO DO IMPOSTO                                                                                     
------------------------------------------------------------------------------------------------------------------------------------
   | 005 - POR ENTRADAS/AQUISIÇÕES COM CRÉDITO DO IMPOSTO                                                                      0,00 
 C | 006 - OUTROS CRÉDITOS (DISCRIMINAR ABAIXO)                                                                                     
 R |                                                                                                                                
 É | 007 - ESTORNO DE DÉBITOS (DISCRIMINAR ABAIXO)                                                                                  
 D |                                                                                                                                
 I | 008 - SUBTOTAL                                                                                                            0,00
 T |                                                                                                                                
 O | 009 - SALDO CREDOR DO PERÍODO ANTERIOR                                                                                         
   | 010 - TOTAL                                                                                                               0,00 
------------------------------------------------------------------------------------------------------------------------------------
    APURAÇÃO DO SALDO                                                                                                               
------------------------------------------------------------------------------------------------------------------------------------
   | 011 - SALDO DEVEDOR(DÉBITO MENOS CRÉDITO)                                                                               138,95 
 S | 012 - DEDUÇÕES (DISCRIMINAR ABAIXO)                                                                                            
 A |                                                                                                                                
 L | 013 - IMPOSTO A RECOLHER                                                                                                138,95 
 D | 014 - SALDO CREDOR(CRÉDITO MENOS DÉBITO)                                                                                       
 O |       A TRANSPORTAR PARA O PERÍODO SEGUINTE                                                                               0,00 
------------------------------------------------------------------------------------------------------------------------------------
                                                                                                                                    
                                                                                                                                    
                                                                                                                                    
                                                                                                                                    
                                                                                                                                    
                                                                                                                                    
                                                                                                                                    
                                                                                                                                    
                                                                                                                                    
                                                                                                                                    
                                                                                                                                    
                                                                                                                                    
                                                                                                                                    
                                                                                                                                    
                                                                                                                                    
                                                                                                                                    
                                                                                                                                    
                                                                                                                                    
                                                                                                                                    
                                                                                                                                    
                                                                                                                                    
                                                                                                                                    

                                              REGISTRO DE APURAÇÃO DO ICMS             - SUBSTITUIÇÃO TRIBUTÁRIA - OPER.INTEREST

FIRMA:  Estabelecimento TOTVS - Ñ ALTERAR CONTAS

INSC. EST.: 255721161           C.N.P.J.: 53.113.791/0017-90

FOLHA:       7       MÊS OU PERÍODO/ANO: 01/05/2011 A 31/05/2011

-----------------------------------------------                 ENTRADAS                 -------------------------------------------
                                                        ICMS - VALORES FISCAIS
CODIFICACAO                                        OPERACOES COM CREDITO DO IMPOSTO            OPERACOES SEM CREDITO DO IMPOSTO
CONTABIL     FISCAL        VALORES CONTABEIS       BASE DE CALCULO     IMPOSTO CREDITADO      ISENTAS/NAO TRIB.               OUTRAS
------------------------------------------------------------------------------------------------------------------------------------
                                                                                                                                    
                                TOTAL                         0,00                  0,00                                            
                                                                                                                                    
                                                                                                                                    
                                                                                                                                    
                                  SP                      2.280,28                104,14                                            
                                                                                                                                    
                                TOTAL                     2.280,28                104,14                                            
                                                                                                                                    
                                                                                                                                    
-----------------------------------------------                   SAÍDAS                 -------------------------------------------
                                                        ICMS - VALORES FISCAIS
CODIFICACAO                                        OPERACOES COM DEBITO DO IMPOSTO             OPERACOES SEM DEBITO DO IMPOSTO
CONTABIL     FISCAL        VALORES CONTABEIS      BASE DE CALCULO       IMPOSTO DEBITADO      ISENTAS/NAO TRIB.               OUTRAS
------------------------------------------------------------------------------------------------------------------------------------
                                  MG                    436.754,41             42.035,11                                            
                                  MS                     55.363,42              6.603,50                                            
                                  MT                    165.778,29             11.604,49                                            
                                  RJ                    137.822,09             14.486,21                                            
                                  RS                     86.660,70              7.411,53                                            
                                  SP                  1.993.142,20             88.922,54                                            
                                                                                                                                    
                                TOTAL                 2.875.521,11            171.063,38                                            
                                                                                                                                    
                                                                                                                                    
                                                                                                                                    
                                                                                                                                    
                                                                                                                                    
                                                                                                                                    
                                                                                                                                    
                                                                                                                                    
                                                                                                                                    
                                                                                                                                    
                                                                                                                                    
                                                                                                                                    
                                                                                                                                    
                                                                                                                                    
                                                                                                                                    
                                                                                                                                    
                                                                                                                                    
                                                                                                                                    
                                                                                                                                    
                                                                                                                                    
                                                                                                                                    
                                                                                                                                    
                                                                                                                                    
                                                                                                                                    
                                                                                                                                    
                                                                                                                                    
                                                                                                                                    
