------------------------------------------------------------------------------------------------------------------------------------
SASAZAKI IND. E COM. LTDA                        Relatório de Contabilização - Período: 08/2009                         Página:    1
-------------------------------------------------------------------------------------------------------------- 06/02/2020 - 15:14:54

Erro na integração, verifique o arquivo.   C:\\Temp\RI0180911.log
Referência gerada, mas atualize através da Módulo CT ou FASB
28407 - Houve erro na Integração com a Contabilidade do EMS5 Empresa:          10 Referência:  RI018091   Est:  1
Estab Cta Contábil/CCusto  Titulo                              UN  Bem           Nr. Pat.  Seq. Tp  Grupo       Debito      Credito
----- -------------------- ----------------------------------- --- ------------ --------- ----- -- ------ ------------ ------------
1     121020400000204      ICMS Pendente de Ativo Imobilizados     55                   0     0 00      1        98,00         0,00
                                                                   56                   0     0 09      1         0,00      3640,00
                                                                                                00      1      3640,00         0,00
                                                                   57                   0     0 09      1         0,00       960,00
                                                                   59                   0     0 00      1       480,00         0,00
                                                                   60                   0     0 00      1       480,00         0,00
                                                                   61                   0     0 00      1      4800,00         0,00
                                                                   62                   0     0 00      1      3700,00         0,00
                                                                                                          ------------ ------------
                                                                                             TOTAL:           13198,00      4600,00


      121020500000205      COFINS Pendente de Ativo Imobilizad     56                   0     0 00      3      2400,00         0,00
                                                                                                09      3         0,00      2400,00
                                                                   61                   0     0 00      3       400,00         0,00
                                                                   62                   0     0 00      3      1900,00         0,00
                                                                                                          ------------ ------------
                                                                                             TOTAL:            4700,00      2400,00


      121020600000206      PIS Pendente de Ativo Imobilizados      56                   0     0 09      2         0,00      1600,00
                                                                                                00      2      1600,00         0,00
                                                                   61                   0     0 00      2       240,00         0,00
                                                                   62                   0     0 00      2       625,00         0,00
                                                                                                          ------------ ------------
                                                                                             TOTAL:            2465,00      1600,00


      211050400000507      ICMS Ativo a Recuperar                  55                   0     0 00      1         0,00        98,00
      010701010000101                                              56                   0     0 00      1         0,00      3640,00
                                                                   59                   0     0 00      1         0,00       480,00
                                                                   60                   0     0 00      1         0,00       480,00
                                                                   61                   0     0 00      1         0,00      4800,00
                                                                   62                   0     0 00      1         0,00      3700,00
                                                                                                          ------------ ------------
                                                                                             TOTAL:               0,00     13198,00


                                                                   1                    0     0 10      1        10,00         0,00
                                                                   2                    0     0 10      1        10,00         0,00
                                                                   49                   0     0 10      1       100,00         0,00
                                                                   54                   0     0 10      1       694,87         0,00
                                                                   56                   0     0 10      1        75,83         0,00
                                                                   57                   0     0 10      1        20,00         0,00
                                                                                                          ------------ ------------
                                                                                             TOTAL:             910,70     13198,00


      211050400000521      PIS Ativo Recup                         56                   0     0 00      2         0,00      1600,00
      010701010000101                                              61                   0     0 00      2         0,00       240,00
                                                                   62                   0     0 00      2         0,00       625,00
                                                                                                          ------------ ------------
                                                                                             TOTAL:               0,00      2465,00


-----------------------------------------------------------------------------------------------DATASUL -  - RI0412RP - V:2.00.00.076
------------------------------------------------------------------------------------------------------------------------------------
SASAZAKI IND. E COM. LTDA                        Relatório de Contabilização - Período: 08/2009                         Página:    2
-------------------------------------------------------------------------------------------------------------- 06/02/2020 - 15:14:56

Estab Cta Contábil/CCusto  Titulo                              UN  Bem           Nr. Pat.  Seq. Tp  Grupo       Debito      Credito
----- -------------------- ----------------------------------- --- ------------ --------- ----- -- ------ ------------ ------------
                                                                   1                    0     0 10      2        10,00         0,00
                                                                   2                    0     0 10      2        10,00         0,00
                                                                   56                   0     0 10      2        66,67         0,00
                                                                                                          ------------ ------------
                                                                                             TOTAL:              86,67      2465,00


      211050400000522      COFINS Ativo Recup                      56                   0     0 00      3         0,00      2400,00
      010701010000101                                              61                   0     0 00      3         0,00       400,00
                                                                   62                   0     0 00      3         0,00      1900,00
                                                                                                          ------------ ------------
                                                                                             TOTAL:               0,00      4700,00


                                                                   1                    0     0 10      3        10,00         0,00
                                                                   2                    0     0 10      3        10,00         0,00
                                                                   56                   0     0 10      3       100,00         0,00
                                                                                                          ------------ ------------
                                                                                             TOTAL:             120,00      4700,00


      311111111111001      ICMS Imp. Rec. Longo Prazo              1                    0     0 12      1         0,00        10,00
                                                                   2                    0     0 12      1         0,00        10,00
                                                                   49                   0     0 12      1         0,00       100,00
                                                                   54                   0     0 12      1         0,00       694,87
                                                                   56                   0     0 09      1      2730,04         0,00
                                                                                                12      1         0,00        75,83
                                                                   57                   0     0 12      1         0,00        20,00
                                                                                                09      1       720,00         0,00
                                                                                                          ------------ ------------
                                                                                             TOTAL:            3450,04       910,70


      311111111111002      ICMS Imp. Rec. Curto Prazo              1                    0     0 12      1        10,00         0,00
                                                                                                10      1         0,00        10,00
                                                                   2                    0     0 10      1         0,00        10,00
                                                                                                12      1        10,00         0,00
                                                                   49                   0     0 12      1       100,00         0,00
                                                                                                10      1         0,00       100,00
                                                                   54                   0     0 10      1         0,00       694,87
                                                                                                12      1       694,87         0,00
                                                                   56                   0     0 09      1       909,96         0,00
                                                                                                12      1        75,83         0,00
                                                                                                10      1         0,00        75,83
                                                                   57                   0     0 09      1       240,00         0,00
                                                                                                10      1         0,00        20,00
                                                                                                12      1        20,00         0,00
                                                                                                          ------------ ------------
                                                                                             TOTAL:            2060,66       910,70


      311111111111012      PIS Rec. Longo Prazo                    1                    0     0 12      2         0,00        10,00
                                                                   2                    0     0 12      2         0,00        10,00
                                                                   56                   0     0 12      2         0,00        66,67
                                                                                                09      2       799,96         0,00
                                                                                                          ------------ ------------
                                                                                             TOTAL:             799,96        86,67

-----------------------------------------------------------------------------------------------DATASUL -  - RI0412RP - V:2.00.00.076
------------------------------------------------------------------------------------------------------------------------------------
SASAZAKI IND. E COM. LTDA                        Relatório de Contabilização - Período: 08/2009                         Página:    3
-------------------------------------------------------------------------------------------------------------- 06/02/2020 - 15:14:56

Estab Cta Contábil/CCusto  Titulo                              UN  Bem           Nr. Pat.  Seq. Tp  Grupo       Debito      Credito
----- -------------------- ----------------------------------- --- ------------ --------- ----- -- ------ ------------ ------------
      311111111111013      PIS Rec. Curto Prazo                    1                    0     0 12      2        10,00         0,00
                                                                                                10      2         0,00        10,00
                                                                   2                    0     0 12      2        10,00         0,00
                                                                                                10      2         0,00        10,00
                                                                   56                   0     0 10      2         0,00        66,67
                                                                                                09      2       800,04         0,00
                                                                                                12      2        66,67         0,00
                                                                                                          ------------ ------------
                                                                                             TOTAL:             886,71        86,67


      311111111111023      COFINS Rec. Longo Prazo                 1                    0     0 12      3         0,00        10,00
                                                                   2                    0     0 12      3         0,00        10,00
                                                                   56                   0     0 09      3      1200,00         0,00
                                                                                                12      3         0,00       100,00
                                                                                                          ------------ ------------
                                                                                             TOTAL:            1200,00       120,00


      311111111111024      COFINS Rec. Curto Prazo                 1                    0     0 12      3        10,00         0,00
                                                                                                10      3         0,00        10,00
                                                                   2                    0     0 12      3        10,00         0,00
                                                                                                10      3         0,00        10,00
                                                                   56                   0     0 10      3         0,00       100,00
                                                                                                09      3      1200,00         0,00
                                                                                                12      3       100,00         0,00
                                                                                                          ------------ ------------
                                                                                             TOTAL:            1320,00       120,00





























-----------------------------------------------------------------------------------------------DATASUL -  - RI0412RP - V:2.00.00.076
------------------------------------------------------------------------------------------------------------------------------------
SASAZAKI IND. E COM. LTDA                        Relatório de Contabilização - Período: 08/2009                         Página:    4
-------------------------------------------------------------------------------------------------------------- 06/02/2020 - 15:14:56

                                                                                                    --------------- ---------------
                                                                                     TOTAL GERAL         31.197,74       51.560,74

























































-----------------------------------------------------------------------------------------------DATASUL -  - RI0412RP - V:2.00.00.076
------------------------------------------------------------------------------------------------------------------------------------
SASAZAKI IND. E COM. LTDA                        Relatório de Contabilização - Período: 08/2009                         Página:    5
-------------------------------------------------------------------------------------------------------------- 06/02/2020 - 15:14:56


------- RESUMO POR ESTABELECIMENTO x GRUPO x PERÍODO -------

Estab  Grupo Período       Val Recuperado Val Não Recuperado
----- ------ ---------- ----------------- ------------------
1          1 01/08/2009            910,70               0,00
1          2 01/08/2009             86,67               0,00
1          3 01/08/2009            120,00               0,00

LEGENDA:

0 -> TRANSFERÊNCIA DE IMPOSTO ATIVO A RECUPERAR PARA CONTA DE IMPOSTOS PENDENTE
1 -> IMPOSTO ATIVO PENDENTE DE INICIO DE CREDITO
4 -> BAIXA IMPOSTO ATIVO POR VENDAS
5 -> BAIXA IMPOSTO ATIVO POR TRANSFERENCIA
6 -> BAIXA IMPOSTO ATIVO POR QUEBRA
7 -> BAIXA IMPOSTO ATIVO POR DEVOLUCAO
8 -> BAIXA IMPOSTO ATIVO POR INUTILIZACAO
9 -> INICIO DE CREDITO IMPOSTO ATIVO
10 -> IMPOSTO ATIVO APROPRIADO NO PERIODO
11 -> IMPOSTO ATIVO NAO APROPRIADO NO PERIODO
12 -> TRANSFERENCIA 1 PARCELA DE LP PARA CP NO PERIODO
13 -> ESTORNO DE CREDITO INDEVIDO.
14 -> BAIXA IMPOSTO ATIVO POR EXAUSTAO OU PERDA.
16 -> CORRECAO IMPOSTO ATIVO POR MOEDA ALTERNATIVA.
17 -> IMPOSTO ATIVO NAO APROPRIADO POR ARREDONDAMENTO - Curto Prazo



SELEÇÃO :           

Estabelecimento :   1       |<  >|     1       


PARÂMETRO :

                      Período: 08/2009
 Integração com Contabilidade: Sim
                  Contabiliza: Sim
               Descontabiliza: Não
                    Impressão: Detalhada


IMPRESSÃO :

         Destino:   2 - c:/automacao/relatorios/CN_RI0412_200908.lst
         Usuário:   SUPER












-----------------------------------------------------------------------------------------------DATASUL -  - RI0412RP - V:2.00.00.076
