

                                  CONTROLE DE CREDITO DE COFINS DO ATIVO PERMANENTE
MES/ANO:01 A 12/2013                                                                                             ANO/PAG:  2013/009
-----------------------------------------------------------------------------------------------------------------------------------
1- IDENTIFICACAO DO ESTABELECIMENTO
-----------------------------------------------------------------------------------------------------------------------------------
    Nome: SASAZAKI INDÚSTRIA E COMÉRCIO LTDA              CNPJ: 52045697000110        Inscricao Estadual: 438.010.070.113
Endereco: Avenida Eugênio Coneglian, nº 1.060           Bairro: D.Industrial                   Municipio: MARILIA
-----------------------------------------------------------------------------------------------------------------------------------

-----------------------------------------------------------------------------------------------------------------------------------
2- DEMONSTRATIVO DA BASE PARA APROPRIACAO DO CREDITO
-----------------------------------------------------------------------------------------------------------------------------------
                       IDENTIFICACAO DO BEM                             |                  VALOR DO COFINS
-----------------------------------------------------------------------------------------------------------------------------------
NUMERO OU DATA           NOTA     DESCRICAO RESUMIDA                    |     ENTRADA            SAIDA OU       TOTAL DO CREDITO
CODIGO                   FISCAL                                         |    (CREDITO)            BAIXA            A APROPRIAR
-----------------------------------------------------------------------------------------------------------------------------------
      113 01/01/2013                7/Bem 7                                         480,00               0,00            494.366,47
      213 01/01/2013                8/Bem 8                                          22,82               0,00            494.389,29
      313 01/01/2013                9/Bem 9                                           5,04               0,00            494.394,33
      413 01/01/2013                10/Bem 10                                         0,30               0,00            494.394,63
      513 01/01/2013                11/Bem 11                                        63,11               0,00            494.457,74
      613 01/01/2013                12/Bem 12                                       480,00               0,00            494.937,74
      713 01/01/2013                13/Bem 13                                       480,00               0,00            495.417,74
      813 01/01/2013                14/Bem 14                                20.833.333,33               0,00         21.328.751,07
      913 31/01/2013                *decurso*1/Bem 1                                  0,00             480,00         21.328.271,07
     1013 31/07/2013                *decurso*2/Bem 2                                  0,00             480,00         21.327.791,07


                                  CONTROLE DE CREDITO DE COFINS DO ATIVO PERMANENTE
MES/ANO:01 A 12/2013                                                                                             ANO/PAG:  2013/010
-----------------------------------------------------------------------------------------------------------------------------------
3- DEMONSTRATIVO DA APROPRIACAO MENSAL DE CREDITO
-----------------------------------------------------------------------------------------------------------------------------------
         |                          TOTAL DE                          CREDITO MENSAL
   MES   |                          CREDITO A                          A APROPRIAR
         |                          APROPRIAR
-----------------------------------------------------------------------------------------------------------------------------------
Janeiro                       21.328.271,07                            444.339,04
Fevereiro                     21.328.271,07                            444.339,04
Marco                         21.328.271,07                            444.339,04
Abril                         21.328.271,07                            444.339,04
Maio                          21.328.271,07                            444.339,04
Junho                         21.328.271,07                            444.339,04
Julho                         21.327.791,07                            444.329,04
Agosto                        21.327.791,07                            444.329,04
Setembro                      21.327.791,07                            444.329,04
Outubro                       21.327.791,07                            444.329,04
Novembro                      21.327.791,07                            444.329,04
Dezembro                      21.327.791,07                            444.329,04
