

                                  CONTROLE DE CREDITO DE PIS DO ATIVO PERMANENTE
MES/ANO:01 A 12/2009                                                                                             ANO/PAG:  2009/001
-----------------------------------------------------------------------------------------------------------------------------------
1- IDENTIFICACAO DO ESTABELECIMENTO
-----------------------------------------------------------------------------------------------------------------------------------
    Nome: SASAZAKI INDÚSTRIA E COMÉRCIO LTDA              CNPJ: 52045697000110        Inscricao Estadual: 438.010.070.113
Endereco: Avenida Eugênio Coneglian, nº 1.060           Bairro: D.Industrial                   Municipio: MARILIA
-----------------------------------------------------------------------------------------------------------------------------------

-----------------------------------------------------------------------------------------------------------------------------------
2- DEMONSTRATIVO DA BASE PARA APROPRIACAO DO CREDITO
-----------------------------------------------------------------------------------------------------------------------------------
                       IDENTIFICACAO DO BEM                             |                  VALOR DO PIS
-----------------------------------------------------------------------------------------------------------------------------------
NUMERO OU DATA           NOTA     DESCRICAO RESUMIDA                    |     ENTRADA            SAIDA OU       TOTAL DO CREDITO
CODIGO                   FISCAL                                         |    (CREDITO)            BAIXA            A APROPRIAR
-----------------------------------------------------------------------------------------------------------------------------------
      109 01/01/2009                1/Bem 1                                         480,00               0,00                480,00
      209 01/07/2009                2/Bem 2                                         480,00               0,00                960,00


                                  CONTROLE DE CREDITO DE PIS DO ATIVO PERMANENTE
MES/ANO:01 A 12/2009                                                                                             ANO/PAG:  2009/002
-----------------------------------------------------------------------------------------------------------------------------------
3- DEMONSTRATIVO DA APROPRIACAO MENSAL DE CREDITO
-----------------------------------------------------------------------------------------------------------------------------------
         |                          TOTAL DE                          CREDITO MENSAL
   MES   |                          CREDITO A                          A APROPRIAR
         |                          APROPRIAR
-----------------------------------------------------------------------------------------------------------------------------------
Janeiro                              480,00                                 10,00
Fevereiro                            480,00                                 10,00
Marco                                480,00                                 10,00
Abril                                480,00                                 10,00
Maio                                 480,00                                 10,00
Junho                                480,00                                 10,00
Julho                                960,00                                 20,00
Agosto                               960,00                                 20,00
Setembro                             960,00                                 20,00
Outubro                              960,00                                 20,00
Novembro                             960,00                                 20,00
Dezembro                             960,00                                 20,00
