FIRMA: Estabelecimento TOTVS - Ñ ALTERAR CONTAS  INSCR. EST.: 255721161               CNPJ   : 53113791001790      Folha:          1
PERIODO: 01/05/2011 A 31/05/2011  APURACAO DE IPI POR GRUPO DE CFOP E CLASSIFICACAO FISCAL

                                          VALOR CONTABIL           BASE IPI          VALOR IPI     ISENTAS/N.TRIB             OUTRAS


GRUPO  10  -  Entrada
                                            1.145.508,35         695.383,99          45.160,75          38.123,21         366.840,40

GRUPO  20  -  Entrada Inter
                                            1.454.716,61         355.632,46          18.235,00               0,00       1.080.849,15

GRUPO  30  -  Entrada Import
                                                3.100,00           1.000,00             100,00           1.000,00           1.000,00

GRUPO  40  -  Saída
                                              713.250,73           5.793,13             289,70               0,00         667.658,24

GRUPO  50  -  Saída 2
                                              893.118,21               0,00               0,00               0,00         844.476,35

GRUPO  60  -  Saída Inter
                                              521.073,06           3.386,13             128,56               0,00         517.558,37

GRUPO  70  -  Saída Inter 2
                                              613.644,55             561,90              28,09               0,00         539.337,47

GRUPO  80  -  Saída Export
                                                5.200,00           1.300,00             100,00           1.000,00           1.000,00

TOTAL GERAL                                 5.349.611,51       1.063.057,61          64.042,10          40.123,21       4.018.719,98
































-----------------------------------------------------------------------------DATASUL - OBRIGACOES FISCAIS - OF0714RP - V:0.00.00.000

