------------------------------------------------------------------------------------------------------------------------------------
                                                 Normativa 86 - Listagem dos Parâmetros                                 Página:    1
-------------------------------------------------------------------------------------------------------------- TODAY - 00:00:00

Data Inicial:                                  01/05/11
Data Final:                                    31/05/11
Estabelecimento:                               1
Considera Notas de Serviço nos arquivo C e D:  Sim
Considera Desconto:                            Sim
Normativa:                                     IN 86/2001 - ADE COFIS 25/2010
Diretório Arquivos:                            c:\automacao\relatorios\
Nr Max Bytes:                                  999.999.999.999
Tipo Armazenamento:                            Outro Meio Físico
Outro Dispositivo:
Endereço Para Contato:                         Av. Santos Dumont, 831/100, Santo Antônio, Joinville, SC, Brasil, CEP(89218900).
Nome Contributinte:                            Testes Automacao Fiscal
CPF Contributinte:                             71754872239
Telefone Contributinte:                        04738017213
FAX Contributinte:                             04738017213
E-Mail Contributinte:                          totvs@totvs.com.br
Nome Responsável:                              Testes Automacao Fiscal
CPF Responsável:                               71754872239
Telefone Responsável:                          04738017213
FAX Responsável:                               04738017213
E-Mail Responsável:                            totvs@totvs.com.br


                              Seleção de Emitente


                           Naturezas a Desconsiderar
































-----------------------------------------------------------------------------DATASUL - OBRIGAÇÕES FISCAIS - OF0739RP - V:0.00.00.000
