I--------------   C O N T R I B U I N T E    ----------------I DEMONSTRATIVO DE ESTORNO DE CREDITO DE IPI      PAG:               1
I EMPRESA  :  1                                              I
I ENDERECO :  Av. Santos Dumont, 831/100
                                                             I  (SAIDAS NAO TRIBUTADAS - SEM MANUTENCAO DE CREDITO)
I MUNICIPIO:  Joinville                 UF:                  I
I C.N.P.J  :  53.113.791/0017-90  I.EST: 255721161           I
I------------------------------------------------------------I        PERÍODO:   01/05/2011 A 31/05/2011

*--------- DADOS  RELATIVOS  A  SAIDA  ISENTA -------------------* *- DADOS RELATIVOS AO ESTORNO DE MATERIA PRIMA / COMPONENTES -*

NATUREZA OPERACAO : 5.551    - VENDA DE ATIVO IMOBILIZADO

NR. NF          SER DATA     CODIGO DO ITEM      QUANTIDADE   UN COMPONENTE          QUANTIDADE UN PRECO UNIT. ALIQ.     TOT.IMPOSTO
------------------------------------------------------------------------------------------------------------------------------------
0000852         1   20/05/11 40t                    10,0000   PC
                                                            40T                    10,0000 PC                                   0,00
                                                                                        Total do Item ..........:               0,00
                                                                                        Total da Nota ..........:               0,00
                                                                                        Total da Natureza ......:               0,00












































-----------------------------------------------------------------------------DATASUL - OBRIGAÇÕES FISCAIS - OF0606RP - V:0.00.00.000
I--------------   C O N T R I B U I N T E    ----------------I DEMONSTRATIVO DE ESTORNO DE CREDITO DE IPI      PAG:               2
I EMPRESA  :  1                                              I
I ENDERECO :  Av. Santos Dumont, 831/100
                                                             I  (SAIDAS NAO TRIBUTADAS - SEM MANUTENCAO DE CREDITO)
I MUNICIPIO:  Joinville                 UF:                  I
I C.N.P.J  :  53.113.791/0017-90  I.EST: 255721161           I
I------------------------------------------------------------I        PERÍODO:   01/05/2011 A 31/05/2011

*--------- DADOS  RELATIVOS  A  SAIDA  ISENTA -------------------* *- DADOS RELATIVOS AO ESTORNO DE MATERIA PRIMA / COMPONENTES -*

NATUREZA OPERACAO : 5.901    - REMESSA P/ INDUST.

NR. NF          SER DATA     CODIGO DO ITEM      QUANTIDADE   UN COMPONENTE          QUANTIDADE UN PRECO UNIT. ALIQ.     TOT.IMPOSTO
------------------------------------------------------------------------------------------------------------------------------------
0075572         5   05/05/11 80.75.004-8           350,0000   KG
                                                            80.75.004-8           350,0000 KG       9,31  5,00                162,93
                                                                                        Total do Item ..........:             162,93
0075572         5   05/05/11 82.70.004-8           250,0000   KG
                                                            82.70.004-8           250,0000 KG                                   0,00
                                                                                        Total do Item ..........:               0,00
                                                                                        Total da Nota ..........:             162,93
0075722         5   06/05/11 82.51.310-8           360,3600   Mt
                                                            82.51.310-8           360,3600 Mt       0,00  0,00                  0,00
                                                                                        Total do Item ..........:               0,00
0075722         5   06/05/11 82.51.312-4           363,0900   Mt
                                                            82.51.312-4           363,0900 Mt       0,00  0,00                  0,00
                                                                                        Total do Item ..........:               0,00
0075722         5   06/05/11 82.51.315-9         1.789,2000   Mt
                                                            82.51.315-9         1.789,2000 Mt       0,00  0,00                  0,00
                                                                                        Total do Item ..........:               0,00
0075722         5   06/05/11 82.51.335-3         2.647,5350   Mt
                                                            82.51.335-3         2.647,5350 Mt       0,00  0,00                  0,00
                                                                                        Total do Item ..........:               0,00
0075722         5   06/05/11 82.52.012-0         1.288,6500   Mt
                                                            82.52.012-0         1.288,6500 Mt       0,00  0,00                  0,00
                                                                                        Total do Item ..........:               0,00
0075722         5   06/05/11 82.52.029-5        12.033,4500   Mt
                                                            82.52.029-5        12.033,4500 Mt       0,00  0,00                  0,00
                                                                                        Total do Item ..........:               0,00
0075722         5   06/05/11 82.52.043-0           563,2000   Mt
                                                            82.52.043-0           563,2000 Mt       0,00  0,00                  0,00
                                                                                        Total do Item ..........:               0,00
0075722         5   06/05/11 82.52.048-1           613,8000   Mt
                                                            82.52.048-1           613,8000 Mt       0,00  0,00                  0,00
                                                                                        Total do Item ..........:               0,00
0075722         5   06/05/11 82.52.074-0           726,0000   Mt
                                                            82.52.074-0           726,0000 Mt       0,00  0,00                  0,00
                                                                                        Total do Item ..........:               0,00
0075722         5   06/05/11 82.52.077-5           894,0000   Mt
                                                            82.52.077-5           894,0000 Mt       0,00  0,00                  0,00
                                                                                        Total do Item ..........:               0,00
0075722         5   06/05/11 82.52.079-1         1.244,4000   Mt
                                                            82.52.079-1         1.244,4000 Mt       0,00  0,00                  0,00
                                                                                        Total do Item ..........:               0,00
                                                                                        Total da Nota ..........:               0,00
0075723         5   06/05/11 82.51.195-4         3.140,9000   Mt
                                                            82.51.195-4         3.140,9000 Mt       0,00  0,00                  0,00
                                                                                        Total do Item ..........:               0,00
0075723         5   06/05/11 82.51.214-4         1.206,1500   Mt
                                                            82.51.214-4         1.206,1500 Mt       0,00  0,00                  0,00
                                                                                        Total do Item ..........:               0,00
0075723         5   06/05/11 82.51.220-9         3.598,0400   Mt
                                                            82.51.220-9         3.598,0400 Mt       0,00  0,00                  0,00
-----------------------------------------------------------------------------DATASUL - OBRIGAÇÕES FISCAIS - OF0606RP - V:0.00.00.000
I--------------   C O N T R I B U I N T E    ----------------I DEMONSTRATIVO DE ESTORNO DE CREDITO DE IPI      PAG:               3
I EMPRESA  :  1                                              I
I ENDERECO :  Av. Santos Dumont, 831/100
                                                             I  (SAIDAS NAO TRIBUTADAS - SEM MANUTENCAO DE CREDITO)
I MUNICIPIO:  Joinville                 UF:                  I
I C.N.P.J  :  53.113.791/0017-90  I.EST: 255721161           I
I------------------------------------------------------------I        PERÍODO:   01/05/2011 A 31/05/2011

*--------- DADOS  RELATIVOS  A  SAIDA  ISENTA -------------------* *- DADOS RELATIVOS AO ESTORNO DE MATERIA PRIMA / COMPONENTES -*

NATUREZA OPERACAO : 5.901    - REMESSA P/ INDUST.

NR. NF          SER DATA     CODIGO DO ITEM      QUANTIDADE   UN COMPONENTE          QUANTIDADE UN PRECO UNIT. ALIQ.     TOT.IMPOSTO
------------------------------------------------------------------------------------------------------------------------------------
                                                                                        Total do Item ..........:               0,00
0075723         5   06/05/11 82.51.225-0         2.749,3250   Mt
                                                            82.51.225-0         2.749,3250 Mt       0,00  0,00                  0,00
                                                                                        Total do Item ..........:               0,00
0075723         5   06/05/11 82.51.225-0         2.852,8290   Mt
                                                            82.51.225-0         2.852,8290 Mt       0,00  0,00                  0,00
                                                                                        Total do Item ..........:               0,00
0075723         5   06/05/11 82.51.231-4           705,7700   Mt
                                                            82.51.231-4           705,7700 Mt       0,00  0,00                  0,00
                                                                                        Total do Item ..........:               0,00
0075723         5   06/05/11 82.51.232-2           613,2100   Mt
                                                            82.51.232-2           613,2100 Mt       0,00  0,00                  0,00
                                                                                        Total do Item ..........:               0,00
0075723         5   06/05/11 82.51.287-0           616,2000   Mt
                                                            82.51.287-0           616,2000 Mt       0,00  0,00                  0,00
                                                                                        Total do Item ..........:               0,00
0075723         5   06/05/11 82.51.303-5           305,7600   Mt
                                                            82.51.303-5           305,7600 Mt       0,00  0,00                  0,00
                                                                                        Total do Item ..........:               0,00
0075723         5   06/05/11 82.51.307-8           368,2200   Mt
                                                            82.51.307-8           368,2200 Mt       0,00  0,00                  0,00
                                                                                        Total do Item ..........:               0,00
                                                                                        Total da Nota ..........:               0,00
0075724         5   06/05/11 82.51.230-6           497,3280   Mt
                                                            82.51.230-6           497,3280 Mt       0,00  0,00                  0,00
                                                                                        Total do Item ..........:               0,00
0075724         5   06/05/11 82.52.013-9         1.144,6000   Mt
                                                            82.52.013-9         1.144,6000 Mt       0,00  0,00                  0,00
                                                                                        Total do Item ..........:               0,00
                                                                                        Total da Nota ..........:               0,00
0075796         5   06/05/11 82.51.020-6           338,1400   Mt
                                                            82.51.020-6           338,1400 Mt       0,00  0,00                  0,00
                                                                                        Total do Item ..........:               0,00
0075796         5   06/05/11 82.51.049-4           581,3900   Mt
                                                            82.51.049-4           581,3900 Mt       0,00  0,00                  0,00
                                                                                        Total do Item ..........:               0,00
0075796         5   06/05/11 82.51.167-9         1.174,0000   Mt
                                                            82.51.167-9         1.174,0000 Mt       0,00  0,00                  0,00
                                                                                        Total do Item ..........:               0,00
                                                                                        Total da Nota ..........:               0,00
0075797         5   06/05/11 82.51.020-6           344,5200   Mt
                                                            82.51.020-6           344,5200 Mt       0,00  0,00                  0,00
                                                                                        Total do Item ..........:               0,00
                                                                                        Total da Nota ..........:               0,00
0075798         5   06/05/11 82.51.066-4           138,4600   Mt
                                                            82.51.066-4           138,4600 Mt       0,00  0,00                  0,00
                                                                                        Total do Item ..........:               0,00
0075798         5   06/05/11 82.51.102-4           270,9000   Mt
                                                            82.51.102-4           270,9000 Mt       0,00  0,00                  0,00
-----------------------------------------------------------------------------DATASUL - OBRIGAÇÕES FISCAIS - OF0606RP - V:0.00.00.000
I--------------   C O N T R I B U I N T E    ----------------I DEMONSTRATIVO DE ESTORNO DE CREDITO DE IPI      PAG:               4
I EMPRESA  :  1                                              I
I ENDERECO :  Av. Santos Dumont, 831/100
                                                             I  (SAIDAS NAO TRIBUTADAS - SEM MANUTENCAO DE CREDITO)
I MUNICIPIO:  Joinville                 UF:                  I
I C.N.P.J  :  53.113.791/0017-90  I.EST: 255721161           I
I------------------------------------------------------------I        PERÍODO:   01/05/2011 A 31/05/2011

*--------- DADOS  RELATIVOS  A  SAIDA  ISENTA -------------------* *- DADOS RELATIVOS AO ESTORNO DE MATERIA PRIMA / COMPONENTES -*

NATUREZA OPERACAO : 5.901    - REMESSA P/ INDUST.

NR. NF          SER DATA     CODIGO DO ITEM      QUANTIDADE   UN COMPONENTE          QUANTIDADE UN PRECO UNIT. ALIQ.     TOT.IMPOSTO
------------------------------------------------------------------------------------------------------------------------------------
                                                                                        Total do Item ..........:               0,00
                                                                                        Total da Nota ..........:               0,00
0075800         5   06/05/11 85.32.202-8        60.000,0000   KG
                                                            85.32.202-8        60.000,0000 KG       0,03 15,00                234,00
                                                                                        Total do Item ..........:             234,00
                                                                                        Total da Nota ..........:             234,00
0075811         5   06/05/11 82.51.003-6           829,4400   Mt
                                                            82.51.003-6           829,4400 Mt       0,00  0,00                  0,00
                                                                                        Total do Item ..........:               0,00
0075811         5   06/05/11 82.51.004-4           705,6700   Mt
                                                            82.51.004-4           705,6700 Mt       0,00  0,00                  0,00
                                                                                        Total do Item ..........:               0,00
0075811         5   06/05/11 82.51.019-2           288,9000   Mt
                                                            82.51.019-2           288,9000 Mt       0,00  0,00                  0,00
                                                                                        Total do Item ..........:               0,00
0075811         5   06/05/11 82.51.030-3           790,1250   Mt
                                                            82.51.030-3           790,1250 Mt       0,00  0,00                  0,00
                                                                                        Total do Item ..........:               0,00
0075811         5   06/05/11 82.51.037-0           282,6700   Mt
                                                            82.51.037-0           282,6700 Mt       0,00  0,00                  0,00
                                                                                        Total do Item ..........:               0,00
0075811         5   06/05/11 82.51.045-1           721,9200   Mt
                                                            82.51.045-1           721,9200 Mt       0,00  0,00                  0,00
                                                                                        Total do Item ..........:               0,00
0075811         5   06/05/11 82.51.054-0           725,7600   Mt
                                                            82.51.054-0           725,7600 Mt       0,00  0,00                  0,00
                                                                                        Total do Item ..........:               0,00
0075811         5   06/05/11 82.51.058-3         1.971,0000   Mt
                                                            82.51.058-3         1.971,0000 Mt       0,00  0,00                  0,00
                                                                                        Total do Item ..........:               0,00
0075811         5   06/05/11 82.51.059-1         2.208,9600   Mt
                                                            82.51.059-1         2.208,9600 Mt       0,00  0,00                  0,00
                                                                                        Total do Item ..........:               0,00
0075811         5   06/05/11 82.51.065-6         1.195,0400   Mt
                                                            82.51.065-6         1.195,0400 Mt       0,00  0,00                  0,00
                                                                                        Total do Item ..........:               0,00
0075811         5   06/05/11 82.51.068-0           393,6000   Mt
                                                            82.51.068-0           393,6000 Mt       0,00  0,00                  0,00
                                                                                        Total do Item ..........:               0,00
0075811         5   06/05/11 82.51.073-7           459,3600   Mt
                                                            82.51.073-7           459,3600 Mt       0,00  0,00                  0,00
                                                                                        Total do Item ..........:               0,00
0075811         5   06/05/11 82.51.128-8           901,3200   Mt
                                                            82.51.128-8           901,3200 Mt       0,00  0,00                  0,00
                                                                                        Total do Item ..........:               0,00
0075811         5   06/05/11 82.51.130-0         1.857,6550   Mt
                                                            82.51.130-0         1.857,6550 Mt       0,00  0,00                  0,00
                                                                                        Total do Item ..........:               0,00
0075811         5   06/05/11 82.51.132-6         1.068,3000   Mt
-----------------------------------------------------------------------------DATASUL - OBRIGAÇÕES FISCAIS - OF0606RP - V:0.00.00.000
I--------------   C O N T R I B U I N T E    ----------------I DEMONSTRATIVO DE ESTORNO DE CREDITO DE IPI      PAG:               5
I EMPRESA  :  1                                              I
I ENDERECO :  Av. Santos Dumont, 831/100
                                                             I  (SAIDAS NAO TRIBUTADAS - SEM MANUTENCAO DE CREDITO)
I MUNICIPIO:  Joinville                 UF:                  I
I C.N.P.J  :  53.113.791/0017-90  I.EST: 255721161           I
I------------------------------------------------------------I        PERÍODO:   01/05/2011 A 31/05/2011

*--------- DADOS  RELATIVOS  A  SAIDA  ISENTA -------------------* *- DADOS RELATIVOS AO ESTORNO DE MATERIA PRIMA / COMPONENTES -*

NATUREZA OPERACAO : 5.901    - REMESSA P/ INDUST.

NR. NF          SER DATA     CODIGO DO ITEM      QUANTIDADE   UN COMPONENTE          QUANTIDADE UN PRECO UNIT. ALIQ.     TOT.IMPOSTO
------------------------------------------------------------------------------------------------------------------------------------
                                                            82.51.132-6         1.068,3000 Mt       0,00  0,00                  0,00
                                                                                        Total do Item ..........:               0,00
0075811         5   06/05/11 82.51.133-4           457,9000   Mt
                                                            82.51.133-4           457,9000 Mt       0,00  0,00                  0,00
                                                                                        Total do Item ..........:               0,00
0075811         5   06/05/11 82.51.134-2           755,1600   Mt
                                                            82.51.134-2           755,1600 Mt       0,00  0,00                  0,00
                                                                                        Total do Item ..........:               0,00
0075811         5   06/05/11 82.51.135-0           548,7300   Mt
                                                            82.51.135-0           548,7300 Mt       0,00  0,00                  0,00
                                                                                        Total do Item ..........:               0,00
0075811         5   06/05/11 82.51.148-2         2.393,1600   Mt
                                                            82.51.148-2         2.393,1600 Mt       0,00  0,00                  0,00
                                                                                        Total do Item ..........:               0,00
0075811         5   06/05/11 82.51.154-7         1.571,5550   Mt
                                                            82.51.154-7         1.571,5550 Mt       0,00  0,00                  0,00
                                                                                        Total do Item ..........:               0,00
0075811         5   06/05/11 82.51.155-5         2.631,4200   Mt
                                                            82.51.155-5         2.631,4200 Mt       0,00  0,00                  0,00
                                                                                        Total do Item ..........:               0,00
0075811         5   06/05/11 82.51.317-5         2.536,2800   Mt
                                                            82.51.317-5         2.536,2800 Mt       0,00  0,00                  0,00
                                                                                        Total do Item ..........:               0,00
                                                                                        Total da Nota ..........:               0,00
                                                                                        Total da Natureza ......:             396,93
























-----------------------------------------------------------------------------DATASUL - OBRIGAÇÕES FISCAIS - OF0606RP - V:0.00.00.000
I--------------   C O N T R I B U I N T E    ----------------I DEMONSTRATIVO DE ESTORNO DE CREDITO DE IPI      PAG:               6
I EMPRESA  :  1                                              I
I ENDERECO :  Av. Santos Dumont, 831/100
                                                             I  (SAIDAS NAO TRIBUTADAS - SEM MANUTENCAO DE CREDITO)
I MUNICIPIO:  Joinville                 UF:                  I
I C.N.P.J  :  53.113.791/0017-90  I.EST: 255721161           I
I------------------------------------------------------------I        PERÍODO:   01/05/2011 A 31/05/2011

*--------- DADOS  RELATIVOS  A  SAIDA  ISENTA -------------------* *- DADOS RELATIVOS AO ESTORNO DE MATERIA PRIMA / COMPONENTES -*

NATUREZA OPERACAO : 6.102    - VENDA DE MERCADORIAS

NR. NF          SER DATA     CODIGO DO ITEM      QUANTIDADE   UN COMPONENTE          QUANTIDADE UN PRECO UNIT. ALIQ.     TOT.IMPOSTO
------------------------------------------------------------------------------------------------------------------------------------
0075333         5   04/05/11 81.30.102-6             1,0000   PC
                                                            81.30.102-6             1,0000 PC                                   0,00
                                                                                        Total do Item ..........:               0,00
0075333         5   04/05/11 81.61.006-1             2,0000   PC
                                                            81.61.006-1             2,0000 PC                                   0,00
                                                                                        Total do Item ..........:               0,00
                                                                                        Total da Nota ..........:               0,00
                                                                                        Total da Natureza ......:               0,00









































-----------------------------------------------------------------------------DATASUL - OBRIGAÇÕES FISCAIS - OF0606RP - V:0.00.00.000
I--------------   C O N T R I B U I N T E    ----------------I DEMONSTRATIVO DE ESTORNO DE CREDITO DE IPI      PAG:               7
I EMPRESA  :  1                                              I
I ENDERECO :  Av. Santos Dumont, 831/100
                                                             I  (SAIDAS NAO TRIBUTADAS - SEM MANUTENCAO DE CREDITO)
I MUNICIPIO:  Joinville                 UF:                  I
I C.N.P.J  :  53.113.791/0017-90  I.EST: 255721161           I
I------------------------------------------------------------I        PERÍODO:   01/05/2011 A 31/05/2011

*--------- DADOS  RELATIVOS  A  SAIDA  ISENTA -------------------* *- DADOS RELATIVOS AO ESTORNO DE MATERIA PRIMA / COMPONENTES -*

NATUREZA OPERACAO : 6.551    - VENDA DE ATIVO IMOBILIZADO

NR. NF          SER DATA     CODIGO DO ITEM      QUANTIDADE   UN COMPONENTE          QUANTIDADE UN PRECO UNIT. ALIQ.     TOT.IMPOSTO
------------------------------------------------------------------------------------------------------------------------------------
0001502         1   20/05/11 40t                     1,0000   PC
                                                            40T                     1,0000 PC                                   0,00
                                                                                        Total do Item ..........:               0,00
                                                                                        Total da Nota ..........:               0,00
                                                                                        Total da Natureza ......:               0,00












































-----------------------------------------------------------------------------DATASUL - OBRIGAÇÕES FISCAIS - OF0606RP - V:0.00.00.000
I--------------   C O N T R I B U I N T E    ----------------I DEMONSTRATIVO DE ESTORNO DE CREDITO DE IPI      PAG:               8
I EMPRESA  :  1                                              I
I ENDERECO :  Av. Santos Dumont, 831/100
                                                             I  (SAIDAS NAO TRIBUTADAS - SEM MANUTENCAO DE CREDITO)
I MUNICIPIO:  Joinville                 UF:                  I
I C.N.P.J  :  53.113.791/0017-90  I.EST: 255721161           I
I------------------------------------------------------------I        PERÍODO:   01/05/2011 A 31/05/2011

*--------- DADOS  RELATIVOS  A  SAIDA  ISENTA -------------------* *- DADOS RELATIVOS AO ESTORNO DE MATERIA PRIMA / COMPONENTES -*

NATUREZA OPERACAO : 7.101    - VENDA DE PRODUTOS

NR. NF          SER DATA     CODIGO DO ITEM      QUANTIDADE   UN COMPONENTE          QUANTIDADE UN PRECO UNIT. ALIQ.     TOT.IMPOSTO
------------------------------------------------------------------------------------------------------------------------------------
5052011         5   01/05/11 40c                     1,0000   PC
                                                            40C                     1,0000 PC                                   0,00
                                                                                        Total do Item ..........:               0,00
                                                                                        Total da Nota ..........:               0,00
6052011         5   01/05/11 13f                     1,0000   PC
                                                            13F                     1,0000 PC                                   0,00
                                                                                        Total do Item ..........:               0,00
                                                                                        Total da Nota ..........:               0,00
                                                                                        Total da Natureza ......:               0,00
                                                                                        Total Ge             396,93







































-----------------------------------------------------------------------------DATASUL - OBRIGAÇÕES FISCAIS - OF0606RP - V:0.00.00.000
