------------------------------------------------------------------------------------------------------------------------------------
                                                 Relatório Auxiliar EFD ICMS/IPI                                        Página:    1
-------------------------------------------------------------------------------------------------------------- TODAY - 00:00:00

------------------------------------------------------------------------------------------------------------------------------------
  Estabelecimento: Estabelecimento TOTVS - Ñ ALTERAR CONTAS                                             CNPJ: 53113791001790    
------------------------------------------------------------------------------------------------------------------------------------


  Período: 09/2011


  VERIFICAÇÕES        
------------------------------------------------------------------------------------------------------------------------------------


   REL-1 Produtos ACA em Ordens de Produção com Tipo de Item diferente de 03 - Produto em Processo e 04 - Produto Acabado          

    ORDEM PROD TIPO ORDEM         COD PROD ACA      TIPO ITEM                       UN NEG    RELAT
   ----------- ------------------ ----------------  ------------------------------- ------    -----
           594 Interna            CONF              XX - Não informado              01        REL-1
           595 Interna            REF               01 - Matéria-prima              01        REL-1


------------------------------------------------------------------------------------------------------------------------------------


   REL-2 Insumos/Componentes com Saldo Negativo no período                         


   Nenhum dado foi encontrado para esta informação.            


------------------------------------------------------------------------------------------------------------------------------------


   REL-3 Insumos/Componentes consumidos fora da Estrutura                          

    ORDEM PROD COD PROD ACA     COD INSUMO       UN NEG TIPO ITEM                       RELAT
   ----------- ---------------- ---------------- ------ ------------------------------- -----
           593 ABJC-100         81.03.002-2      01     01 - Matéria-prima              REL-3
           596 BT-001-01        85.11.001-2      01     01 - Matéria-prima              REL-3


------------------------------------------------------------------------------------------------------------------------------------


   REL-4 Ordens de Produção SEM requisição em qualquer período e COM produto ACA no período selecionado

    ORDEM PROD COD PROD ACA     UN NEG TIPO ITEM                       RELAT
   ----------- ---------------- ------ ------------------------------- -----
           564 Semi-2-B-Filho   01     03 - Produto em Processo        REL-4
           568 Semi-2-B         01     03 - Produto em Processo        REL-4
           583 Semi-2-A         01     03 - Produto em Processo        REL-4


------------------------------------------------------------------------------------------------------------------------------------


   REL-5 Ordens de produção terminada COM requisição no período selecionado e SEM produto ACA          



-----------------------------------------------------------------------------------------------DATASUL -  - LF0227RP - V:0.00.00.000
------------------------------------------------------------------------------------------------------------------------------------
                                                 Relatório Auxiliar EFD ICMS/IPI                                        Página:    2
-------------------------------------------------------------------------------------------------------------- TODAY - 00:00:00


    ORDEM PROD TIPO ORDEM         COD PROD ACA     COD INSUMO       TIPO ITEM                       U NEG ORD ESTADO      RELAT
   ----------- ------------------ ---------------- ---------------- ------------------------------- ----- --------------- -----
           594 Interna            CONF             10.01.074-8      XX - Não informado              01    Finalizada      REL-5
           594 Interna            CONF             80.03.019-3      XX - Não informado              01    Finalizada      REL-5
           594 Interna            CONF             80.03.102-5      XX - Não informado              01    Finalizada      REL-5


------------------------------------------------------------------------------------------------------------------------------------


   REL-6 Componentes requisitados no período sem tipo informado                                        

      ORD PROD COD ACA          COD INSUMO       TIPO ITEM                       UN NEG RELAT
   ----------- ---------------- ---------------- ------------------------------- ------ -----
           563 Semi-2-B-Filho   Semi-2B - A      XX - Não informado              01     REL-6
           565 Semi-2-B-Filho   Semi-2B - A      XX - Não informado              01     REL-6
           585 Semi-2-B-Filho   Semi-2B - A      XX - Não informado              01     REL-6
           586 Semi-2-B-Filho   Semi-2B - A      XX - Não informado              01     REL-6
           587 Semi-2-B-Filho   Semi-2B - A      XX - Não informado              01     REL-6
           591 item-pai-list-10 item-filh-list-1 XX - Não informado              01     REL-6
           591 item-pai-list-10 item-filh-list-2 XX - Não informado              01     REL-6
           592 item-pai-list-10 item-lista-2.1   XX - Não informado              01     REL-6
           592 item-pai-list-10 item-lista-2.2   XX - Não informado              01     REL-6


------------------------------------------------------------------------------------------------------------------------------------


   REL-7 Itens movimentados que não geram Bloco K                                                      


   Nenhum dado foi encontrado para esta informação.            


------------------------------------------------------------------------------------------------------------------------------------


   REL-8 Item Movimentado na ordem com tipo de controle não considerado no estabelecimento             


   Nenhum dado foi encontrado para esta informação.            


------------------------------------------------------------------------------------------------------------------------------------


   REL-9 Insumos com quantidade arredondada para 0                                 


   Nenhum dado foi encontrado para esta informação.            








-----------------------------------------------------------------------------------------------DATASUL -  - LF0227RP - V:0.00.00.000
------------------------------------------------------------------------------------------------------------------------------------
                                                 Relatório Auxiliar EFD ICMS/IPI                                        Página:    3
-------------------------------------------------------------------------------------------------------------- TODAY - 00:00:00


PARÂMETROS


     Seleção:

                 Período: 01/09/11 |<>| 30/09/11
     Parâmetros:

         Estabelecimento: 1
     Impressão:

                 Destino: Arquivo














































-----------------------------------------------------------------------------------------------DATASUL -  - LF0227RP - V:0.00.00.000
