------------------------------------------------------------------------------------------------------------------------------------
                                                 Relatório Auxiliar EFD ICMS/IPI                                        Página:    1
-------------------------------------------------------------------------------------------------------------- TODAY - 00:00:00

------------------------------------------------------------------------------------------------------------------------------------
  Estabelecimento: Estabelecimento TOTVS - Ñ ALTERAR CONTAS                                             CNPJ: 53113791001790    
------------------------------------------------------------------------------------------------------------------------------------


  Período: 10/2011


  VERIFICAÇÕES        
------------------------------------------------------------------------------------------------------------------------------------


   REL-1 Produtos ACA em Ordens de Produção com Tipo de Item diferente de 03 - Produto em Processo e 04 - Produto Acabado          


   Nenhum dado foi encontrado para esta informação.            


------------------------------------------------------------------------------------------------------------------------------------


   REL-2 Insumos/Componentes com Saldo Negativo no período                         

    ORDEM PROD COD PROD ACA     COD INSUMO              TOTAL REQ        TOTAL DEV            SALDO UN N  TIPO ITEM          RELAT
   ----------- ---------------- ---------------- ---------------- ---------------- ---------------- ----  ------------------ -----
           565 Semi-2-B-Filho   Semi-2C -C                 0,0000        2000,0000       -2000,0000 01    01 - Matéria-prima REL-2


------------------------------------------------------------------------------------------------------------------------------------


   REL-3 Insumos/Componentes consumidos fora da Estrutura                          


   Nenhum dado foi encontrado para esta informação.            


------------------------------------------------------------------------------------------------------------------------------------


   REL-4 Ordens de Produção SEM requisição em qualquer período e COM produto ACA no período selecionado


   Nenhum dado foi encontrado para esta informação.            


------------------------------------------------------------------------------------------------------------------------------------


   REL-5 Ordens de produção terminada COM requisição no período selecionado e SEM produto ACA          


   Nenhum dado foi encontrado para esta informação.            


------------------------------------------------------------------------------------------------------------------------------------


   REL-6 Componentes requisitados no período sem tipo informado                                        
-----------------------------------------------------------------------------------------------DATASUL -  - LF0227RP - V:0.00.00.000
------------------------------------------------------------------------------------------------------------------------------------
                                                 Relatório Auxiliar EFD ICMS/IPI                                        Página:    2
-------------------------------------------------------------------------------------------------------------- TODAY - 00:00:00


      ORD PROD COD ACA          COD INSUMO       TIPO ITEM                       UN NEG RELAT
   ----------- ---------------- ---------------- ------------------------------- ------ -----
           565 Semi-2-B-Filho   Semi-2B - A      XX - Não informado              01     REL-6


------------------------------------------------------------------------------------------------------------------------------------


   REL-7 Itens movimentados que não geram Bloco K                                                      


   Nenhum dado foi encontrado para esta informação.            


------------------------------------------------------------------------------------------------------------------------------------


   REL-8 Item Movimentado na ordem com tipo de controle não considerado no estabelecimento             


   Nenhum dado foi encontrado para esta informação.            


------------------------------------------------------------------------------------------------------------------------------------


   REL-9 Insumos com quantidade arredondada para 0                                 

    ORDEM PROD COD PROD ACA     COD INSUMO              TOTAL REQ        TOTAL DEV            SALDO UN N  TIPO ITEM          RELAT
   ----------- ---------------- ---------------- ---------------- ---------------- ---------------- ----  ------------------ -----
           565 Semi-2-B-Filho   Semi-2C -C                 0,0000        2000,0000       -2000,0000 01    01 - Matéria-prima REL-9



























-----------------------------------------------------------------------------------------------DATASUL -  - LF0227RP - V:0.00.00.000
------------------------------------------------------------------------------------------------------------------------------------
                                                 Relatório Auxiliar EFD ICMS/IPI                                        Página:    3
-------------------------------------------------------------------------------------------------------------- TODAY - 00:00:00


PARÂMETROS


     Seleção:

                 Período: 01/10/11 |<>| 31/10/11
     Parâmetros:

         Estabelecimento: 1
     Impressão:

                 Destino: Arquivo














































-----------------------------------------------------------------------------------------------DATASUL -  - LF0227RP - V:0.00.00.000
