------------------------------------------------------------------------------------------------------------------------------------
                                                 Geração Informações Adicionais da Apuração                             Página:    1
-------------------------------------------------------------------------------------------------------------- TODAY - 00:00:00


  Cod Inf Adic CFOP     Val Inform Adic
  ------------ ---- -------------------
  RS051001     6101            1.788,72
  RS051001     6109           16.500,00
  RS051001     6201              140,00
  RS051001     7101            1.805,80
  RS052001     6109            2.700,19
  RS052001     6118       46.665.312,00
  RS052001     6403            3.028,60




--------------------------------------------------------------------------------------------------------------------------------



  Cod Inf Adic CFOP     Val Inform Adic
  ------------ ---- -------------------
  RS051001     6101            1.788,72

    Dat Docto  Série Num Docto         Emitente  Nat Oper CFOP Cod Inf Adic      Val Inform Adic
    ---------- ----- ---------------- ---------  -------- ---- ------------  -------------------
    09/08/2011 11    0290850                 13  6111     6101 RS051001                 1.788,72




--------------------------------------------------------------------------------------------------------------------------------



  Cod Inf Adic CFOP     Val Inform Adic
  ------------ ---- -------------------
  RS051001     6109           16.500,00

    Dat Docto  Série Num Docto         Emitente  Nat Oper CFOP Cod Inf Adic      Val Inform Adic
    ---------- ----- ---------------- ---------  -------- ---- ------------  -------------------
    02/08/2011 5     0076188           90000033  612-de   6109 RS051001                16.500,00




--------------------------------------------------------------------------------------------------------------------------------



  Cod Inf Adic CFOP     Val Inform Adic
  ------------ ---- -------------------
  RS051001     6201              140,00

    Dat Docto  Série Num Docto         Emitente  Nat Oper CFOP Cod Inf Adic      Val Inform Adic
    ---------- ----- ---------------- ---------  -------- ---- ------------  -------------------
    09/08/2011 11    0290849                 13  69DEVL   6201 RS051001                   140,00




----------------------------------------------------------------------------DATASUL - OBRIGACOES FISCAIS - OF0313RRP - V:0.00.00.000
------------------------------------------------------------------------------------------------------------------------------------
                                                 Geração Informações Adicionais da Apuração                             Página:    2
-------------------------------------------------------------------------------------------------------------- TODAY - 00:00:00

--------------------------------------------------------------------------------------------------------------------------------



  Cod Inf Adic CFOP     Val Inform Adic
  ------------ ---- -------------------
  RS051001     7101            1.805,80

    Dat Docto  Série Num Docto         Emitente  Nat Oper CFOP Cod Inf Adic      Val Inform Adic
    ---------- ----- ---------------- ---------  -------- ---- ------------  -------------------
    01/08/2011 5     0076171                 14  7111     7101 RS051001                 1.000,00
    12/08/2011 5     0076332                 14  7111     7101 RS051001                   236,75
    12/08/2011 5     0076343                 14  7111     7101 RS051001                   331,45
    19/08/2011 5     0076515                 14  7111     7101 RS051001                   237,60




--------------------------------------------------------------------------------------------------------------------------------



  Cod Inf Adic CFOP     Val Inform Adic
  ------------ ---- -------------------
  RS052001     6109            2.700,19

    Dat Docto  Série Num Docto         Emitente  Nat Oper CFOP Cod Inf Adic      Val Inform Adic
    ---------- ----- ---------------- ---------  -------- ---- ------------  -------------------
    09/08/2011 11    0290855                 13  611-IE   6109 RS052001                 1.030,00
    31/08/2011 11    0290857                 13  611-IE   6109 RS052001                 1.670,19




--------------------------------------------------------------------------------------------------------------------------------



  Cod Inf Adic CFOP     Val Inform Adic
  ------------ ---- -------------------
  RS052001     6118       46.665.312,00

    Dat Docto  Série Num Docto         Emitente  Nat Oper CFOP Cod Inf Adic      Val Inform Adic
    ---------- ----- ---------------- ---------  -------- ---- ------------  -------------------
    10/08/2011 5     0076271                 70  699efr   6118 RS052001                30.797,74
    12/08/2011 5     0076337                 13  699EFR   6118 RS052001                 1.090,80
    12/08/2011 5     0076339                 13  699efr   6118 RS052001                 2.181,60
    19/08/2011 5     0076502                 70  699efr   6118 RS052001             2.912.399,00
    19/08/2011 5     0076503                 70  699efr   6118 RS052001             2.912.399,00
    19/08/2011 5     0076504                 70  699efr   6118 RS052001             2.912.399,00
    19/08/2011 5     0076509                 70  699efr   6118 RS052001             2.912.399,00
    19/08/2011 5     0076510                 70  699efr   6118 RS052001             2.912.399,00
    19/08/2011 5     0076511                 70  699efr   6118 RS052001             2.912.399,00
    19/08/2011 5     0076516                 70  699efr   6118 RS052001             5.824.798,00
    19/08/2011 5     0076517                 70  699efr   6118 RS052001             4.368.598,50
    19/08/2011 5     0076518                 70  699efr   6118 RS052001             4.368.598,50
    19/08/2011 5     0076520                 70  699efr   6118 RS052001             5.824.798,00
    19/08/2011 5     0076521                 70  699efr   6118 RS052001             4.368.598,50
    19/08/2011 5     0076522                 70  699efr   6118 RS052001             4.368.598,50
----------------------------------------------------------------------------DATASUL - OBRIGACOES FISCAIS - OF0313RRP - V:0.00.00.000
------------------------------------------------------------------------------------------------------------------------------------
                                                 Geração Informações Adicionais da Apuração                             Página:    3
-------------------------------------------------------------------------------------------------------------- TODAY - 00:00:00


    Dat Docto  Série Num Docto         Emitente  Nat Oper CFOP Cod Inf Adic      Val Inform Adic
    ---------- ----- ---------------- ---------  -------- ---- ------------  -------------------
    01/08/2011 5     0076177                 70  699FAR   6118 RS052001                32.193,34
    10/08/2011 5     0076269                 81  699far   6118 RS052001                   664,52




--------------------------------------------------------------------------------------------------------------------------------



  Cod Inf Adic CFOP     Val Inform Adic
  ------------ ---- -------------------
  RS052001     6403            3.028,60

    Dat Docto  Série Num Docto         Emitente  Nat Oper CFOP Cod Inf Adic      Val Inform Adic
    ---------- ----- ---------------- ---------  -------- ---- ------------  -------------------
    15/08/2011 11    0290852                 13  699sta   6403 RS052001                 2.562,00
    15/08/2011 11    0290853                  1  699sta   6403 RS052001                   242,92
    15/08/2011 11    0290854                  1  699sta   6403 RS052001                   223,68





































----------------------------------------------------------------------------DATASUL - OBRIGACOES FISCAIS - OF0313RRP - V:0.00.00.000
------------------------------------------------------------------------------------------------------------------------------------
                                                 Geração Informações Adicionais da Apuração                             Página:    4
-------------------------------------------------------------------------------------------------------------- TODAY - 00:00:00



                                                               PARÂMETROS

                                 Estabelecimento: 1
                                         Período: 01/08/2011  |< >|  31/08/2011
                                                               IMPRESSÃO

                                         Destino: Arquivo - c:/automacao/relatorios/CN02_OF0313R_E115.lst
                                         Usuário: super

















































----------------------------------------------------------------------------DATASUL - OBRIGACOES FISCAIS - OF0313RRP - V:0.00.00.000
